******************************************************************************
                  MSP430 Linker PC v20.2.1                     
******************************************************************************
>> Linked Fri Jan 15 13:38:13 2021

OUTPUT FILE NAME:   <TRF7960A_06_2011.out>
ENTRY POINT SYMBOL: "_c_int00_noargs"  address: 0000acb6


MEMORY CONFIGURATION

         name            origin    length      used     unused   attr    fill
----------------------  --------  ---------  --------  --------  ----  --------
  SFR                   00000000   00000010  0000000f  00000001  RWIX
  PERIPHERALS_8BIT      00000010   000000f0  00000000  000000f0  RWIX
  PERIPHERALS_16BIT     00000100   00000100  00000000  00000100  RWIX
  RAM                   00000200   00000800  000001a0  00000660  RWIX
  INFOD                 00001000   00000040  00000000  00000040  RWIX
  INFOC                 00001040   00000040  00000000  00000040  RWIX
  INFOB                 00001080   00000040  00000000  00000040  RWIX
  INFOA                 000010c0   00000040  00000000  00000040  RWIX
  FLASH                 00008000   00007fde  00003148  00004e96  RWIX
  INT00                 0000ffe0   00000002  00000002  00000000  RWIX
  INT01                 0000ffe2   00000002  00000002  00000000  RWIX
  INT02                 0000ffe4   00000002  00000002  00000000  RWIX
  INT03                 0000ffe6   00000002  00000002  00000000  RWIX
  INT04                 0000ffe8   00000002  00000002  00000000  RWIX
  INT05                 0000ffea   00000002  00000002  00000000  RWIX
  INT06                 0000ffec   00000002  00000002  00000000  RWIX
  INT07                 0000ffee   00000002  00000002  00000000  RWIX
  INT08                 0000fff0   00000002  00000002  00000000  RWIX
  INT09                 0000fff2   00000002  00000002  00000000  RWIX
  INT10                 0000fff4   00000002  00000002  00000000  RWIX
  INT11                 0000fff6   00000002  00000002  00000000  RWIX
  INT12                 0000fff8   00000002  00000002  00000000  RWIX
  INT13                 0000fffa   00000002  00000002  00000000  RWIX
  INT14                 0000fffc   00000002  00000002  00000000  RWIX
  RESET                 0000fffe   00000002  00000002  00000000  RWIX


SECTION ALLOCATION MAP

 output                                  attributes/
section   page    origin      length       input sections
--------  ----  ----------  ----------   ----------------
.bss       0    00000200    0000013c     UNINITIALIZED
                  00000200    0000012c     (.common:buf)
                  0000032c    0000000e     (.common:complete_uid)
                  0000033a    00000002     (.common:command)

.stack     0    0000099c    00000064     UNINITIALIZED
                  0000099c    00000002     rts430_eabi.lib : boot.c.obj (.stack)
                  0000099e    00000062     --HOLE--

.text      0    00008000    00002efe     
                  00008000    00000596     iso14443a.obj (.text:Iso14443aLoop)
                  00008596    00000506     host.obj (.text:HostCommands)
                  00008a9c    0000032a     host.obj (.text:HostRequestCommand)
                  00008dc6    0000031c     iso15693.obj (.text:Iso15693Anticollision)
                  000090e2    000002c0     trf796x.obj (.text:Trf796xISR)
                  000093a2    000001c6     trf796x.obj (.text:Trf796xWriteIsoControl)
                  00009568    000001ae     iso14443b.obj (.text:iso14443bAnticollision)
                  00009716    00000198     iso14443a.obj (.text:Iso14443aAnticollision)
                  000098ae    0000018e     host.obj (.text:HostRequest14443A)
                  00009a3c    0000015e     type2.obj (.text:Type2ReadFourBlocks)
                  00009b9a    0000015a     type2.obj (.text:Type2ReadTwoBlocks)
                  00009cf4    0000014a     type2.obj (.text:Type2WriteTwoBlocks)
                  00009e3e    00000146     iso14443a.obj (.text:Iso14443aSelectCommand)
                  00009f84    00000146     type2.obj (.text:Type2WriteOneBlock)
                  0000a0ca    00000138     uart.obj (.text:UartGetLine)
                  0000a202    00000098     spi.obj (.text:SpiReadCont)
                  0000a29a    00000086     iso14443b.obj (.text:iso14443bSlotMarkerCommand)
                  0000a320    0000007c     rts430_eabi.lib : copy_decompress_lzss.c.obj (.text:decompress:lzss:__TI_decompress_lzss)
                  0000a39c    00000078     main.obj (.text:main)
                  0000a414    00000064     spi.obj (.text:SpiReadSingle)
                  0000a478    00000064     uart.obj (.text:UartRxHandler)
                  0000a4dc    0000005a     iso15693.obj (.text:TRF796xCheckRXWaitTime)
                  0000a536    0000004c     rts430_eabi.lib : lsr16.asm.obj (.text)
                  0000a582    0000004a     parallel.obj (.text:ParallelReadSingle)
                  0000a5cc    0000004a     spi.obj (.text:SpiWriteSingle)
                  0000a616    00000042     parallel.obj (.text:ParallelReadCont)
                  0000a658    00000042     trf796x.obj (.text:Trf796xPortB)
                  0000a69a    00000042     rts430_eabi.lib : autoinit.c.obj (.text:__TI_auto_init_nobinit_nopinit:__TI_auto_init_nobinit_nopinit)
                  0000a6dc    00000040     msp430f23x0.obj (.text:Msp430f23x0OscSel)
                  0000a71c    0000003e     msp430f23x0.obj (.text:Msp430f23x0TimerAHandler)
                  0000a75a    0000003e     spi.obj (.text:SpiWriteCont)
                  0000a798    0000003e     rts430_eabi.lib : lsl32.asm.obj (.text:l_lsl_const)
                  0000a7d6    0000003c     spi.obj (.text:SpiDirectCommand)
                  0000a812    00000038     type2.obj (.text:Type2Command)
                  0000a84a    00000034     parallel.obj (.text:ParallelWriteSingle)
                  0000a87e    00000032     uart.obj (.text:UartSetup)
                  0000a8b0    00000030     iso15693.obj (.text:Iso15693FindTag)
                  0000a8e0    00000030     spi.obj (.text:SpiRawWrite)
                  0000a910    0000002e     parallel.obj (.text:ParallelSetup)
                  0000a93e    0000002e     parallel.obj (.text:ParallelWriteCont)
                  0000a96c    0000002e     trf796x.obj (.text:Trf796xTurnRfOn)
                  0000a99a    0000002c     spi.obj (.text:SpiUsciExtClkSet)
                  0000a9c6    0000002c     spi.obj (.text:SpiUsciSet)
                  0000a9f2    0000002c     rts430_eabi.lib : asr16.asm.obj (.text)
                  0000aa1e    0000002c                     : div16s.asm.obj (.text)
                  0000aa4a    0000002c                     : lsl16.asm.obj (.text)
                  0000aa76    0000002a     iso14443b.obj (.text:Iso14443bFindTag)
                  0000aaa0    0000002a     trf796x.obj (.text:Trf796xResetIrqStatus)
                  0000aaca    00000028     uart.obj (.text:UartResponse)
                  0000aaf2    00000026     parallel.obj (.text:ParallelDirectMode)
                  0000ab18    00000026     spi.obj (.text:SpiDirectMode)
                  0000ab3e    00000026     trf796x.obj (.text:Trf796xDisableSlotCounter)
                  0000ab64    00000026     trf796x.obj (.text:Trf796xEnableSlotCounter)
                  0000ab8a    00000024     iso14443a.obj (.text:Iso14443aFindTag)
                  0000abae    00000024     parallel.obj (.text:ParallelDirectCommand)
                  0000abd2    00000024     trf796x.obj (.text:Trf796xTurnRfOff)
                  0000abf6    00000022     msp430f23x0.obj (.text:Msp430f23x0DelayMillisecond)
                  0000ac18    00000022     trf796x.obj (.text:Trf796xReadIrqStatus)
                  0000ac3a    00000022     uart.obj (.text:UartPutByte)
                  0000ac5c    00000020     parallel.obj (.text:ParallelRawWrite)
                  0000ac7c    0000001e     spi.obj (.text:SpiSetup)
                  0000ac9a    0000001c     uart.obj (.text:UartBaudSet)
                  0000acb6    0000001c     rts430_eabi.lib : boot.c.obj (.text:_c_int00_noargs)
                  0000acd2    0000001a     msp430f23x0.obj (.text:Msp430f23x0CounterSet)
                  0000acec    0000001a     parallel.obj (.text:ParallelStopCondition)
                  0000ad06    0000001a     trf796x.obj (.text:Trf796xInitialSettings)
                  0000ad20    00000016     parallel.obj (.text:ParallelStopContinuous)
                  0000ad36    00000016     trf796x.obj (.text:Trf796xDirectMode)
                  0000ad4c    00000016     uart.obj (.text:UartPutBksp)
                  0000ad62    00000016     rts430_eabi.lib : div16u.asm.obj (.text)
                  0000ad78    00000014                     : copy_zero_init.c.obj (.text:decompress:ZI:__TI_zero_init_nomemset:__TI_zero_init_nomemset)
                  0000ad8c    00000012     parallel.obj (.text:ParallelStartCondition)
                  0000ad9e    00000012     trf796x.obj (.text:Trf796xCommunicationSetup)
                  0000adb0    00000012     trf796x.obj (.text:Trf796xDirectCommand)
                  0000adc2    00000012     trf796x.obj (.text:Trf796xRawWrite)
                  0000add4    00000012     trf796x.obj (.text:Trf796xReadCont)
                  0000ade6    00000012     trf796x.obj (.text:Trf796xReadSingle)
                  0000adf8    00000012     trf796x.obj (.text:Trf796xWriteCont)
                  0000ae0a    00000012     trf796x.obj (.text:Trf796xWriteSingle)
                  0000ae1c    00000012     uart.obj (.text:UartPutCrlf)
                  0000ae2e    00000012     uart.obj (.text:UartSendCString)
                  0000ae40    00000012     rts430_eabi.lib : copy_decompress_none.c.obj (.text:decompress:none:__TI_decompress_none)
                  0000ae52    00000012                     : memcpy.c.obj (.text:memcpy)
                  0000ae64    00000010     trf796x.obj (.text:Trf796xReset)
                  0000ae74    00000010     trf796x.obj (.text:Trf796xRunDecoders)
                  0000ae84    00000010     trf796x.obj (.text:Trf796xStopDecoders)
                  0000ae94    00000010     trf796x.obj (.text:Trf796xTransmitNextSlot)
                  0000aea4    00000010     uart.obj (.text:UartNibble2Ascii)
                  0000aeb4    00000010     rts430_eabi.lib : epilog.asm.obj (.text)
                  0000aec4    0000000e     spi.obj (.text:SpiStartCondition)
                  0000aed2    0000000c     trf796x.obj (.text:Trf796xReConfig)
                  0000aede    0000000c     uart.obj (.text:UartPutChar)
                  0000aeea    00000008     rts430_eabi.lib : isr_trap.asm.obj (.text:_isr:__TI_ISR_TRAP)
                  0000aef2    00000006                     : exit.c.obj (.text:abort)
                  0000aef8    00000004                     : pre_init.c.obj (.text:_system_pre_init)
                  0000aefc    00000002                     : startup.c.obj (.text:_system_post_cinit)

.const     0    0000aefe    00000228     
                  0000aefe    000001da     host.obj (.const:.string)
                  0000b0d8    0000002c     type2.obj (.const:.string)
                  0000b104    00000010     trf796x.obj (.const:.string)
                  0000b114    00000010     uart.obj (.const:.string)
                  0000b124    00000002     host.obj (.const)

.cinit     0    0000b126    00000022     
                  0000b126    00000010     (.cinit..data.load) [load image, compression = lzss]
                  0000b136    00000006     (__TI_handler_table)
                  0000b13c    00000004     (.cinit..bss.load) [load image, compression = zero_init]
                  0000b140    00000008     (__TI_cinit_table)

.int00     0    0000ffe0    00000002     
                  0000ffe0    00000002     rts430_eabi.lib : int00.asm.obj (.int00)

.int01     0    0000ffe2    00000002     
                  0000ffe2    00000002     rts430_eabi.lib : int01.asm.obj (.int01)

.int02     0    0000ffe4    00000002     
                  0000ffe4    00000002     rts430_eabi.lib : int02.asm.obj (.int02)

.int03     0    0000ffe6    00000002     
                  0000ffe6    00000002     trf796x.obj (.int03)

.int04     0    0000ffe8    00000002     
                  0000ffe8    00000002     rts430_eabi.lib : int04.asm.obj (.int04)

.int05     0    0000ffea    00000002     
                  0000ffea    00000002     rts430_eabi.lib : int05.asm.obj (.int05)

.int06     0    0000ffec    00000002     
                  0000ffec    00000002     rts430_eabi.lib : int06.asm.obj (.int06)

.int07     0    0000ffee    00000002     
                  0000ffee    00000002     uart.obj (.int07)

.int08     0    0000fff0    00000002     
                  0000fff0    00000002     rts430_eabi.lib : int08.asm.obj (.int08)

.int09     0    0000fff2    00000002     
                  0000fff2    00000002     msp430f23x0.obj (.int09)

.int10     0    0000fff4    00000002     
                  0000fff4    00000002     rts430_eabi.lib : int10.asm.obj (.int10)

.int11     0    0000fff6    00000002     
                  0000fff6    00000002     rts430_eabi.lib : int11.asm.obj (.int11)

.int12     0    0000fff8    00000002     
                  0000fff8    00000002     rts430_eabi.lib : int12.asm.obj (.int12)

.int13     0    0000fffa    00000002     
                  0000fffa    00000002     rts430_eabi.lib : int13.asm.obj (.int13)

.int14     0    0000fffc    00000002     
                  0000fffc    00000002     rts430_eabi.lib : int14.asm.obj (.int14)

.reset     0    0000fffe    00000002     
                  0000fffe    00000002     rts430_eabi.lib : boot.c.obj (.reset)

.data      0    00000000    0000000f     UNINITIALIZED
                  00000000    00000007     main.obj (.data)
                  00000007    00000002     iso15693.obj (.data)
                  00000009    00000002     uart.obj (.data)
                  0000000b    00000001     host.obj (.data)
                  0000000c    00000001     iso14443a.obj (.data)
                  0000000d    00000001     spi.obj (.data)
                  0000000e    00000001     trf796x.obj (.data)

MODULE SUMMARY

       Module                       code    ro data   rw data
       ------                       ----    -------   -------
    .\
       host.obj                     2494    476       1      
       iso14443a.obj                2200    0         15     
       trf796x.obj                  1708    18        3      
       type2.obj                    1408    44        0      
       iso15693.obj                 934     0         2      
       uart.obj                     650     18        2      
       spi.obj                      666     0         1      
       iso14443b.obj                606     0         0      
       parallel.obj                 456     0         0      
       main.obj                     120     0         307    
       msp430f23x0.obj              186     2         0      
    +--+----------------------------+-------+---------+---------+
       Total:                       11428   558       331    
                                                             
    C:\ti\ccs1011\ccs\tools\compiler\ti-cgt-msp430_20.2.1.LTS\lib\rts430_eabi.lib
       copy_decompress_lzss.c.obj   124     0         0      
       lsr16.asm.obj                76      0         0      
       autoinit.c.obj               66      0         0      
       lsl32.asm.obj                62      0         0      
       asr16.asm.obj                44      0         0      
       div16s.asm.obj               44      0         0      
       lsl16.asm.obj                44      0         0      
       boot.c.obj                   28      2         0      
       div16u.asm.obj               22      0         0      
       copy_zero_init.c.obj         20      0         0      
       copy_decompress_none.c.obj   18      0         0      
       memcpy.c.obj                 18      0         0      
       epilog.asm.obj               16      0         0      
       isr_trap.asm.obj             8       0         0      
       exit.c.obj                   6       0         0      
       pre_init.c.obj               4       0         0      
       int00.asm.obj                0       2         0      
       int01.asm.obj                0       2         0      
       int02.asm.obj                0       2         0      
       int04.asm.obj                0       2         0      
       int05.asm.obj                0       2         0      
       int06.asm.obj                0       2         0      
       int08.asm.obj                0       2         0      
       int10.asm.obj                0       2         0      
       int11.asm.obj                0       2         0      
       int12.asm.obj                0       2         0      
       int13.asm.obj                0       2         0      
       int14.asm.obj                0       2         0      
       startup.c.obj                2       0         0      
    +--+----------------------------+-------+---------+---------+
       Total:                       602     26        0      
                                                             
       Stack:                       0       0         100    
       Linker Generated:            0       34        0      
    +--+----------------------------+-------+---------+---------+
       Grand Total:                 12030   618       431    


LINKER GENERATED COPY TABLES

__TI_cinit_table @ 0000b140 records: 2, size/record: 4, table size: 8
	.data: load addr=0000b126, load size=00000010 bytes, run addr=00000000, run size=0000000f bytes, compression=lzss
	.bss: load addr=0000b13c, load size=00000004 bytes, run addr=00000200, run size=0000013c bytes, compression=zero_init


LINKER GENERATED HANDLER TABLE

__TI_handler_table @ 0000b136 records: 3, size/record: 2, table size: 6
	index: 0, handler: __TI_zero_init
	index: 1, handler: __TI_decompress_lzss
	index: 2, handler: __TI_decompress_none


GLOBAL SYMBOLS: SORTED ALPHABETICALLY BY Name 

address   name                          
-------   ----                          
00000057  BCSCTL1                       
00000058  BCSCTL2                       
00000053  BCSCTL3                       
0000aef2  C$$EXIT                       
00000059  CACTL1                        
0000005a  CACTL2                        
000010fb  CALBC1_12MHZ                  
000010f9  CALBC1_16MHZ                  
000010ff  CALBC1_1MHZ                   
000010fd  CALBC1_8MHZ                   
000010fa  CALDCO_12MHZ                  
000010f8  CALDCO_16MHZ                  
000010fe  CALDCO_1MHZ                   
000010fc  CALDCO_8MHZ                   
0000005b  CAPD                          
00000056  DCOCTL                        
00000128  FCTL1                         
0000012a  FCTL2                         
0000012c  FCTL3                         
00008596  HostCommands                  
000098ae  HostRequest14443A             
00008a9c  HostRequestCommand            
00000000  IE1                           
00000001  IE2                           
00000002  IFG1                          
00000003  IFG2                          
00009716  Iso14443aAnticollision        
0000ab8a  Iso14443aFindTag              
00008000  Iso14443aLoop                 
00009e3e  Iso14443aSelectCommand        
0000aa76  Iso14443bFindTag              
00008dc6  Iso15693Anticollision         
0000a8b0  Iso15693FindTag               
00000134  MAC                           
00000136  MACS                          
00000130  MPY                           
00000132  MPYS                          
0000acd2  McuCounterSet                 
0000abf6  McuDelayMillisecond           
0000a6dc  McuOscSel                     
0000acd2  Msp430f23x0CounterSet         
0000abf6  Msp430f23x0DelayMillisecond   
0000a6dc  Msp430f23x0OscSel             
0000a71c  Msp430f23x0TimerAHandler      
00000138  OP2                           
00000022  P1DIR                         
00000025  P1IE                          
00000024  P1IES                         
00000023  P1IFG                         
00000020  P1IN                          
00000021  P1OUT                         
00000027  P1REN                         
00000026  P1SEL                         
0000002a  P2DIR                         
0000002d  P2IE                          
0000002c  P2IES                         
0000002b  P2IFG                         
00000028  P2IN                          
00000029  P2OUT                         
0000002f  P2REN                         
0000002e  P2SEL                         
0000001a  P3DIR                         
00000018  P3IN                          
00000019  P3OUT                         
00000010  P3REN                         
0000001b  P3SEL                         
0000001e  P4DIR                         
0000001c  P4IN                          
0000001d  P4OUT                         
00000011  P4REN                         
0000001f  P4SEL                         
0000abae  ParallelDirectCommand         
0000aaf2  ParallelDirectMode            
0000ac5c  ParallelRawWrite              
0000a616  ParallelReadCont              
0000a582  ParallelReadSingle            
0000a910  ParallelSetup                 
0000ad8c  ParallelStartCondition        
0000acec  ParallelStopCondition         
0000ad20  ParallelStopContinuous        
0000a93e  ParallelWriteCont             
0000a84a  ParallelWriteSingle           
0000013c  RESHI                         
0000013a  RESLO                         
0000013e  SUMEXT                        
0000a7d6  SpiDirectCommand              
0000ab18  SpiDirectMode                 
0000a8e0  SpiRawWrite                   
0000a202  SpiReadCont                   
0000a414  SpiReadSingle                 
0000ac7c  SpiSetup                      
0000aec4  SpiStartCondition             
0000a99a  SpiUsciExtClkSet              
0000a9c6  SpiUsciSet                    
0000a75a  SpiWriteCont                  
0000a5cc  SpiWriteSingle                
00000172  TACCR0                        
00000174  TACCR1                        
00000176  TACCR2                        
00000162  TACCTL0                       
00000164  TACCTL1                       
00000166  TACCTL2                       
00000160  TACTL                         
0000012e  TAIV                          
00000170  TAR                           
00000192  TBCCR0                        
00000194  TBCCR1                        
00000196  TBCCR2                        
00000182  TBCCTL0                       
00000184  TBCCTL1                       
00000186  TBCCTL2                       
00000180  TBCTL                         
0000011e  TBIV                          
00000190  TBR                           
0000a4dc  TRF796xCheckRXWaitTime        
0000ad9e  Trf796xCommunicationSetup     
0000adb0  Trf796xDirectCommand          
0000ad36  Trf796xDirectMode             
0000ab3e  Trf796xDisableSlotCounter     
0000ab64  Trf796xEnableSlotCounter      
000090e2  Trf796xISR                    
0000ad06  Trf796xInitialSettings        
0000a658  Trf796xPortB                  
0000adc2  Trf796xRawWrite               
0000aed2  Trf796xReConfig               
0000add4  Trf796xReadCont               
0000ac18  Trf796xReadIrqStatus          
0000ade6  Trf796xReadSingle             
0000ae64  Trf796xReset                  
0000aaa0  Trf796xResetIrqStatus         
0000ae74  Trf796xRunDecoders            
0000ae84  Trf796xStopDecoders           
0000ae94  Trf796xTransmitNextSlot       
0000abd2  Trf796xTurnRfOff              
0000a96c  Trf796xTurnRfOn               
0000adf8  Trf796xWriteCont              
000093a2  Trf796xWriteIsoControl        
0000ae0a  Trf796xWriteSingle            
0000a812  Type2Command                  
00009a3c  Type2ReadFourBlocks           
00009b9a  Type2ReadTwoBlocks            
00009f84  Type2WriteOneBlock            
00009cf4  Type2WriteTwoBlocks           
0000005d  UCA0ABCTL                     
00000062  UCA0BR0                       
00000063  UCA0BR1                       
00000060  UCA0CTL0                      
00000061  UCA0CTL1                      
0000005f  UCA0IRRCTL                    
0000005e  UCA0IRTCTL                    
00000064  UCA0MCTL                      
00000066  UCA0RXBUF                     
00000065  UCA0STAT                      
00000067  UCA0TXBUF                     
0000006a  UCB0BR0                       
0000006b  UCB0BR1                       
00000068  UCB0CTL0                      
00000069  UCB0CTL1                      
0000006c  UCB0I2CIE                     
00000118  UCB0I2COA                     
0000011a  UCB0I2CSA                     
0000006e  UCB0RXBUF                     
0000006d  UCB0STAT                      
0000006f  UCB0TXBUF                     
0000ac9a  UartBaudSet                   
0000a0ca  UartGetLine                   
0000aea4  UartNibble2Ascii              
0000ad4c  UartPutBksp                   
0000ac3a  UartPutByte                   
0000aede  UartPutChar                   
0000ae1c  UartPutCrlf                   
0000aaca  UartResponse                  
0000a478  UartRxHandler                 
0000ae2e  UartSendCString               
0000a87e  UartSetup                     
00000120  WDTCTL                        
00000a00  __STACK_END                   
00000064  __STACK_SIZE                  
0000b140  __TI_CINIT_Base               
0000b148  __TI_CINIT_Limit              
0000b136  __TI_Handler_Table_Base       
0000b13c  __TI_Handler_Table_Limit      
0000aeea  __TI_ISR_TRAP                 
0000a69a  __TI_auto_init_nobinit_nopinit
0000a320  __TI_decompress_lzss          
0000ae40  __TI_decompress_none          
0000ffe0  __TI_int00                    
0000ffe2  __TI_int01                    
0000ffe4  __TI_int02                    
0000ffe6  __TI_int03                    
0000ffe8  __TI_int04                    
0000ffea  __TI_int05                    
0000ffec  __TI_int06                    
0000ffee  __TI_int07                    
0000fff0  __TI_int08                    
0000fff2  __TI_int09                    
0000fff4  __TI_int10                    
0000fff6  __TI_int11                    
0000fff8  __TI_int12                    
0000fffa  __TI_int13                    
0000fffc  __TI_int14                    
ffffffff  __TI_pprof_out_hndl           
ffffffff  __TI_prof_data_size           
ffffffff  __TI_prof_data_start          
0000ad78  __TI_zero_init_nomemset       
ffffffff  __c_args__                    
0000aa1e  __mspabi_divi                 
0000ad62  __mspabi_divu                 
0000aec0  __mspabi_func_epilog_1        
0000aebe  __mspabi_func_epilog_2        
0000aebc  __mspabi_func_epilog_3        
0000aeba  __mspabi_func_epilog_4        
0000aeb8  __mspabi_func_epilog_5        
0000aeb6  __mspabi_func_epilog_6        
0000aeb4  __mspabi_func_epilog_7        
0000aa1e  __mspabi_remi                 
0000ad62  __mspabi_remu                 
0000aa4a  __mspabi_slli                 
0000aa72  __mspabi_slli_1               
0000aa60  __mspabi_slli_10              
0000aa5e  __mspabi_slli_11              
0000aa5c  __mspabi_slli_12              
0000aa5a  __mspabi_slli_13              
0000aa58  __mspabi_slli_14              
0000aa56  __mspabi_slli_15              
0000aa70  __mspabi_slli_2               
0000aa6e  __mspabi_slli_3               
0000aa6c  __mspabi_slli_4               
0000aa6a  __mspabi_slli_5               
0000aa68  __mspabi_slli_6               
0000aa66  __mspabi_slli_7               
0000aa64  __mspabi_slli_8               
0000aa62  __mspabi_slli_9               
0000a7d0  __mspabi_slll_1               
0000a7ac  __mspabi_slll_10              
0000a7a8  __mspabi_slll_11              
0000a7a4  __mspabi_slll_12              
0000a7a0  __mspabi_slll_13              
0000a79c  __mspabi_slll_14              
0000a798  __mspabi_slll_15              
0000a7cc  __mspabi_slll_2               
0000a7c8  __mspabi_slll_3               
0000a7c4  __mspabi_slll_4               
0000a7c0  __mspabi_slll_5               
0000a7bc  __mspabi_slll_6               
0000a7b8  __mspabi_slll_7               
0000a7b4  __mspabi_slll_8               
0000a7b0  __mspabi_slll_9               
0000a9f2  __mspabi_srai                 
0000aa1a  __mspabi_srai_1               
0000aa08  __mspabi_srai_10              
0000aa06  __mspabi_srai_11              
0000aa04  __mspabi_srai_12              
0000aa02  __mspabi_srai_13              
0000aa00  __mspabi_srai_14              
0000a9fe  __mspabi_srai_15              
0000aa18  __mspabi_srai_2               
0000aa16  __mspabi_srai_3               
0000aa14  __mspabi_srai_4               
0000aa12  __mspabi_srai_5               
0000aa10  __mspabi_srai_6               
0000aa0e  __mspabi_srai_7               
0000aa0c  __mspabi_srai_8               
0000aa0a  __mspabi_srai_9               
0000a536  __mspabi_srli                 
0000a57c  __mspabi_srli_1               
0000a558  __mspabi_srli_10              
0000a554  __mspabi_srli_11              
0000a550  __mspabi_srli_12              
0000a54c  __mspabi_srli_13              
0000a548  __mspabi_srli_14              
0000a544  __mspabi_srli_15              
0000a578  __mspabi_srli_2               
0000a574  __mspabi_srli_3               
0000a570  __mspabi_srli_4               
0000a56c  __mspabi_srli_5               
0000a568  __mspabi_srli_6               
0000a564  __mspabi_srli_7               
0000a560  __mspabi_srli_8               
0000a55c  __mspabi_srli_9               
0000acb6  _c_int00_noargs               
0000fffe  _reset_vector                 
0000099c  _stack                        
0000aefc  _system_post_cinit            
0000aef8  _system_pre_init              
0000aef2  abort                         
00000007  afi                           
00000200  buf                           
0000000c  coll_poss                     
0000033a  command                       
0000032c  complete_uid                  
0000000e  direct_mode                   
00000000  enable                        
0000000b  first_spi_data                
00000008  flags                         
00000005  host_control_flag             
00000001  i_reg                         
00000002  irq_flag                      
00009568  iso14443bAnticollision        
0000a29a  iso14443bSlotMarkerCommand    
0000a39c  main                          
0000ae52  memcpy                        
0000b124  revision                      
00000009  rx_data                       
0000000a  rx_done                       
00000003  rx_error_flag                 
00000004  rxtx_state                    
00000006  stand_alone_flag              
0000000d  temp                          


GLOBAL SYMBOLS: SORTED BY Symbol Address 

address   name                          
-------   ----                          
00000000  IE1                           
00000000  enable                        
00000001  IE2                           
00000001  i_reg                         
00000002  IFG1                          
00000002  irq_flag                      
00000003  IFG2                          
00000003  rx_error_flag                 
00000004  rxtx_state                    
00000005  host_control_flag             
00000006  stand_alone_flag              
00000007  afi                           
00000008  flags                         
00000009  rx_data                       
0000000a  rx_done                       
0000000b  first_spi_data                
0000000c  coll_poss                     
0000000d  temp                          
0000000e  direct_mode                   
00000010  P3REN                         
00000011  P4REN                         
00000018  P3IN                          
00000019  P3OUT                         
0000001a  P3DIR                         
0000001b  P3SEL                         
0000001c  P4IN                          
0000001d  P4OUT                         
0000001e  P4DIR                         
0000001f  P4SEL                         
00000020  P1IN                          
00000021  P1OUT                         
00000022  P1DIR                         
00000023  P1IFG                         
00000024  P1IES                         
00000025  P1IE                          
00000026  P1SEL                         
00000027  P1REN                         
00000028  P2IN                          
00000029  P2OUT                         
0000002a  P2DIR                         
0000002b  P2IFG                         
0000002c  P2IES                         
0000002d  P2IE                          
0000002e  P2SEL                         
0000002f  P2REN                         
00000053  BCSCTL3                       
00000056  DCOCTL                        
00000057  BCSCTL1                       
00000058  BCSCTL2                       
00000059  CACTL1                        
0000005a  CACTL2                        
0000005b  CAPD                          
0000005d  UCA0ABCTL                     
0000005e  UCA0IRTCTL                    
0000005f  UCA0IRRCTL                    
00000060  UCA0CTL0                      
00000061  UCA0CTL1                      
00000062  UCA0BR0                       
00000063  UCA0BR1                       
00000064  UCA0MCTL                      
00000064  __STACK_SIZE                  
00000065  UCA0STAT                      
00000066  UCA0RXBUF                     
00000067  UCA0TXBUF                     
00000068  UCB0CTL0                      
00000069  UCB0CTL1                      
0000006a  UCB0BR0                       
0000006b  UCB0BR1                       
0000006c  UCB0I2CIE                     
0000006d  UCB0STAT                      
0000006e  UCB0RXBUF                     
0000006f  UCB0TXBUF                     
00000118  UCB0I2COA                     
0000011a  UCB0I2CSA                     
0000011e  TBIV                          
00000120  WDTCTL                        
00000128  FCTL1                         
0000012a  FCTL2                         
0000012c  FCTL3                         
0000012e  TAIV                          
00000130  MPY                           
00000132  MPYS                          
00000134  MAC                           
00000136  MACS                          
00000138  OP2                           
0000013a  RESLO                         
0000013c  RESHI                         
0000013e  SUMEXT                        
00000160  TACTL                         
00000162  TACCTL0                       
00000164  TACCTL1                       
00000166  TACCTL2                       
00000170  TAR                           
00000172  TACCR0                        
00000174  TACCR1                        
00000176  TACCR2                        
00000180  TBCTL                         
00000182  TBCCTL0                       
00000184  TBCCTL1                       
00000186  TBCCTL2                       
00000190  TBR                           
00000192  TBCCR0                        
00000194  TBCCR1                        
00000196  TBCCR2                        
00000200  buf                           
0000032c  complete_uid                  
0000033a  command                       
0000099c  _stack                        
00000a00  __STACK_END                   
000010f8  CALDCO_16MHZ                  
000010f9  CALBC1_16MHZ                  
000010fa  CALDCO_12MHZ                  
000010fb  CALBC1_12MHZ                  
000010fc  CALDCO_8MHZ                   
000010fd  CALBC1_8MHZ                   
000010fe  CALDCO_1MHZ                   
000010ff  CALBC1_1MHZ                   
00008000  Iso14443aLoop                 
00008596  HostCommands                  
00008a9c  HostRequestCommand            
00008dc6  Iso15693Anticollision         
000090e2  Trf796xISR                    
000093a2  Trf796xWriteIsoControl        
00009568  iso14443bAnticollision        
00009716  Iso14443aAnticollision        
000098ae  HostRequest14443A             
00009a3c  Type2ReadFourBlocks           
00009b9a  Type2ReadTwoBlocks            
00009cf4  Type2WriteTwoBlocks           
00009e3e  Iso14443aSelectCommand        
00009f84  Type2WriteOneBlock            
0000a0ca  UartGetLine                   
0000a202  SpiReadCont                   
0000a29a  iso14443bSlotMarkerCommand    
0000a320  __TI_decompress_lzss          
0000a39c  main                          
0000a414  SpiReadSingle                 
0000a478  UartRxHandler                 
0000a4dc  TRF796xCheckRXWaitTime        
0000a536  __mspabi_srli                 
0000a544  __mspabi_srli_15              
0000a548  __mspabi_srli_14              
0000a54c  __mspabi_srli_13              
0000a550  __mspabi_srli_12              
0000a554  __mspabi_srli_11              
0000a558  __mspabi_srli_10              
0000a55c  __mspabi_srli_9               
0000a560  __mspabi_srli_8               
0000a564  __mspabi_srli_7               
0000a568  __mspabi_srli_6               
0000a56c  __mspabi_srli_5               
0000a570  __mspabi_srli_4               
0000a574  __mspabi_srli_3               
0000a578  __mspabi_srli_2               
0000a57c  __mspabi_srli_1               
0000a582  ParallelReadSingle            
0000a5cc  SpiWriteSingle                
0000a616  ParallelReadCont              
0000a658  Trf796xPortB                  
0000a69a  __TI_auto_init_nobinit_nopinit
0000a6dc  McuOscSel                     
0000a6dc  Msp430f23x0OscSel             
0000a71c  Msp430f23x0TimerAHandler      
0000a75a  SpiWriteCont                  
0000a798  __mspabi_slll_15              
0000a79c  __mspabi_slll_14              
0000a7a0  __mspabi_slll_13              
0000a7a4  __mspabi_slll_12              
0000a7a8  __mspabi_slll_11              
0000a7ac  __mspabi_slll_10              
0000a7b0  __mspabi_slll_9               
0000a7b4  __mspabi_slll_8               
0000a7b8  __mspabi_slll_7               
0000a7bc  __mspabi_slll_6               
0000a7c0  __mspabi_slll_5               
0000a7c4  __mspabi_slll_4               
0000a7c8  __mspabi_slll_3               
0000a7cc  __mspabi_slll_2               
0000a7d0  __mspabi_slll_1               
0000a7d6  SpiDirectCommand              
0000a812  Type2Command                  
0000a84a  ParallelWriteSingle           
0000a87e  UartSetup                     
0000a8b0  Iso15693FindTag               
0000a8e0  SpiRawWrite                   
0000a910  ParallelSetup                 
0000a93e  ParallelWriteCont             
0000a96c  Trf796xTurnRfOn               
0000a99a  SpiUsciExtClkSet              
0000a9c6  SpiUsciSet                    
0000a9f2  __mspabi_srai                 
0000a9fe  __mspabi_srai_15              
0000aa00  __mspabi_srai_14              
0000aa02  __mspabi_srai_13              
0000aa04  __mspabi_srai_12              
0000aa06  __mspabi_srai_11              
0000aa08  __mspabi_srai_10              
0000aa0a  __mspabi_srai_9               
0000aa0c  __mspabi_srai_8               
0000aa0e  __mspabi_srai_7               
0000aa10  __mspabi_srai_6               
0000aa12  __mspabi_srai_5               
0000aa14  __mspabi_srai_4               
0000aa16  __mspabi_srai_3               
0000aa18  __mspabi_srai_2               
0000aa1a  __mspabi_srai_1               
0000aa1e  __mspabi_divi                 
0000aa1e  __mspabi_remi                 
0000aa4a  __mspabi_slli                 
0000aa56  __mspabi_slli_15              
0000aa58  __mspabi_slli_14              
0000aa5a  __mspabi_slli_13              
0000aa5c  __mspabi_slli_12              
0000aa5e  __mspabi_slli_11              
0000aa60  __mspabi_slli_10              
0000aa62  __mspabi_slli_9               
0000aa64  __mspabi_slli_8               
0000aa66  __mspabi_slli_7               
0000aa68  __mspabi_slli_6               
0000aa6a  __mspabi_slli_5               
0000aa6c  __mspabi_slli_4               
0000aa6e  __mspabi_slli_3               
0000aa70  __mspabi_slli_2               
0000aa72  __mspabi_slli_1               
0000aa76  Iso14443bFindTag              
0000aaa0  Trf796xResetIrqStatus         
0000aaca  UartResponse                  
0000aaf2  ParallelDirectMode            
0000ab18  SpiDirectMode                 
0000ab3e  Trf796xDisableSlotCounter     
0000ab64  Trf796xEnableSlotCounter      
0000ab8a  Iso14443aFindTag              
0000abae  ParallelDirectCommand         
0000abd2  Trf796xTurnRfOff              
0000abf6  McuDelayMillisecond           
0000abf6  Msp430f23x0DelayMillisecond   
0000ac18  Trf796xReadIrqStatus          
0000ac3a  UartPutByte                   
0000ac5c  ParallelRawWrite              
0000ac7c  SpiSetup                      
0000ac9a  UartBaudSet                   
0000acb6  _c_int00_noargs               
0000acd2  McuCounterSet                 
0000acd2  Msp430f23x0CounterSet         
0000acec  ParallelStopCondition         
0000ad06  Trf796xInitialSettings        
0000ad20  ParallelStopContinuous        
0000ad36  Trf796xDirectMode             
0000ad4c  UartPutBksp                   
0000ad62  __mspabi_divu                 
0000ad62  __mspabi_remu                 
0000ad78  __TI_zero_init_nomemset       
0000ad8c  ParallelStartCondition        
0000ad9e  Trf796xCommunicationSetup     
0000adb0  Trf796xDirectCommand          
0000adc2  Trf796xRawWrite               
0000add4  Trf796xReadCont               
0000ade6  Trf796xReadSingle             
0000adf8  Trf796xWriteCont              
0000ae0a  Trf796xWriteSingle            
0000ae1c  UartPutCrlf                   
0000ae2e  UartSendCString               
0000ae40  __TI_decompress_none          
0000ae52  memcpy                        
0000ae64  Trf796xReset                  
0000ae74  Trf796xRunDecoders            
0000ae84  Trf796xStopDecoders           
0000ae94  Trf796xTransmitNextSlot       
0000aea4  UartNibble2Ascii              
0000aeb4  __mspabi_func_epilog_7        
0000aeb6  __mspabi_func_epilog_6        
0000aeb8  __mspabi_func_epilog_5        
0000aeba  __mspabi_func_epilog_4        
0000aebc  __mspabi_func_epilog_3        
0000aebe  __mspabi_func_epilog_2        
0000aec0  __mspabi_func_epilog_1        
0000aec4  SpiStartCondition             
0000aed2  Trf796xReConfig               
0000aede  UartPutChar                   
0000aeea  __TI_ISR_TRAP                 
0000aef2  C$$EXIT                       
0000aef2  abort                         
0000aef8  _system_pre_init              
0000aefc  _system_post_cinit            
0000b124  revision                      
0000b136  __TI_Handler_Table_Base       
0000b13c  __TI_Handler_Table_Limit      
0000b140  __TI_CINIT_Base               
0000b148  __TI_CINIT_Limit              
0000ffe0  __TI_int00                    
0000ffe2  __TI_int01                    
0000ffe4  __TI_int02                    
0000ffe6  __TI_int03                    
0000ffe8  __TI_int04                    
0000ffea  __TI_int05                    
0000ffec  __TI_int06                    
0000ffee  __TI_int07                    
0000fff0  __TI_int08                    
0000fff2  __TI_int09                    
0000fff4  __TI_int10                    
0000fff6  __TI_int11                    
0000fff8  __TI_int12                    
0000fffa  __TI_int13                    
0000fffc  __TI_int14                    
0000fffe  _reset_vector                 
ffffffff  __TI_pprof_out_hndl           
ffffffff  __TI_prof_data_size           
ffffffff  __TI_prof_data_start          
ffffffff  __c_args__                    

[309 symbols]
