<?xml version="1.0" encoding="ISO-8859-1" ?>
<link_info>
   <banner>MSP430 Linker PC v20.2.1.LTS</banner>
   <copyright>Copyright (c) 2003-2018 Texas Instruments Incorporated</copyright>
   <link_time>0x60012a45</link_time>
   <link_errors>0x0</link_errors>
   <output_file>TRF7960A_06_2011.out</output_file>
   <entry_point>
      <name>_c_int00_noargs</name>
      <address>0xacb6</address>
   </entry_point>
   <input_file_list>
      <input_file id="fl-2">
         <path>.\</path>
         <kind>object</kind>
         <file>host.obj</file>
         <name>host.obj</name>
      </input_file>
      <input_file id="fl-3">
         <path>.\</path>
         <kind>object</kind>
         <file>iso14443a.obj</file>
         <name>iso14443a.obj</name>
      </input_file>
      <input_file id="fl-4">
         <path>.\</path>
         <kind>object</kind>
         <file>iso14443b.obj</file>
         <name>iso14443b.obj</name>
      </input_file>
      <input_file id="fl-5">
         <path>.\</path>
         <kind>object</kind>
         <file>iso15693.obj</file>
         <name>iso15693.obj</name>
      </input_file>
      <input_file id="fl-6">
         <path>.\</path>
         <kind>object</kind>
         <file>main.obj</file>
         <name>main.obj</name>
      </input_file>
      <input_file id="fl-7">
         <path>.\</path>
         <kind>object</kind>
         <file>mcu.obj</file>
         <name>mcu.obj</name>
      </input_file>
      <input_file id="fl-8">
         <path>.\</path>
         <kind>object</kind>
         <file>msp430f23x0.obj</file>
         <name>msp430f23x0.obj</name>
      </input_file>
      <input_file id="fl-9">
         <path>.\</path>
         <kind>object</kind>
         <file>parallel.obj</file>
         <name>parallel.obj</name>
      </input_file>
      <input_file id="fl-a">
         <path>.\</path>
         <kind>object</kind>
         <file>spi.obj</file>
         <name>spi.obj</name>
      </input_file>
      <input_file id="fl-b">
         <path>.\</path>
         <kind>object</kind>
         <file>trf796x.obj</file>
         <name>trf796x.obj</name>
      </input_file>
      <input_file id="fl-c">
         <path>.\</path>
         <kind>object</kind>
         <file>type2.obj</file>
         <name>type2.obj</name>
      </input_file>
      <input_file id="fl-d">
         <path>.\</path>
         <kind>object</kind>
         <file>uart.obj</file>
         <name>uart.obj</name>
      </input_file>
      <input_file id="fl-12">
         <kind>object</kind>
         <file>&lt;internal&gt;</file>
         <name>&lt;internal&gt;</name>
      </input_file>
      <input_file id="fl-28">
         <path>C:\ti\ccs1011\ccs\tools\compiler\ti-cgt-msp430_20.2.1.LTS\lib\</path>
         <kind>archive</kind>
         <file>rts430_eabi.lib</file>
         <name>asr16.asm.obj</name>
      </input_file>
      <input_file id="fl-29">
         <path>C:\ti\ccs1011\ccs\tools\compiler\ti-cgt-msp430_20.2.1.LTS\lib\</path>
         <kind>archive</kind>
         <file>rts430_eabi.lib</file>
         <name>div16s.asm.obj</name>
      </input_file>
      <input_file id="fl-2a">
         <path>C:\ti\ccs1011\ccs\tools\compiler\ti-cgt-msp430_20.2.1.LTS\lib\</path>
         <kind>archive</kind>
         <file>rts430_eabi.lib</file>
         <name>div16u.asm.obj</name>
      </input_file>
      <input_file id="fl-2b">
         <path>C:\ti\ccs1011\ccs\tools\compiler\ti-cgt-msp430_20.2.1.LTS\lib\</path>
         <kind>archive</kind>
         <file>rts430_eabi.lib</file>
         <name>epilog.asm.obj</name>
      </input_file>
      <input_file id="fl-2c">
         <path>C:\ti\ccs1011\ccs\tools\compiler\ti-cgt-msp430_20.2.1.LTS\lib\</path>
         <kind>archive</kind>
         <file>rts430_eabi.lib</file>
         <name>int00.asm.obj</name>
      </input_file>
      <input_file id="fl-2d">
         <path>C:\ti\ccs1011\ccs\tools\compiler\ti-cgt-msp430_20.2.1.LTS\lib\</path>
         <kind>archive</kind>
         <file>rts430_eabi.lib</file>
         <name>int01.asm.obj</name>
      </input_file>
      <input_file id="fl-2e">
         <path>C:\ti\ccs1011\ccs\tools\compiler\ti-cgt-msp430_20.2.1.LTS\lib\</path>
         <kind>archive</kind>
         <file>rts430_eabi.lib</file>
         <name>int02.asm.obj</name>
      </input_file>
      <input_file id="fl-2f">
         <path>C:\ti\ccs1011\ccs\tools\compiler\ti-cgt-msp430_20.2.1.LTS\lib\</path>
         <kind>archive</kind>
         <file>rts430_eabi.lib</file>
         <name>int04.asm.obj</name>
      </input_file>
      <input_file id="fl-30">
         <path>C:\ti\ccs1011\ccs\tools\compiler\ti-cgt-msp430_20.2.1.LTS\lib\</path>
         <kind>archive</kind>
         <file>rts430_eabi.lib</file>
         <name>int05.asm.obj</name>
      </input_file>
      <input_file id="fl-31">
         <path>C:\ti\ccs1011\ccs\tools\compiler\ti-cgt-msp430_20.2.1.LTS\lib\</path>
         <kind>archive</kind>
         <file>rts430_eabi.lib</file>
         <name>int06.asm.obj</name>
      </input_file>
      <input_file id="fl-32">
         <path>C:\ti\ccs1011\ccs\tools\compiler\ti-cgt-msp430_20.2.1.LTS\lib\</path>
         <kind>archive</kind>
         <file>rts430_eabi.lib</file>
         <name>int08.asm.obj</name>
      </input_file>
      <input_file id="fl-33">
         <path>C:\ti\ccs1011\ccs\tools\compiler\ti-cgt-msp430_20.2.1.LTS\lib\</path>
         <kind>archive</kind>
         <file>rts430_eabi.lib</file>
         <name>int10.asm.obj</name>
      </input_file>
      <input_file id="fl-34">
         <path>C:\ti\ccs1011\ccs\tools\compiler\ti-cgt-msp430_20.2.1.LTS\lib\</path>
         <kind>archive</kind>
         <file>rts430_eabi.lib</file>
         <name>int11.asm.obj</name>
      </input_file>
      <input_file id="fl-35">
         <path>C:\ti\ccs1011\ccs\tools\compiler\ti-cgt-msp430_20.2.1.LTS\lib\</path>
         <kind>archive</kind>
         <file>rts430_eabi.lib</file>
         <name>int12.asm.obj</name>
      </input_file>
      <input_file id="fl-36">
         <path>C:\ti\ccs1011\ccs\tools\compiler\ti-cgt-msp430_20.2.1.LTS\lib\</path>
         <kind>archive</kind>
         <file>rts430_eabi.lib</file>
         <name>int13.asm.obj</name>
      </input_file>
      <input_file id="fl-37">
         <path>C:\ti\ccs1011\ccs\tools\compiler\ti-cgt-msp430_20.2.1.LTS\lib\</path>
         <kind>archive</kind>
         <file>rts430_eabi.lib</file>
         <name>int14.asm.obj</name>
      </input_file>
      <input_file id="fl-38">
         <path>C:\ti\ccs1011\ccs\tools\compiler\ti-cgt-msp430_20.2.1.LTS\lib\</path>
         <kind>archive</kind>
         <file>rts430_eabi.lib</file>
         <name>isr_trap.asm.obj</name>
      </input_file>
      <input_file id="fl-39">
         <path>C:\ti\ccs1011\ccs\tools\compiler\ti-cgt-msp430_20.2.1.LTS\lib\</path>
         <kind>archive</kind>
         <file>rts430_eabi.lib</file>
         <name>lsl16.asm.obj</name>
      </input_file>
      <input_file id="fl-3a">
         <path>C:\ti\ccs1011\ccs\tools\compiler\ti-cgt-msp430_20.2.1.LTS\lib\</path>
         <kind>archive</kind>
         <file>rts430_eabi.lib</file>
         <name>lsl32.asm.obj</name>
      </input_file>
      <input_file id="fl-3b">
         <path>C:\ti\ccs1011\ccs\tools\compiler\ti-cgt-msp430_20.2.1.LTS\lib\</path>
         <kind>archive</kind>
         <file>rts430_eabi.lib</file>
         <name>lsr16.asm.obj</name>
      </input_file>
      <input_file id="fl-3c">
         <path>C:\ti\ccs1011\ccs\tools\compiler\ti-cgt-msp430_20.2.1.LTS\lib\</path>
         <kind>archive</kind>
         <file>rts430_eabi.lib</file>
         <name>mult16_hw.asm.obj</name>
      </input_file>
      <input_file id="fl-3d">
         <path>C:\ti\ccs1011\ccs\tools\compiler\ti-cgt-msp430_20.2.1.LTS\lib\</path>
         <kind>archive</kind>
         <file>rts430_eabi.lib</file>
         <name>mult1632_hw.asm.obj</name>
      </input_file>
      <input_file id="fl-3e">
         <path>C:\ti\ccs1011\ccs\tools\compiler\ti-cgt-msp430_20.2.1.LTS\lib\</path>
         <kind>archive</kind>
         <file>rts430_eabi.lib</file>
         <name>mult32_hw.asm.obj</name>
      </input_file>
      <input_file id="fl-3f">
         <path>C:\ti\ccs1011\ccs\tools\compiler\ti-cgt-msp430_20.2.1.LTS\lib\</path>
         <kind>archive</kind>
         <file>rts430_eabi.lib</file>
         <name>mult3264_hw.asm.obj</name>
      </input_file>
      <input_file id="fl-40">
         <path>C:\ti\ccs1011\ccs\tools\compiler\ti-cgt-msp430_20.2.1.LTS\lib\</path>
         <kind>archive</kind>
         <file>rts430_eabi.lib</file>
         <name>mult64_hw.asm.obj</name>
      </input_file>
      <input_file id="fl-41">
         <path>C:\ti\ccs1011\ccs\tools\compiler\ti-cgt-msp430_20.2.1.LTS\lib\</path>
         <kind>archive</kind>
         <file>rts430_eabi.lib</file>
         <name>boot.c.obj</name>
      </input_file>
      <input_file id="fl-42">
         <path>C:\ti\ccs1011\ccs\tools\compiler\ti-cgt-msp430_20.2.1.LTS\lib\</path>
         <kind>archive</kind>
         <file>rts430_eabi.lib</file>
         <name>autoinit.c.obj</name>
      </input_file>
      <input_file id="fl-43">
         <path>C:\ti\ccs1011\ccs\tools\compiler\ti-cgt-msp430_20.2.1.LTS\lib\</path>
         <kind>archive</kind>
         <file>rts430_eabi.lib</file>
         <name>copy_zero_init.c.obj</name>
      </input_file>
      <input_file id="fl-44">
         <path>C:\ti\ccs1011\ccs\tools\compiler\ti-cgt-msp430_20.2.1.LTS\lib\</path>
         <kind>archive</kind>
         <file>rts430_eabi.lib</file>
         <name>cpy_tbl.c.obj</name>
      </input_file>
      <input_file id="fl-45">
         <path>C:\ti\ccs1011\ccs\tools\compiler\ti-cgt-msp430_20.2.1.LTS\lib\</path>
         <kind>archive</kind>
         <file>rts430_eabi.lib</file>
         <name>mpu_init.c.obj</name>
      </input_file>
      <input_file id="fl-46">
         <path>C:\ti\ccs1011\ccs\tools\compiler\ti-cgt-msp430_20.2.1.LTS\lib\</path>
         <kind>archive</kind>
         <file>rts430_eabi.lib</file>
         <name>pre_init.c.obj</name>
      </input_file>
      <input_file id="fl-47">
         <path>C:\ti\ccs1011\ccs\tools\compiler\ti-cgt-msp430_20.2.1.LTS\lib\</path>
         <kind>archive</kind>
         <file>rts430_eabi.lib</file>
         <name>startup.c.obj</name>
      </input_file>
      <input_file id="fl-48">
         <path>C:\ti\ccs1011\ccs\tools\compiler\ti-cgt-msp430_20.2.1.LTS\lib\</path>
         <kind>archive</kind>
         <file>rts430_eabi.lib</file>
         <name>copy_decompress_none.c.obj</name>
      </input_file>
      <input_file id="fl-49">
         <path>C:\ti\ccs1011\ccs\tools\compiler\ti-cgt-msp430_20.2.1.LTS\lib\</path>
         <kind>archive</kind>
         <file>rts430_eabi.lib</file>
         <name>copy_decompress_lzss.c.obj</name>
      </input_file>
      <input_file id="fl-4a">
         <path>C:\ti\ccs1011\ccs\tools\compiler\ti-cgt-msp430_20.2.1.LTS\lib\</path>
         <kind>archive</kind>
         <file>rts430_eabi.lib</file>
         <name>exit.c.obj</name>
      </input_file>
      <input_file id="fl-4b">
         <path>C:\ti\ccs1011\ccs\tools\compiler\ti-cgt-msp430_20.2.1.LTS\lib\</path>
         <kind>archive</kind>
         <file>rts430_eabi.lib</file>
         <name>_lock.c.obj</name>
      </input_file>
      <input_file id="fl-4c">
         <path>C:\ti\ccs1011\ccs\tools\compiler\ti-cgt-msp430_20.2.1.LTS\lib\</path>
         <kind>archive</kind>
         <file>rts430_eabi.lib</file>
         <name>args_main.c.obj</name>
      </input_file>
      <input_file id="fl-4d">
         <path>C:\ti\ccs1011\ccs\tools\compiler\ti-cgt-msp430_20.2.1.LTS\lib\</path>
         <kind>archive</kind>
         <file>rts430_eabi.lib</file>
         <name>memcpy.c.obj</name>
      </input_file>
      <input_file id="fl-4e">
         <path>C:\ti\ccs1011\ccs\tools\compiler\ti-cgt-msp430_20.2.1.LTS\lib\</path>
         <kind>archive</kind>
         <file>rts430_eabi.lib</file>
         <name>mult16.asm.obj</name>
      </input_file>
      <input_file id="fl-4f">
         <path>C:\ti\ccs1011\ccs\tools\compiler\ti-cgt-msp430_20.2.1.LTS\lib\</path>
         <kind>archive</kind>
         <file>rts430_eabi.lib</file>
         <name>exit_gvars.c.obj</name>
      </input_file>
   </input_file_list>
   <object_component_list>
      <object_component id="oc-477">
         <name>.common:complete_uid</name>
         <uninitialized>true</uninitialized>
         <run_address>0x32c</run_address>
         <size>0xe</size>
      </object_component>
      <object_component id="oc-1bc">
         <name>.common:buf</name>
         <uninitialized>true</uninitialized>
         <run_address>0x200</run_address>
         <size>0x12c</size>
      </object_component>
      <object_component id="oc-279">
         <name>.common:command</name>
         <uninitialized>true</uninitialized>
         <run_address>0x33a</run_address>
         <size>0x2</size>
      </object_component>
      <object_component id="oc-9c">
         <name>.stack</name>
         <uninitialized>true</uninitialized>
         <run_address>0x99c</run_address>
         <size>0x2</size>
         <input_file_ref idref="fl-41"/>
      </object_component>
      <object_component id="oc-4da">
         <name>.stack</name>
         <uninitialized>true</uninitialized>
         <run_address>0x99c</run_address>
         <size>0x0</size>
      </object_component>
      <object_component id="oc-3c5">
         <name>.text:Iso14443aLoop</name>
         <load_address>0x8000</load_address>
         <run_address>0x8000</run_address>
         <size>0x596</size>
         <input_file_ref idref="fl-3"/>
      </object_component>
      <object_component id="oc-212">
         <name>.text:HostCommands</name>
         <load_address>0x8596</load_address>
         <run_address>0x8596</run_address>
         <size>0x506</size>
         <input_file_ref idref="fl-2"/>
      </object_component>
      <object_component id="oc-2eb">
         <name>.text:HostRequestCommand</name>
         <load_address>0x8a9c</load_address>
         <run_address>0x8a9c</run_address>
         <size>0x32a</size>
         <input_file_ref idref="fl-2"/>
      </object_component>
      <object_component id="oc-2c3">
         <name>.text:Iso15693Anticollision</name>
         <load_address>0x8dc6</load_address>
         <run_address>0x8dc6</run_address>
         <size>0x31c</size>
         <input_file_ref idref="fl-5"/>
      </object_component>
      <object_component id="oc-13d">
         <name>.text:Trf796xISR</name>
         <load_address>0x90e2</load_address>
         <run_address>0x90e2</run_address>
         <size>0x2c0</size>
         <input_file_ref idref="fl-b"/>
      </object_component>
      <object_component id="oc-2ba">
         <name>.text:Trf796xWriteIsoControl</name>
         <load_address>0x93a2</load_address>
         <run_address>0x93a2</run_address>
         <size>0x1c6</size>
         <input_file_ref idref="fl-b"/>
      </object_component>
      <object_component id="oc-2d7">
         <name>.text:iso14443bAnticollision</name>
         <load_address>0x9568</load_address>
         <run_address>0x9568</run_address>
         <size>0x1ae</size>
         <input_file_ref idref="fl-4"/>
      </object_component>
      <object_component id="oc-2d0">
         <name>.text:Iso14443aAnticollision</name>
         <load_address>0x9716</load_address>
         <run_address>0x9716</run_address>
         <size>0x198</size>
         <input_file_ref idref="fl-3"/>
      </object_component>
      <object_component id="oc-306">
         <name>.text:HostRequest14443A</name>
         <load_address>0x98ae</load_address>
         <run_address>0x98ae</run_address>
         <size>0x18e</size>
         <input_file_ref idref="fl-2"/>
      </object_component>
      <object_component id="oc-3fa">
         <name>.text:Type2ReadFourBlocks</name>
         <load_address>0x9a3c</load_address>
         <run_address>0x9a3c</run_address>
         <size>0x15e</size>
         <input_file_ref idref="fl-c"/>
      </object_component>
      <object_component id="oc-3f4">
         <name>.text:Type2ReadTwoBlocks</name>
         <load_address>0x9b9a</load_address>
         <run_address>0x9b9a</run_address>
         <size>0x15a</size>
         <input_file_ref idref="fl-c"/>
      </object_component>
      <object_component id="oc-3ee">
         <name>.text:Type2WriteTwoBlocks</name>
         <load_address>0x9cf4</load_address>
         <run_address>0x9cf4</run_address>
         <size>0x14a</size>
         <input_file_ref idref="fl-c"/>
      </object_component>
      <object_component id="oc-2f1">
         <name>.text:Iso14443aSelectCommand</name>
         <load_address>0x9e3e</load_address>
         <run_address>0x9e3e</run_address>
         <size>0x146</size>
         <input_file_ref idref="fl-3"/>
      </object_component>
      <object_component id="oc-3e8">
         <name>.text:Type2WriteOneBlock</name>
         <load_address>0x9f84</load_address>
         <run_address>0x9f84</run_address>
         <size>0x146</size>
         <input_file_ref idref="fl-c"/>
      </object_component>
      <object_component id="oc-2de">
         <name>.text:UartGetLine</name>
         <load_address>0xa0ca</load_address>
         <run_address>0xa0ca</run_address>
         <size>0x138</size>
         <input_file_ref idref="fl-d"/>
      </object_component>
      <object_component id="oc-26b">
         <name>.text:SpiReadCont</name>
         <load_address>0xa202</load_address>
         <run_address>0xa202</run_address>
         <size>0x98</size>
         <input_file_ref idref="fl-a"/>
      </object_component>
      <object_component id="oc-3cc">
         <name>.text:iso14443bSlotMarkerCommand</name>
         <load_address>0xa29a</load_address>
         <run_address>0xa29a</run_address>
         <size>0x86</size>
         <input_file_ref idref="fl-4"/>
      </object_component>
      <object_component id="oc-1f">
         <name>.text:decompress:lzss:__TI_decompress_lzss</name>
         <load_address>0xa320</load_address>
         <run_address>0xa320</run_address>
         <size>0x7c</size>
         <input_file_ref idref="fl-49"/>
      </object_component>
      <object_component id="oc-16a">
         <name>.text:main</name>
         <load_address>0xa39c</load_address>
         <run_address>0xa39c</run_address>
         <size>0x78</size>
         <input_file_ref idref="fl-6"/>
      </object_component>
      <object_component id="oc-25e">
         <name>.text:SpiReadSingle</name>
         <load_address>0xa414</load_address>
         <run_address>0xa414</run_address>
         <size>0x64</size>
         <input_file_ref idref="fl-a"/>
      </object_component>
      <object_component id="oc-d2">
         <name>.text:UartRxHandler</name>
         <load_address>0xa478</load_address>
         <run_address>0xa478</run_address>
         <size>0x64</size>
         <input_file_ref idref="fl-d"/>
      </object_component>
      <object_component id="oc-399">
         <name>.text:TRF796xCheckRXWaitTime</name>
         <load_address>0xa4dc</load_address>
         <run_address>0xa4dc</run_address>
         <size>0x5a</size>
         <input_file_ref idref="fl-5"/>
      </object_component>
      <object_component id="oc-a5">
         <name>.text</name>
         <load_address>0xa536</load_address>
         <run_address>0xa536</run_address>
         <size>0x4c</size>
         <input_file_ref idref="fl-3b"/>
      </object_component>
      <object_component id="oc-258">
         <name>.text:ParallelReadSingle</name>
         <load_address>0xa582</load_address>
         <run_address>0xa582</run_address>
         <size>0x4a</size>
         <input_file_ref idref="fl-9"/>
      </object_component>
      <object_component id="oc-294">
         <name>.text:SpiWriteSingle</name>
         <load_address>0xa5cc</load_address>
         <run_address>0xa5cc</run_address>
         <size>0x4a</size>
         <input_file_ref idref="fl-a"/>
      </object_component>
      <object_component id="oc-265">
         <name>.text:ParallelReadCont</name>
         <load_address>0xa616</load_address>
         <run_address>0xa616</run_address>
         <size>0x42</size>
         <input_file_ref idref="fl-9"/>
      </object_component>
      <object_component id="oc-cc">
         <name>.text:Trf796xPortB</name>
         <load_address>0xa658</load_address>
         <run_address>0xa658</run_address>
         <size>0x42</size>
         <input_file_ref idref="fl-b"/>
      </object_component>
      <object_component id="oc-225">
         <name>.text:__TI_auto_init_nobinit_nopinit:__TI_auto_init_nobinit_nopinit</name>
         <load_address>0xa69a</load_address>
         <run_address>0xa69a</run_address>
         <size>0x42</size>
         <input_file_ref idref="fl-42"/>
      </object_component>
      <object_component id="oc-1f4">
         <name>.text:Msp430f23x0OscSel</name>
         <load_address>0xa6dc</load_address>
         <run_address>0xa6dc</run_address>
         <size>0x40</size>
         <input_file_ref idref="fl-8"/>
      </object_component>
      <object_component id="oc-d8">
         <name>.text:Msp430f23x0TimerAHandler</name>
         <load_address>0xa71c</load_address>
         <run_address>0xa71c</run_address>
         <size>0x3e</size>
         <input_file_ref idref="fl-8"/>
      </object_component>
      <object_component id="oc-417">
         <name>.text:SpiWriteCont</name>
         <load_address>0xa75a</load_address>
         <run_address>0xa75a</run_address>
         <size>0x3e</size>
         <input_file_ref idref="fl-a"/>
      </object_component>
      <object_component id="oc-3a5">
         <name>.text:l_lsl_const</name>
         <load_address>0xa798</load_address>
         <run_address>0xa798</run_address>
         <size>0x3e</size>
         <input_file_ref idref="fl-3a"/>
      </object_component>
      <object_component id="oc-37b">
         <name>.text:SpiDirectCommand</name>
         <load_address>0xa7d6</load_address>
         <run_address>0xa7d6</run_address>
         <size>0x3c</size>
         <input_file_ref idref="fl-a"/>
      </object_component>
      <object_component id="oc-300">
         <name>.text:Type2Command</name>
         <load_address>0xa812</load_address>
         <run_address>0xa812</run_address>
         <size>0x38</size>
         <input_file_ref idref="fl-c"/>
      </object_component>
      <object_component id="oc-28e">
         <name>.text:ParallelWriteSingle</name>
         <load_address>0xa84a</load_address>
         <run_address>0xa84a</run_address>
         <size>0x34</size>
         <input_file_ref idref="fl-9"/>
      </object_component>
      <object_component id="oc-1e2">
         <name>.text:UartSetup</name>
         <load_address>0xa87e</load_address>
         <run_address>0xa87e</run_address>
         <size>0x32</size>
         <input_file_ref idref="fl-d"/>
      </object_component>
      <object_component id="oc-200">
         <name>.text:Iso15693FindTag</name>
         <load_address>0xa8b0</load_address>
         <run_address>0xa8b0</run_address>
         <size>0x30</size>
         <input_file_ref idref="fl-5"/>
      </object_component>
      <object_component id="oc-409">
         <name>.text:SpiRawWrite</name>
         <load_address>0xa8e0</load_address>
         <run_address>0xa8e0</run_address>
         <size>0x30</size>
         <input_file_ref idref="fl-a"/>
      </object_component>
      <object_component id="oc-29f">
         <name>.text:ParallelSetup</name>
         <load_address>0xa910</load_address>
         <run_address>0xa910</run_address>
         <size>0x2e</size>
         <input_file_ref idref="fl-9"/>
      </object_component>
      <object_component id="oc-411">
         <name>.text:ParallelWriteCont</name>
         <load_address>0xa93e</load_address>
         <run_address>0xa93e</run_address>
         <size>0x2e</size>
         <input_file_ref idref="fl-9"/>
      </object_component>
      <object_component id="oc-2b4">
         <name>.text:Trf796xTurnRfOn</name>
         <load_address>0xa96c</load_address>
         <run_address>0xa96c</run_address>
         <size>0x2e</size>
         <input_file_ref idref="fl-b"/>
      </object_component>
      <object_component id="oc-2ad">
         <name>.text:SpiUsciExtClkSet</name>
         <load_address>0xa99a</load_address>
         <run_address>0xa99a</run_address>
         <size>0x2c</size>
         <input_file_ref idref="fl-a"/>
      </object_component>
      <object_component id="oc-38d">
         <name>.text:SpiUsciSet</name>
         <load_address>0xa9c6</load_address>
         <run_address>0xa9c6</run_address>
         <size>0x2c</size>
         <input_file_ref idref="fl-a"/>
      </object_component>
      <object_component id="oc-1c8">
         <name>.text</name>
         <load_address>0xa9f2</load_address>
         <run_address>0xa9f2</run_address>
         <size>0x2c</size>
         <input_file_ref idref="fl-28"/>
      </object_component>
      <object_component id="oc-3db">
         <name>.text</name>
         <load_address>0xaa1e</load_address>
         <run_address>0xaa1e</run_address>
         <size>0x2c</size>
         <input_file_ref idref="fl-29"/>
      </object_component>
      <object_component id="oc-a0">
         <name>.text</name>
         <load_address>0xaa4a</load_address>
         <run_address>0xaa4a</run_address>
         <size>0x2c</size>
         <input_file_ref idref="fl-39"/>
      </object_component>
      <object_component id="oc-20c">
         <name>.text:Iso14443bFindTag</name>
         <load_address>0xaa76</load_address>
         <run_address>0xaa76</run_address>
         <size>0x2a</size>
         <input_file_ref idref="fl-4"/>
      </object_component>
      <object_component id="oc-1b6">
         <name>.text:Trf796xResetIrqStatus</name>
         <load_address>0xaaa0</load_address>
         <run_address>0xaaa0</run_address>
         <size>0x2a</size>
         <input_file_ref idref="fl-b"/>
      </object_component>
      <object_component id="oc-312">
         <name>.text:UartResponse</name>
         <load_address>0xaaca</load_address>
         <run_address>0xaaca</run_address>
         <size>0x28</size>
         <input_file_ref idref="fl-d"/>
      </object_component>
      <object_component id="oc-41e">
         <name>.text:ParallelDirectMode</name>
         <load_address>0xaaf2</load_address>
         <run_address>0xaaf2</run_address>
         <size>0x26</size>
         <input_file_ref idref="fl-9"/>
      </object_component>
      <object_component id="oc-424">
         <name>.text:SpiDirectMode</name>
         <load_address>0xab18</load_address>
         <run_address>0xab18</run_address>
         <size>0x26</size>
         <input_file_ref idref="fl-a"/>
      </object_component>
      <object_component id="oc-3b0">
         <name>.text:Trf796xDisableSlotCounter</name>
         <load_address>0xab3e</load_address>
         <run_address>0xab3e</run_address>
         <size>0x26</size>
         <input_file_ref idref="fl-b"/>
      </object_component>
      <object_component id="oc-39f">
         <name>.text:Trf796xEnableSlotCounter</name>
         <load_address>0xab64</load_address>
         <run_address>0xab64</run_address>
         <size>0x26</size>
         <input_file_ref idref="fl-b"/>
      </object_component>
      <object_component id="oc-206">
         <name>.text:Iso14443aFindTag</name>
         <load_address>0xab8a</load_address>
         <run_address>0xab8a</run_address>
         <size>0x24</size>
         <input_file_ref idref="fl-3"/>
      </object_component>
      <object_component id="oc-375">
         <name>.text:ParallelDirectCommand</name>
         <load_address>0xabae</load_address>
         <run_address>0xabae</run_address>
         <size>0x24</size>
         <input_file_ref idref="fl-9"/>
      </object_component>
      <object_component id="oc-2c9">
         <name>.text:Trf796xTurnRfOff</name>
         <load_address>0xabd2</load_address>
         <run_address>0xabd2</run_address>
         <size>0x24</size>
         <input_file_ref idref="fl-b"/>
      </object_component>
      <object_component id="oc-1e8">
         <name>.text:Msp430f23x0DelayMillisecond</name>
         <load_address>0xabf6</load_address>
         <run_address>0xabf6</run_address>
         <size>0x22</size>
         <input_file_ref idref="fl-8"/>
      </object_component>
      <object_component id="oc-137">
         <name>.text:Trf796xReadIrqStatus</name>
         <load_address>0xac18</load_address>
         <run_address>0xac18</run_address>
         <size>0x22</size>
         <input_file_ref idref="fl-b"/>
      </object_component>
      <object_component id="oc-1a4">
         <name>.text:UartPutByte</name>
         <load_address>0xac3a</load_address>
         <run_address>0xac3a</run_address>
         <size>0x22</size>
         <input_file_ref idref="fl-d"/>
      </object_component>
      <object_component id="oc-403">
         <name>.text:ParallelRawWrite</name>
         <load_address>0xac5c</load_address>
         <run_address>0xac5c</run_address>
         <size>0x20</size>
         <input_file_ref idref="fl-9"/>
      </object_component>
      <object_component id="oc-2a5">
         <name>.text:SpiSetup</name>
         <load_address>0xac7c</load_address>
         <run_address>0xac7c</run_address>
         <size>0x1e</size>
         <input_file_ref idref="fl-a"/>
      </object_component>
      <object_component id="oc-2f7">
         <name>.text:UartBaudSet</name>
         <load_address>0xac9a</load_address>
         <run_address>0xac9a</run_address>
         <size>0x1c</size>
         <input_file_ref idref="fl-d"/>
      </object_component>
      <object_component id="oc-f0">
         <name>.text:_c_int00_noargs</name>
         <load_address>0xacb6</load_address>
         <run_address>0xacb6</run_address>
         <size>0x1c</size>
         <input_file_ref idref="fl-41"/>
      </object_component>
      <object_component id="oc-3aa">
         <name>.text:Msp430f23x0CounterSet</name>
         <load_address>0xacd2</load_address>
         <run_address>0xacd2</run_address>
         <size>0x1a</size>
         <input_file_ref idref="fl-8"/>
      </object_component>
      <object_component id="oc-35f">
         <name>.text:ParallelStopCondition</name>
         <load_address>0xacec</load_address>
         <run_address>0xacec</run_address>
         <size>0x1a</size>
         <input_file_ref idref="fl-9"/>
      </object_component>
      <object_component id="oc-149">
         <name>.text:Trf796xInitialSettings</name>
         <load_address>0xad06</load_address>
         <run_address>0xad06</run_address>
         <size>0x1a</size>
         <input_file_ref idref="fl-b"/>
      </object_component>
      <object_component id="oc-36c">
         <name>.text:ParallelStopContinuous</name>
         <load_address>0xad20</load_address>
         <run_address>0xad20</run_address>
         <size>0x16</size>
         <input_file_ref idref="fl-9"/>
      </object_component>
      <object_component id="oc-31e">
         <name>.text:Trf796xDirectMode</name>
         <load_address>0xad36</load_address>
         <run_address>0xad36</run_address>
         <size>0x16</size>
         <input_file_ref idref="fl-b"/>
      </object_component>
      <object_component id="oc-3d3">
         <name>.text:UartPutBksp</name>
         <load_address>0xad4c</load_address>
         <run_address>0xad4c</run_address>
         <size>0x16</size>
         <input_file_ref idref="fl-d"/>
      </object_component>
      <object_component id="oc-47b">
         <name>.text</name>
         <load_address>0xad62</load_address>
         <run_address>0xad62</run_address>
         <size>0x16</size>
         <input_file_ref idref="fl-2a"/>
      </object_component>
      <object_component id="oc-de">
         <name>.text:decompress:ZI:__TI_zero_init_nomemset:__TI_zero_init_nomemset</name>
         <load_address>0xad78</load_address>
         <run_address>0xad78</run_address>
         <size>0x14</size>
         <input_file_ref idref="fl-43"/>
      </object_component>
      <object_component id="oc-359">
         <name>.text:ParallelStartCondition</name>
         <load_address>0xad8c</load_address>
         <run_address>0xad8c</run_address>
         <size>0x12</size>
         <input_file_ref idref="fl-9"/>
      </object_component>
      <object_component id="oc-1ee">
         <name>.text:Trf796xCommunicationSetup</name>
         <load_address>0xad9e</load_address>
         <run_address>0xad9e</run_address>
         <size>0x12</size>
         <input_file_ref idref="fl-b"/>
      </object_component>
      <object_component id="oc-27a">
         <name>.text:Trf796xDirectCommand</name>
         <load_address>0xadb0</load_address>
         <run_address>0xadb0</run_address>
         <size>0x12</size>
         <input_file_ref idref="fl-b"/>
      </object_component>
      <object_component id="oc-30c">
         <name>.text:Trf796xRawWrite</name>
         <load_address>0xadc2</load_address>
         <run_address>0xadc2</run_address>
         <size>0x12</size>
         <input_file_ref idref="fl-b"/>
      </object_component>
      <object_component id="oc-19c">
         <name>.text:Trf796xReadCont</name>
         <load_address>0xadd4</load_address>
         <run_address>0xadd4</run_address>
         <size>0x12</size>
         <input_file_ref idref="fl-b"/>
      </object_component>
      <object_component id="oc-196">
         <name>.text:Trf796xReadSingle</name>
         <load_address>0xade6</load_address>
         <run_address>0xade6</run_address>
         <size>0x12</size>
         <input_file_ref idref="fl-b"/>
      </object_component>
      <object_component id="oc-318">
         <name>.text:Trf796xWriteCont</name>
         <load_address>0xadf8</load_address>
         <run_address>0xadf8</run_address>
         <size>0x12</size>
         <input_file_ref idref="fl-b"/>
      </object_component>
      <object_component id="oc-1d2">
         <name>.text:Trf796xWriteSingle</name>
         <load_address>0xae0a</load_address>
         <run_address>0xae0a</run_address>
         <size>0x12</size>
         <input_file_ref idref="fl-b"/>
      </object_component>
      <object_component id="oc-2e4">
         <name>.text:UartPutCrlf</name>
         <load_address>0xae1c</load_address>
         <run_address>0xae1c</run_address>
         <size>0x12</size>
         <input_file_ref idref="fl-d"/>
      </object_component>
      <object_component id="oc-150">
         <name>.text:UartSendCString</name>
         <load_address>0xae2e</load_address>
         <run_address>0xae2e</run_address>
         <size>0x12</size>
         <input_file_ref idref="fl-d"/>
      </object_component>
      <object_component id="oc-25">
         <name>.text:decompress:none:__TI_decompress_none</name>
         <load_address>0xae40</load_address>
         <run_address>0xae40</run_address>
         <size>0x12</size>
         <input_file_ref idref="fl-48"/>
      </object_component>
      <object_component id="oc-ba">
         <name>.text:memcpy</name>
         <load_address>0xae52</load_address>
         <run_address>0xae52</run_address>
         <size>0x12</size>
         <input_file_ref idref="fl-4d"/>
      </object_component>
      <object_component id="oc-1b0">
         <name>.text:Trf796xReset</name>
         <load_address>0xae64</load_address>
         <run_address>0xae64</run_address>
         <size>0x10</size>
         <input_file_ref idref="fl-b"/>
      </object_component>
      <object_component id="oc-3b6">
         <name>.text:Trf796xRunDecoders</name>
         <load_address>0xae74</load_address>
         <run_address>0xae74</run_address>
         <size>0x10</size>
         <input_file_ref idref="fl-b"/>
      </object_component>
      <object_component id="oc-1aa">
         <name>.text:Trf796xStopDecoders</name>
         <load_address>0xae84</load_address>
         <run_address>0xae84</run_address>
         <size>0x10</size>
         <input_file_ref idref="fl-b"/>
      </object_component>
      <object_component id="oc-3bc">
         <name>.text:Trf796xTransmitNextSlot</name>
         <load_address>0xae94</load_address>
         <run_address>0xae94</run_address>
         <size>0x10</size>
         <input_file_ref idref="fl-b"/>
      </object_component>
      <object_component id="oc-272">
         <name>.text:UartNibble2Ascii</name>
         <load_address>0xaea4</load_address>
         <run_address>0xaea4</run_address>
         <size>0x10</size>
         <input_file_ref idref="fl-d"/>
      </object_component>
      <object_component id="oc-aa">
         <name>.text</name>
         <load_address>0xaeb4</load_address>
         <run_address>0xaeb4</run_address>
         <size>0x10</size>
         <input_file_ref idref="fl-2b"/>
      </object_component>
      <object_component id="oc-464">
         <name>.text:SpiStartCondition</name>
         <load_address>0xaec4</load_address>
         <run_address>0xaec4</run_address>
         <size>0xe</size>
         <input_file_ref idref="fl-a"/>
      </object_component>
      <object_component id="oc-1fa">
         <name>.text:Trf796xReConfig</name>
         <load_address>0xaed2</load_address>
         <run_address>0xaed2</run_address>
         <size>0xc</size>
         <input_file_ref idref="fl-b"/>
      </object_component>
      <object_component id="oc-1c2">
         <name>.text:UartPutChar</name>
         <load_address>0xaede</load_address>
         <run_address>0xaede</run_address>
         <size>0xc</size>
         <input_file_ref idref="fl-d"/>
      </object_component>
      <object_component id="oc-c7">
         <name>.text:_isr:__TI_ISR_TRAP</name>
         <load_address>0xaeea</load_address>
         <run_address>0xaeea</run_address>
         <size>0x8</size>
         <input_file_ref idref="fl-38"/>
      </object_component>
      <object_component id="oc-219">
         <name>.text:abort</name>
         <load_address>0xaef2</load_address>
         <run_address>0xaef2</run_address>
         <size>0x6</size>
         <input_file_ref idref="fl-4a"/>
      </object_component>
      <object_component id="oc-164">
         <name>.text:_system_pre_init</name>
         <load_address>0xaef8</load_address>
         <run_address>0xaef8</run_address>
         <size>0x4</size>
         <input_file_ref idref="fl-46"/>
      </object_component>
      <object_component id="oc-338">
         <name>.text:_system_post_cinit</name>
         <load_address>0xaefc</load_address>
         <run_address>0xaefc</run_address>
         <size>0x2</size>
         <input_file_ref idref="fl-47"/>
      </object_component>
      <object_component id="oc-4d9">
         <name>.cinit..data.load</name>
         <load_address>0xb126</load_address>
         <run_address>0xb126</run_address>
         <size>0x10</size>
      </object_component>
      <object_component id="oc-4d6">
         <name>__TI_handler_table</name>
         <load_address>0xb136</load_address>
         <run_address>0xb136</run_address>
         <size>0x6</size>
      </object_component>
      <object_component id="oc-4d8">
         <name>.cinit..bss.load</name>
         <load_address>0xb13c</load_address>
         <run_address>0xb13c</run_address>
         <size>0x4</size>
      </object_component>
      <object_component id="oc-4d7">
         <name>__TI_cinit_table</name>
         <load_address>0xb140</load_address>
         <run_address>0xb140</run_address>
         <size>0x8</size>
      </object_component>
      <object_component id="oc-2ea">
         <name>.const:.string</name>
         <load_address>0xaefe</load_address>
         <run_address>0xaefe</run_address>
         <size>0x1da</size>
         <input_file_ref idref="fl-2"/>
      </object_component>
      <object_component id="oc-3e7">
         <name>.const:.string</name>
         <load_address>0xb0d8</load_address>
         <run_address>0xb0d8</run_address>
         <size>0x2c</size>
         <input_file_ref idref="fl-c"/>
      </object_component>
      <object_component id="oc-1a3">
         <name>.const:.string</name>
         <load_address>0xb104</load_address>
         <run_address>0xb104</run_address>
         <size>0x10</size>
         <input_file_ref idref="fl-b"/>
      </object_component>
      <object_component id="oc-14f">
         <name>.const:.string</name>
         <load_address>0xb114</load_address>
         <run_address>0xb114</run_address>
         <size>0x10</size>
         <input_file_ref idref="fl-d"/>
      </object_component>
      <object_component id="oc-2fd">
         <name>.const</name>
         <load_address>0xb124</load_address>
         <run_address>0xb124</run_address>
         <size>0x2</size>
         <input_file_ref idref="fl-2"/>
      </object_component>
      <object_component id="oc-2b">
         <name>.int00</name>
         <load_address>0xffe0</load_address>
         <run_address>0xffe0</run_address>
         <size>0x2</size>
         <input_file_ref idref="fl-2c"/>
      </object_component>
      <object_component id="oc-2c">
         <name>.int01</name>
         <load_address>0xffe2</load_address>
         <run_address>0xffe2</run_address>
         <size>0x2</size>
         <input_file_ref idref="fl-2d"/>
      </object_component>
      <object_component id="oc-2d">
         <name>.int02</name>
         <load_address>0xffe4</load_address>
         <run_address>0xffe4</run_address>
         <size>0x2</size>
         <input_file_ref idref="fl-2e"/>
      </object_component>
      <object_component id="oc-2e">
         <name>.int03</name>
         <load_address>0xffe6</load_address>
         <run_address>0xffe6</run_address>
         <size>0x2</size>
         <input_file_ref idref="fl-b"/>
      </object_component>
      <object_component id="oc-2f">
         <name>.int04</name>
         <load_address>0xffe8</load_address>
         <run_address>0xffe8</run_address>
         <size>0x2</size>
         <input_file_ref idref="fl-2f"/>
      </object_component>
      <object_component id="oc-30">
         <name>.int05</name>
         <load_address>0xffea</load_address>
         <run_address>0xffea</run_address>
         <size>0x2</size>
         <input_file_ref idref="fl-30"/>
      </object_component>
      <object_component id="oc-31">
         <name>.int06</name>
         <load_address>0xffec</load_address>
         <run_address>0xffec</run_address>
         <size>0x2</size>
         <input_file_ref idref="fl-31"/>
      </object_component>
      <object_component id="oc-32">
         <name>.int07</name>
         <load_address>0xffee</load_address>
         <run_address>0xffee</run_address>
         <size>0x2</size>
         <input_file_ref idref="fl-d"/>
      </object_component>
      <object_component id="oc-33">
         <name>.int08</name>
         <load_address>0xfff0</load_address>
         <run_address>0xfff0</run_address>
         <size>0x2</size>
         <input_file_ref idref="fl-32"/>
      </object_component>
      <object_component id="oc-34">
         <name>.int09</name>
         <load_address>0xfff2</load_address>
         <run_address>0xfff2</run_address>
         <size>0x2</size>
         <input_file_ref idref="fl-8"/>
      </object_component>
      <object_component id="oc-35">
         <name>.int10</name>
         <load_address>0xfff4</load_address>
         <run_address>0xfff4</run_address>
         <size>0x2</size>
         <input_file_ref idref="fl-33"/>
      </object_component>
      <object_component id="oc-36">
         <name>.int11</name>
         <load_address>0xfff6</load_address>
         <run_address>0xfff6</run_address>
         <size>0x2</size>
         <input_file_ref idref="fl-34"/>
      </object_component>
      <object_component id="oc-37">
         <name>.int12</name>
         <load_address>0xfff8</load_address>
         <run_address>0xfff8</run_address>
         <size>0x2</size>
         <input_file_ref idref="fl-35"/>
      </object_component>
      <object_component id="oc-38">
         <name>.int13</name>
         <load_address>0xfffa</load_address>
         <run_address>0xfffa</run_address>
         <size>0x2</size>
         <input_file_ref idref="fl-36"/>
      </object_component>
      <object_component id="oc-39">
         <name>.int14</name>
         <load_address>0xfffc</load_address>
         <run_address>0xfffc</run_address>
         <size>0x2</size>
         <input_file_ref idref="fl-37"/>
      </object_component>
      <object_component id="oc-9f">
         <name>.reset</name>
         <load_address>0xfffe</load_address>
         <run_address>0xfffe</run_address>
         <size>0x2</size>
         <input_file_ref idref="fl-41"/>
      </object_component>
      <object_component id="oc-156">
         <name>.data</name>
         <load_address>0xb</load_address>
         <run_address>0xb</run_address>
         <size>0x1</size>
         <input_file_ref idref="fl-2"/>
      </object_component>
      <object_component id="oc-1bf">
         <name>.data</name>
         <load_address>0xc</load_address>
         <run_address>0xc</run_address>
         <size>0x1</size>
         <input_file_ref idref="fl-3"/>
      </object_component>
      <object_component id="oc-2c0">
         <name>.data</name>
         <load_address>0x7</load_address>
         <run_address>0x7</run_address>
         <size>0x2</size>
         <input_file_ref idref="fl-5"/>
      </object_component>
      <object_component id="oc-134">
         <name>.data</name>
         <load_address>0x0</load_address>
         <run_address>0x0</run_address>
         <size>0x7</size>
         <input_file_ref idref="fl-6"/>
      </object_component>
      <object_component id="oc-367">
         <name>.data</name>
         <load_address>0xd</load_address>
         <run_address>0xd</run_address>
         <size>0x1</size>
         <input_file_ref idref="fl-a"/>
      </object_component>
      <object_component id="oc-388">
         <name>.data</name>
         <load_address>0xe</load_address>
         <run_address>0xe</run_address>
         <size>0x1</size>
         <input_file_ref idref="fl-b"/>
      </object_component>
      <object_component id="oc-146">
         <name>.data</name>
         <load_address>0x9</load_address>
         <run_address>0x9</run_address>
         <size>0x2</size>
         <input_file_ref idref="fl-d"/>
      </object_component>
      <object_component id="oc-325">
         <name>.debug_info</name>
         <load_address>0x0</load_address>
         <run_address>0x0</run_address>
         <size>0x882</size>
         <input_file_ref idref="fl-2"/>
      </object_component>
      <object_component id="oc-2fe">
         <name>.debug_info</name>
         <load_address>0x882</load_address>
         <run_address>0x882</run_address>
         <size>0xda</size>
         <input_file_ref idref="fl-2"/>
      </object_component>
      <object_component id="oc-157">
         <name>.debug_info</name>
         <load_address>0x95c</load_address>
         <run_address>0x95c</run_address>
         <size>0xe6</size>
         <input_file_ref idref="fl-2"/>
      </object_component>
      <object_component id="oc-2ee">
         <name>.debug_info</name>
         <load_address>0xa42</load_address>
         <run_address>0xa42</run_address>
         <size>0x455</size>
         <input_file_ref idref="fl-2"/>
      </object_component>
      <object_component id="oc-307">
         <name>.debug_info</name>
         <load_address>0xe97</load_address>
         <run_address>0xe97</run_address>
         <size>0x377</size>
         <input_file_ref idref="fl-2"/>
      </object_component>
      <object_component id="oc-213">
         <name>.debug_info</name>
         <load_address>0x120e</load_address>
         <run_address>0x120e</run_address>
         <size>0x6f0</size>
         <input_file_ref idref="fl-2"/>
      </object_component>
      <object_component id="oc-b5">
         <name>.debug_info</name>
         <load_address>0x18fe</load_address>
         <run_address>0x18fe</run_address>
         <size>0x84</size>
         <input_file_ref idref="fl-2"/>
      </object_component>
      <object_component id="oc-191">
         <name>.debug_info</name>
         <load_address>0x1982</load_address>
         <run_address>0x1982</run_address>
         <size>0x6d</size>
         <input_file_ref idref="fl-2"/>
      </object_component>
      <object_component id="oc-3e2">
         <name>.debug_info</name>
         <load_address>0x19ef</load_address>
         <run_address>0x19ef</run_address>
         <size>0x539</size>
         <input_file_ref idref="fl-3"/>
      </object_component>
      <object_component id="oc-1c0">
         <name>.debug_info</name>
         <load_address>0x1f28</load_address>
         <run_address>0x1f28</run_address>
         <size>0xe1</size>
         <input_file_ref idref="fl-3"/>
      </object_component>
      <object_component id="oc-2f2">
         <name>.debug_info</name>
         <load_address>0x2009</load_address>
         <run_address>0x2009</run_address>
         <size>0x296</size>
         <input_file_ref idref="fl-3"/>
      </object_component>
      <object_component id="oc-3c6">
         <name>.debug_info</name>
         <load_address>0x229f</load_address>
         <run_address>0x229f</run_address>
         <size>0x64e</size>
         <input_file_ref idref="fl-3"/>
      </object_component>
      <object_component id="oc-2d1">
         <name>.debug_info</name>
         <load_address>0x28ed</load_address>
         <run_address>0x28ed</run_address>
         <size>0x2b8</size>
         <input_file_ref idref="fl-3"/>
      </object_component>
      <object_component id="oc-207">
         <name>.debug_info</name>
         <load_address>0x2ba5</load_address>
         <run_address>0x2ba5</run_address>
         <size>0x1c0</size>
         <input_file_ref idref="fl-3"/>
      </object_component>
      <object_component id="oc-3d0">
         <name>.debug_info</name>
         <load_address>0x2d65</load_address>
         <run_address>0x2d65</run_address>
         <size>0x1ba</size>
         <input_file_ref idref="fl-4"/>
      </object_component>
      <object_component id="oc-2d9">
         <name>.debug_info</name>
         <load_address>0x2f1f</load_address>
         <run_address>0x2f1f</run_address>
         <size>0x311</size>
         <input_file_ref idref="fl-4"/>
      </object_component>
      <object_component id="oc-210">
         <name>.debug_info</name>
         <load_address>0x3230</load_address>
         <run_address>0x3230</run_address>
         <size>0x1c0</size>
         <input_file_ref idref="fl-4"/>
      </object_component>
      <object_component id="oc-3c3">
         <name>.debug_info</name>
         <load_address>0x33f0</load_address>
         <run_address>0x33f0</run_address>
         <size>0x64f</size>
         <input_file_ref idref="fl-5"/>
      </object_component>
      <object_component id="oc-2c1">
         <name>.debug_info</name>
         <load_address>0x3a3f</load_address>
         <run_address>0x3a3f</run_address>
         <size>0xef</size>
         <input_file_ref idref="fl-5"/>
      </object_component>
      <object_component id="oc-39b">
         <name>.debug_info</name>
         <load_address>0x3b2e</load_address>
         <run_address>0x3b2e</run_address>
         <size>0x1ab</size>
         <input_file_ref idref="fl-5"/>
      </object_component>
      <object_component id="oc-2c5">
         <name>.debug_info</name>
         <load_address>0x3cd9</load_address>
         <run_address>0x3cd9</run_address>
         <size>0x560</size>
         <input_file_ref idref="fl-5"/>
      </object_component>
      <object_component id="oc-201">
         <name>.debug_info</name>
         <load_address>0x4239</load_address>
         <run_address>0x4239</run_address>
         <size>0x1ba</size>
         <input_file_ref idref="fl-5"/>
      </object_component>
      <object_component id="oc-1bd">
         <name>.debug_info</name>
         <load_address>0x43f3</load_address>
         <run_address>0x43f3</run_address>
         <size>0x3c9</size>
         <input_file_ref idref="fl-6"/>
      </object_component>
      <object_component id="oc-135">
         <name>.debug_info</name>
         <load_address>0x47bc</load_address>
         <run_address>0x47bc</run_address>
         <size>0x1c6</size>
         <input_file_ref idref="fl-6"/>
      </object_component>
      <object_component id="oc-16b">
         <name>.debug_info</name>
         <load_address>0x4982</load_address>
         <run_address>0x4982</run_address>
         <size>0x1f4</size>
         <input_file_ref idref="fl-6"/>
      </object_component>
      <object_component id="oc-285">
         <name>.debug_info</name>
         <load_address>0x4b76</load_address>
         <run_address>0x4b76</run_address>
         <size>0x26b</size>
         <input_file_ref idref="fl-6"/>
      </object_component>
      <object_component id="oc-382">
         <name>.debug_info</name>
         <load_address>0x4de1</load_address>
         <run_address>0x4de1</run_address>
         <size>0x282</size>
         <input_file_ref idref="fl-6"/>
      </object_component>
      <object_component id="oc-15b">
         <name>.debug_info</name>
         <load_address>0x5063</load_address>
         <run_address>0x5063</run_address>
         <size>0x2a9</size>
         <input_file_ref idref="fl-8"/>
      </object_component>
      <object_component id="oc-dc">
         <name>.debug_info</name>
         <load_address>0x530c</load_address>
         <run_address>0x530c</run_address>
         <size>0x173</size>
         <input_file_ref idref="fl-8"/>
      </object_component>
      <object_component id="oc-1f6">
         <name>.debug_info</name>
         <load_address>0x547f</load_address>
         <run_address>0x547f</run_address>
         <size>0x15c</size>
         <input_file_ref idref="fl-8"/>
      </object_component>
      <object_component id="oc-1eb">
         <name>.debug_info</name>
         <load_address>0x55db</load_address>
         <run_address>0x55db</run_address>
         <size>0x161</size>
         <input_file_ref idref="fl-8"/>
      </object_component>
      <object_component id="oc-3ae">
         <name>.debug_info</name>
         <load_address>0x573c</load_address>
         <run_address>0x573c</run_address>
         <size>0x133</size>
         <input_file_ref idref="fl-8"/>
      </object_component>
      <object_component id="oc-366">
         <name>.debug_info</name>
         <load_address>0x586f</load_address>
         <run_address>0x586f</run_address>
         <size>0x27c</size>
         <input_file_ref idref="fl-9"/>
      </object_component>
      <object_component id="oc-35d">
         <name>.debug_info</name>
         <load_address>0x5aeb</load_address>
         <run_address>0x5aeb</run_address>
         <size>0x12d</size>
         <input_file_ref idref="fl-9"/>
      </object_component>
      <object_component id="oc-363">
         <name>.debug_info</name>
         <load_address>0x5c18</load_address>
         <run_address>0x5c18</run_address>
         <size>0x12d</size>
         <input_file_ref idref="fl-9"/>
      </object_component>
      <object_component id="oc-292">
         <name>.debug_info</name>
         <load_address>0x5d45</load_address>
         <run_address>0x5d45</run_address>
         <size>0x1b9</size>
         <input_file_ref idref="fl-9"/>
      </object_component>
      <object_component id="oc-370">
         <name>.debug_info</name>
         <load_address>0x5efe</load_address>
         <run_address>0x5efe</run_address>
         <size>0x12f</size>
         <input_file_ref idref="fl-9"/>
      </object_component>
      <object_component id="oc-415">
         <name>.debug_info</name>
         <load_address>0x602d</load_address>
         <run_address>0x602d</run_address>
         <size>0x1ab</size>
         <input_file_ref idref="fl-9"/>
      </object_component>
      <object_component id="oc-2a3">
         <name>.debug_info</name>
         <load_address>0x61d8</load_address>
         <run_address>0x61d8</run_address>
         <size>0x11a</size>
         <input_file_ref idref="fl-9"/>
      </object_component>
      <object_component id="oc-25c">
         <name>.debug_info</name>
         <load_address>0x62f2</load_address>
         <run_address>0x62f2</run_address>
         <size>0x1a9</size>
         <input_file_ref idref="fl-9"/>
      </object_component>
      <object_component id="oc-269">
         <name>.debug_info</name>
         <load_address>0x649b</load_address>
         <run_address>0x649b</run_address>
         <size>0x1a6</size>
         <input_file_ref idref="fl-9"/>
      </object_component>
      <object_component id="oc-407">
         <name>.debug_info</name>
         <load_address>0x6641</load_address>
         <run_address>0x6641</run_address>
         <size>0x1a6</size>
         <input_file_ref idref="fl-9"/>
      </object_component>
      <object_component id="oc-422">
         <name>.debug_info</name>
         <load_address>0x67e7</load_address>
         <run_address>0x67e7</run_address>
         <size>0x16f</size>
         <input_file_ref idref="fl-9"/>
      </object_component>
      <object_component id="oc-377">
         <name>.debug_info</name>
         <load_address>0x6956</load_address>
         <run_address>0x6956</run_address>
         <size>0x185</size>
         <input_file_ref idref="fl-9"/>
      </object_component>
      <object_component id="oc-36b">
         <name>.debug_info</name>
         <load_address>0x6adb</load_address>
         <run_address>0x6adb</run_address>
         <size>0x313</size>
         <input_file_ref idref="fl-a"/>
      </object_component>
      <object_component id="oc-368">
         <name>.debug_info</name>
         <load_address>0x6dee</load_address>
         <run_address>0x6dee</run_address>
         <size>0xd1</size>
         <input_file_ref idref="fl-a"/>
      </object_component>
      <object_component id="oc-295">
         <name>.debug_info</name>
         <load_address>0x6ebf</load_address>
         <run_address>0x6ebf</run_address>
         <size>0x167</size>
         <input_file_ref idref="fl-a"/>
      </object_component>
      <object_component id="oc-418">
         <name>.debug_info</name>
         <load_address>0x7026</load_address>
         <run_address>0x7026</run_address>
         <size>0x158</size>
         <input_file_ref idref="fl-a"/>
      </object_component>
      <object_component id="oc-38f">
         <name>.debug_info</name>
         <load_address>0x717e</load_address>
         <run_address>0x717e</run_address>
         <size>0x108</size>
         <input_file_ref idref="fl-a"/>
      </object_component>
      <object_component id="oc-2af">
         <name>.debug_info</name>
         <load_address>0x7286</load_address>
         <run_address>0x7286</run_address>
         <size>0x114</size>
         <input_file_ref idref="fl-a"/>
      </object_component>
      <object_component id="oc-465">
         <name>.debug_info</name>
         <load_address>0x739a</load_address>
         <run_address>0x739a</run_address>
         <size>0x116</size>
         <input_file_ref idref="fl-a"/>
      </object_component>
      <object_component id="oc-2a6">
         <name>.debug_info</name>
         <load_address>0x74b0</load_address>
         <run_address>0x74b0</run_address>
         <size>0x115</size>
         <input_file_ref idref="fl-a"/>
      </object_component>
      <object_component id="oc-25f">
         <name>.debug_info</name>
         <load_address>0x75c5</load_address>
         <run_address>0x75c5</run_address>
         <size>0x15a</size>
         <input_file_ref idref="fl-a"/>
      </object_component>
      <object_component id="oc-26c">
         <name>.debug_info</name>
         <load_address>0x771f</load_address>
         <run_address>0x771f</run_address>
         <size>0x15e</size>
         <input_file_ref idref="fl-a"/>
      </object_component>
      <object_component id="oc-40a">
         <name>.debug_info</name>
         <load_address>0x787d</load_address>
         <run_address>0x787d</run_address>
         <size>0x153</size>
         <input_file_ref idref="fl-a"/>
      </object_component>
      <object_component id="oc-425">
         <name>.debug_info</name>
         <load_address>0x79d0</load_address>
         <run_address>0x79d0</run_address>
         <size>0x14c</size>
         <input_file_ref idref="fl-a"/>
      </object_component>
      <object_component id="oc-37c">
         <name>.debug_info</name>
         <load_address>0x7b1c</load_address>
         <run_address>0x7b1c</run_address>
         <size>0x14b</size>
         <input_file_ref idref="fl-a"/>
      </object_component>
      <object_component id="oc-144">
         <name>.debug_info</name>
         <load_address>0x7c67</load_address>
         <run_address>0x7c67</run_address>
         <size>0x67e</size>
         <input_file_ref idref="fl-b"/>
      </object_component>
      <object_component id="oc-389">
         <name>.debug_info</name>
         <load_address>0x82e5</load_address>
         <run_address>0x82e5</run_address>
         <size>0xe3</size>
         <input_file_ref idref="fl-b"/>
      </object_component>
      <object_component id="oc-1d3">
         <name>.debug_info</name>
         <load_address>0x83c8</load_address>
         <run_address>0x83c8</run_address>
         <size>0x179</size>
         <input_file_ref idref="fl-b"/>
      </object_component>
      <object_component id="oc-197">
         <name>.debug_info</name>
         <load_address>0x8541</load_address>
         <run_address>0x8541</run_address>
         <size>0x175</size>
         <input_file_ref idref="fl-b"/>
      </object_component>
      <object_component id="oc-2bb">
         <name>.debug_info</name>
         <load_address>0x86b6</load_address>
         <run_address>0x86b6</run_address>
         <size>0x36e</size>
         <input_file_ref idref="fl-b"/>
      </object_component>
      <object_component id="oc-319">
         <name>.debug_info</name>
         <load_address>0x8a24</load_address>
         <run_address>0x8a24</run_address>
         <size>0x171</size>
         <input_file_ref idref="fl-b"/>
      </object_component>
      <object_component id="oc-2b5">
         <name>.debug_info</name>
         <load_address>0x8b95</load_address>
         <run_address>0x8b95</run_address>
         <size>0x14f</size>
         <input_file_ref idref="fl-b"/>
      </object_component>
      <object_component id="oc-2ca">
         <name>.debug_info</name>
         <load_address>0x8ce4</load_address>
         <run_address>0x8ce4</run_address>
         <size>0x151</size>
         <input_file_ref idref="fl-b"/>
      </object_component>
      <object_component id="oc-27b">
         <name>.debug_info</name>
         <load_address>0x8e35</load_address>
         <run_address>0x8e35</run_address>
         <size>0x169</size>
         <input_file_ref idref="fl-b"/>
      </object_component>
      <object_component id="oc-3bd">
         <name>.debug_info</name>
         <load_address>0x8f9e</load_address>
         <run_address>0x8f9e</run_address>
         <size>0x149</size>
         <input_file_ref idref="fl-b"/>
      </object_component>
      <object_component id="oc-1ab">
         <name>.debug_info</name>
         <load_address>0x90e7</load_address>
         <run_address>0x90e7</run_address>
         <size>0x141</size>
         <input_file_ref idref="fl-b"/>
      </object_component>
      <object_component id="oc-3b7">
         <name>.debug_info</name>
         <load_address>0x9228</load_address>
         <run_address>0x9228</run_address>
         <size>0x13f</size>
         <input_file_ref idref="fl-b"/>
      </object_component>
      <object_component id="oc-19d">
         <name>.debug_info</name>
         <load_address>0x9367</load_address>
         <run_address>0x9367</run_address>
         <size>0x16d</size>
         <input_file_ref idref="fl-b"/>
      </object_component>
      <object_component id="oc-1b7">
         <name>.debug_info</name>
         <load_address>0x94d4</load_address>
         <run_address>0x94d4</run_address>
         <size>0x176</size>
         <input_file_ref idref="fl-b"/>
      </object_component>
      <object_component id="oc-1b1">
         <name>.debug_info</name>
         <load_address>0x964a</load_address>
         <run_address>0x964a</run_address>
         <size>0x133</size>
         <input_file_ref idref="fl-b"/>
      </object_component>
      <object_component id="oc-13a">
         <name>.debug_info</name>
         <load_address>0x977d</load_address>
         <run_address>0x977d</run_address>
         <size>0x178</size>
         <input_file_ref idref="fl-b"/>
      </object_component>
      <object_component id="oc-1fd">
         <name>.debug_info</name>
         <load_address>0x98f5</load_address>
         <run_address>0x98f5</run_address>
         <size>0x135</size>
         <input_file_ref idref="fl-b"/>
      </object_component>
      <object_component id="oc-30d">
         <name>.debug_info</name>
         <load_address>0x9a2a</load_address>
         <run_address>0x9a2a</run_address>
         <size>0x16d</size>
         <input_file_ref idref="fl-b"/>
      </object_component>
      <object_component id="oc-13e">
         <name>.debug_info</name>
         <load_address>0x9b97</load_address>
         <run_address>0x9b97</run_address>
         <size>0x3ef</size>
         <input_file_ref idref="fl-b"/>
      </object_component>
      <object_component id="oc-cd">
         <name>.debug_info</name>
         <load_address>0x9f86</load_address>
         <run_address>0x9f86</run_address>
         <size>0x163</size>
         <input_file_ref idref="fl-b"/>
      </object_component>
      <object_component id="oc-14c">
         <name>.debug_info</name>
         <load_address>0xa0e9</load_address>
         <run_address>0xa0e9</run_address>
         <size>0x162</size>
         <input_file_ref idref="fl-b"/>
      </object_component>
      <object_component id="oc-3a0">
         <name>.debug_info</name>
         <load_address>0xa24b</load_address>
         <run_address>0xa24b</run_address>
         <size>0x15e</size>
         <input_file_ref idref="fl-b"/>
      </object_component>
      <object_component id="oc-3b2">
         <name>.debug_info</name>
         <load_address>0xa3a9</load_address>
         <run_address>0xa3a9</run_address>
         <size>0x160</size>
         <input_file_ref idref="fl-b"/>
      </object_component>
      <object_component id="oc-31f">
         <name>.debug_info</name>
         <load_address>0xa509</load_address>
         <run_address>0xa509</run_address>
         <size>0x14c</size>
         <input_file_ref idref="fl-b"/>
      </object_component>
      <object_component id="oc-1f0">
         <name>.debug_info</name>
         <load_address>0xa655</load_address>
         <run_address>0xa655</run_address>
         <size>0x152</size>
         <input_file_ref idref="fl-b"/>
      </object_component>
      <object_component id="oc-401">
         <name>.debug_info</name>
         <load_address>0xa7a7</load_address>
         <run_address>0xa7a7</run_address>
         <size>0x3fb</size>
         <input_file_ref idref="fl-c"/>
      </object_component>
      <object_component id="oc-3f2">
         <name>.debug_info</name>
         <load_address>0xaba2</load_address>
         <run_address>0xaba2</run_address>
         <size>0x26d</size>
         <input_file_ref idref="fl-c"/>
      </object_component>
      <object_component id="oc-3ec">
         <name>.debug_info</name>
         <load_address>0xae0f</load_address>
         <run_address>0xae0f</run_address>
         <size>0x26d</size>
         <input_file_ref idref="fl-c"/>
      </object_component>
      <object_component id="oc-3f8">
         <name>.debug_info</name>
         <load_address>0xb07c</load_address>
         <run_address>0xb07c</run_address>
         <size>0x2a8</size>
         <input_file_ref idref="fl-c"/>
      </object_component>
      <object_component id="oc-3fe">
         <name>.debug_info</name>
         <load_address>0xb324</load_address>
         <run_address>0xb324</run_address>
         <size>0x2ad</size>
         <input_file_ref idref="fl-c"/>
      </object_component>
      <object_component id="oc-304">
         <name>.debug_info</name>
         <load_address>0xb5d1</load_address>
         <run_address>0xb5d1</run_address>
         <size>0x1ad</size>
         <input_file_ref idref="fl-c"/>
      </object_component>
      <object_component id="oc-1da">
         <name>.debug_info</name>
         <load_address>0xb77e</load_address>
         <run_address>0xb77e</run_address>
         <size>0x39f</size>
         <input_file_ref idref="fl-d"/>
      </object_component>
      <object_component id="oc-147">
         <name>.debug_info</name>
         <load_address>0xbb1d</load_address>
         <run_address>0xbb1d</run_address>
         <size>0xf7</size>
         <input_file_ref idref="fl-d"/>
      </object_component>
      <object_component id="oc-1e3">
         <name>.debug_info</name>
         <load_address>0xbc14</load_address>
         <run_address>0xbc14</run_address>
         <size>0x109</size>
         <input_file_ref idref="fl-d"/>
      </object_component>
      <object_component id="oc-1c4">
         <name>.debug_info</name>
         <load_address>0xbd1d</load_address>
         <run_address>0xbd1d</run_address>
         <size>0x139</size>
         <input_file_ref idref="fl-d"/>
      </object_component>
      <object_component id="oc-151">
         <name>.debug_info</name>
         <load_address>0xbe56</load_address>
         <run_address>0xbe56</run_address>
         <size>0x149</size>
         <input_file_ref idref="fl-d"/>
      </object_component>
      <object_component id="oc-d3">
         <name>.debug_info</name>
         <load_address>0xbf9f</load_address>
         <run_address>0xbf9f</run_address>
         <size>0x145</size>
         <input_file_ref idref="fl-d"/>
      </object_component>
      <object_component id="oc-273">
         <name>.debug_info</name>
         <load_address>0xc0e4</load_address>
         <run_address>0xc0e4</run_address>
         <size>0x161</size>
         <input_file_ref idref="fl-d"/>
      </object_component>
      <object_component id="oc-1a5">
         <name>.debug_info</name>
         <load_address>0xc245</load_address>
         <run_address>0xc245</run_address>
         <size>0x1ab</size>
         <input_file_ref idref="fl-d"/>
      </object_component>
      <object_component id="oc-2e5">
         <name>.debug_info</name>
         <load_address>0xc3f0</load_address>
         <run_address>0xc3f0</run_address>
         <size>0x131</size>
         <input_file_ref idref="fl-d"/>
      </object_component>
      <object_component id="oc-313">
         <name>.debug_info</name>
         <load_address>0xc521</load_address>
         <run_address>0xc521</run_address>
         <size>0x1a3</size>
         <input_file_ref idref="fl-d"/>
      </object_component>
      <object_component id="oc-3d4">
         <name>.debug_info</name>
         <load_address>0xc6c4</load_address>
         <run_address>0xc6c4</run_address>
         <size>0x140</size>
         <input_file_ref idref="fl-d"/>
      </object_component>
      <object_component id="oc-2df">
         <name>.debug_info</name>
         <load_address>0xc804</load_address>
         <run_address>0xc804</run_address>
         <size>0x1ee</size>
         <input_file_ref idref="fl-d"/>
      </object_component>
      <object_component id="oc-2f8">
         <name>.debug_info</name>
         <load_address>0xc9f2</load_address>
         <run_address>0xc9f2</run_address>
         <size>0x12c</size>
         <input_file_ref idref="fl-d"/>
      </object_component>
      <object_component id="oc-1c9">
         <name>.debug_info</name>
         <load_address>0xcb1e</load_address>
         <run_address>0xcb1e</run_address>
         <size>0x120</size>
         <input_file_ref idref="fl-28"/>
      </object_component>
      <object_component id="oc-3dd">
         <name>.debug_info</name>
         <load_address>0xcc3e</load_address>
         <run_address>0xcc3e</run_address>
         <size>0x135</size>
         <input_file_ref idref="fl-29"/>
      </object_component>
      <object_component id="oc-47c">
         <name>.debug_info</name>
         <load_address>0xcd73</load_address>
         <run_address>0xcd73</run_address>
         <size>0x121</size>
         <input_file_ref idref="fl-2a"/>
      </object_component>
      <object_component id="oc-ab">
         <name>.debug_info</name>
         <load_address>0xce94</load_address>
         <run_address>0xce94</run_address>
         <size>0x12e</size>
         <input_file_ref idref="fl-2b"/>
      </object_component>
      <object_component id="oc-ca">
         <name>.debug_info</name>
         <load_address>0xcfc2</load_address>
         <run_address>0xcfc2</run_address>
         <size>0x10f</size>
         <input_file_ref idref="fl-38"/>
      </object_component>
      <object_component id="oc-a3">
         <name>.debug_info</name>
         <load_address>0xd0d1</load_address>
         <run_address>0xd0d1</run_address>
         <size>0x120</size>
         <input_file_ref idref="fl-39"/>
      </object_component>
      <object_component id="oc-3a7">
         <name>.debug_info</name>
         <load_address>0xd1f1</load_address>
         <run_address>0xd1f1</run_address>
         <size>0x126</size>
         <input_file_ref idref="fl-3a"/>
      </object_component>
      <object_component id="oc-a6">
         <name>.debug_info</name>
         <load_address>0xd317</load_address>
         <run_address>0xd317</run_address>
         <size>0x120</size>
         <input_file_ref idref="fl-3b"/>
      </object_component>
      <object_component id="oc-9d">
         <name>.debug_info</name>
         <load_address>0xd437</load_address>
         <run_address>0xd437</run_address>
         <size>0x100</size>
         <input_file_ref idref="fl-41"/>
      </object_component>
      <object_component id="oc-f1">
         <name>.debug_info</name>
         <load_address>0xd537</load_address>
         <run_address>0xd537</run_address>
         <size>0x17a</size>
         <input_file_ref idref="fl-41"/>
      </object_component>
      <object_component id="oc-33f">
         <name>.debug_info</name>
         <load_address>0xd6b1</load_address>
         <run_address>0xd6b1</run_address>
         <size>0x3de</size>
         <input_file_ref idref="fl-42"/>
      </object_component>
      <object_component id="oc-226">
         <name>.debug_info</name>
         <load_address>0xda8f</load_address>
         <run_address>0xda8f</run_address>
         <size>0x1e0</size>
         <input_file_ref idref="fl-42"/>
      </object_component>
      <object_component id="oc-444">
         <name>.debug_info</name>
         <load_address>0xdc6f</load_address>
         <run_address>0xdc6f</run_address>
         <size>0x39</size>
         <input_file_ref idref="fl-42"/>
      </object_component>
      <object_component id="oc-455">
         <name>.debug_info</name>
         <load_address>0xdca8</load_address>
         <run_address>0xdca8</run_address>
         <size>0x2c</size>
         <input_file_ref idref="fl-42"/>
      </object_component>
      <object_component id="oc-34a">
         <name>.debug_info</name>
         <load_address>0xdcd4</load_address>
         <run_address>0xdcd4</run_address>
         <size>0x2c</size>
         <input_file_ref idref="fl-42"/>
      </object_component>
      <object_component id="oc-449">
         <name>.debug_info</name>
         <load_address>0xdd00</load_address>
         <run_address>0xdd00</run_address>
         <size>0xcd</size>
         <input_file_ref idref="fl-42"/>
      </object_component>
      <object_component id="oc-162">
         <name>.debug_info</name>
         <load_address>0xddcd</load_address>
         <run_address>0xddcd</run_address>
         <size>0x175</size>
         <input_file_ref idref="fl-43"/>
      </object_component>
      <object_component id="oc-e1">
         <name>.debug_info</name>
         <load_address>0xdf42</load_address>
         <run_address>0xdf42</run_address>
         <size>0x1d2</size>
         <input_file_ref idref="fl-43"/>
      </object_component>
      <object_component id="oc-15d">
         <name>.debug_info</name>
         <load_address>0xe114</load_address>
         <run_address>0xe114</run_address>
         <size>0x46</size>
         <input_file_ref idref="fl-43"/>
      </object_component>
      <object_component id="oc-127">
         <name>.debug_info</name>
         <load_address>0xe15a</load_address>
         <run_address>0xe15a</run_address>
         <size>0x2c</size>
         <input_file_ref idref="fl-43"/>
      </object_component>
      <object_component id="oc-167">
         <name>.debug_info</name>
         <load_address>0xe186</load_address>
         <run_address>0xe186</run_address>
         <size>0x153</size>
         <input_file_ref idref="fl-46"/>
      </object_component>
      <object_component id="oc-339">
         <name>.debug_info</name>
         <load_address>0xe2d9</load_address>
         <run_address>0xe2d9</run_address>
         <size>0x150</size>
         <input_file_ref idref="fl-47"/>
      </object_component>
      <object_component id="oc-c6">
         <name>.debug_info</name>
         <load_address>0xe429</load_address>
         <run_address>0xe429</run_address>
         <size>0x180</size>
         <input_file_ref idref="fl-48"/>
      </object_component>
      <object_component id="oc-27">
         <name>.debug_info</name>
[...]
         <object_component_ref idref="oc-1ee"/>
      </symbol>
      <symbol id="sm-4a2">
         <name>Trf796xReset</name>
         <value>0xae64</value>
         <object_component_ref idref="oc-1b0"/>
      </symbol>
      <symbol id="sm-4fb">
         <name>Type2WriteOneBlock</name>
         <value>0x9f84</value>
         <object_component_ref idref="oc-3e8"/>
      </symbol>
      <symbol id="sm-4fc">
         <name>Type2WriteTwoBlocks</name>
         <value>0x9cf4</value>
         <object_component_ref idref="oc-3ee"/>
      </symbol>
      <symbol id="sm-4fd">
         <name>Type2ReadFourBlocks</name>
         <value>0x9a3c</value>
         <object_component_ref idref="oc-3fa"/>
      </symbol>
      <symbol id="sm-4fe">
         <name>Type2ReadTwoBlocks</name>
         <value>0x9b9a</value>
         <object_component_ref idref="oc-3f4"/>
      </symbol>
      <symbol id="sm-4ff">
         <name>Type2Command</name>
         <value>0xa812</value>
         <object_component_ref idref="oc-300"/>
      </symbol>
      <symbol id="sm-576">
         <name>UartSendCString</name>
         <value>0xae2e</value>
         <object_component_ref idref="oc-150"/>
      </symbol>
      <symbol id="sm-577">
         <name>UartRxHandler</name>
         <value>0xa478</value>
         <object_component_ref idref="oc-d2"/>
      </symbol>
      <symbol id="sm-578">
         <name>UartNibble2Ascii</name>
         <value>0xaea4</value>
         <object_component_ref idref="oc-272"/>
      </symbol>
      <symbol id="sm-579">
         <name>__TI_int07</name>
         <value>0xffee</value>
         <object_component_ref idref="oc-32"/>
      </symbol>
      <symbol id="sm-57a">
         <name>UartResponse</name>
         <value>0xaaca</value>
         <object_component_ref idref="oc-312"/>
      </symbol>
      <symbol id="sm-57b">
         <name>UartSetup</name>
         <value>0xa87e</value>
         <object_component_ref idref="oc-1e2"/>
      </symbol>
      <symbol id="sm-57c">
         <name>rx_done</name>
         <value>0xa</value>
         <object_component_ref idref="oc-146"/>
      </symbol>
      <symbol id="sm-57d">
         <name>UartPutChar</name>
         <value>0xaede</value>
         <object_component_ref idref="oc-1c2"/>
      </symbol>
      <symbol id="sm-57e">
         <name>UartPutBksp</name>
         <value>0xad4c</value>
         <object_component_ref idref="oc-3d3"/>
      </symbol>
      <symbol id="sm-57f">
         <name>rx_data</name>
         <value>0x9</value>
         <object_component_ref idref="oc-146"/>
      </symbol>
      <symbol id="sm-580">
         <name>UartPutByte</name>
         <value>0xac3a</value>
         <object_component_ref idref="oc-1a4"/>
      </symbol>
      <symbol id="sm-581">
         <name>UartBaudSet</name>
         <value>0xac9a</value>
         <object_component_ref idref="oc-2f7"/>
      </symbol>
      <symbol id="sm-582">
         <name>UartPutCrlf</name>
         <value>0xae1c</value>
         <object_component_ref idref="oc-2e4"/>
      </symbol>
      <symbol id="sm-583">
         <name>UartGetLine</name>
         <value>0xa0ca</value>
         <object_component_ref idref="oc-2de"/>
      </symbol>
      <symbol id="sm-58b">
         <name>__mspabi_srai</name>
         <value>0xa9f2</value>
         <object_component_ref idref="oc-1c8"/>
      </symbol>
      <symbol id="sm-58c">
         <name>__mspabi_srai_8</name>
         <value>0xaa0c</value>
         <object_component_ref idref="oc-1c8"/>
      </symbol>
      <symbol id="sm-58d">
         <name>__mspabi_srai_9</name>
         <value>0xaa0a</value>
         <object_component_ref idref="oc-1c8"/>
      </symbol>
      <symbol id="sm-58e">
         <name>__mspabi_srai_6</name>
         <value>0xaa10</value>
         <object_component_ref idref="oc-1c8"/>
      </symbol>
      <symbol id="sm-58f">
         <name>__mspabi_srai_7</name>
         <value>0xaa0e</value>
         <object_component_ref idref="oc-1c8"/>
      </symbol>
      <symbol id="sm-590">
         <name>__mspabi_srai_4</name>
         <value>0xaa14</value>
         <object_component_ref idref="oc-1c8"/>
      </symbol>
      <symbol id="sm-591">
         <name>__mspabi_srai_5</name>
         <value>0xaa12</value>
         <object_component_ref idref="oc-1c8"/>
      </symbol>
      <symbol id="sm-592">
         <name>__mspabi_srai_2</name>
         <value>0xaa18</value>
         <object_component_ref idref="oc-1c8"/>
      </symbol>
      <symbol id="sm-593">
         <name>__mspabi_srai_3</name>
         <value>0xaa16</value>
         <object_component_ref idref="oc-1c8"/>
      </symbol>
      <symbol id="sm-594">
         <name>__mspabi_srai_1</name>
         <value>0xaa1a</value>
         <object_component_ref idref="oc-1c8"/>
      </symbol>
      <symbol id="sm-595">
         <name>__mspabi_srai_15</name>
         <value>0xa9fe</value>
         <object_component_ref idref="oc-1c8"/>
      </symbol>
      <symbol id="sm-596">
         <name>__mspabi_srai_14</name>
         <value>0xaa00</value>
         <object_component_ref idref="oc-1c8"/>
      </symbol>
      <symbol id="sm-597">
         <name>__mspabi_srai_13</name>
         <value>0xaa02</value>
         <object_component_ref idref="oc-1c8"/>
      </symbol>
      <symbol id="sm-598">
         <name>__mspabi_srai_12</name>
         <value>0xaa04</value>
         <object_component_ref idref="oc-1c8"/>
      </symbol>
      <symbol id="sm-599">
         <name>__mspabi_srai_11</name>
         <value>0xaa06</value>
         <object_component_ref idref="oc-1c8"/>
      </symbol>
      <symbol id="sm-59a">
         <name>__mspabi_srai_10</name>
         <value>0xaa08</value>
         <object_component_ref idref="oc-1c8"/>
      </symbol>
      <symbol id="sm-5a6">
         <name>__mspabi_remi</name>
         <value>0xaa1e</value>
         <object_component_ref idref="oc-3db"/>
      </symbol>
      <symbol id="sm-5a7">
         <name>__mspabi_divi</name>
         <value>0xaa1e</value>
         <object_component_ref idref="oc-3db"/>
      </symbol>
      <symbol id="sm-5b1">
         <name>__mspabi_remu</name>
         <value>0xad62</value>
         <object_component_ref idref="oc-47b"/>
      </symbol>
      <symbol id="sm-5b2">
         <name>__mspabi_divu</name>
         <value>0xad62</value>
         <object_component_ref idref="oc-47b"/>
      </symbol>
      <symbol id="sm-5bb">
         <name>__mspabi_func_epilog_2</name>
         <value>0xaebe</value>
         <object_component_ref idref="oc-aa"/>
      </symbol>
      <symbol id="sm-5bc">
         <name>__mspabi_func_epilog_3</name>
         <value>0xaebc</value>
         <object_component_ref idref="oc-aa"/>
      </symbol>
      <symbol id="sm-5bd">
         <name>__mspabi_func_epilog_1</name>
         <value>0xaec0</value>
         <object_component_ref idref="oc-aa"/>
      </symbol>
      <symbol id="sm-5be">
         <name>__mspabi_func_epilog_6</name>
         <value>0xaeb6</value>
         <object_component_ref idref="oc-aa"/>
      </symbol>
      <symbol id="sm-5bf">
         <name>__mspabi_func_epilog_7</name>
         <value>0xaeb4</value>
         <object_component_ref idref="oc-aa"/>
      </symbol>
      <symbol id="sm-5c0">
         <name>__mspabi_func_epilog_4</name>
         <value>0xaeba</value>
         <object_component_ref idref="oc-aa"/>
      </symbol>
      <symbol id="sm-5c1">
         <name>__mspabi_func_epilog_5</name>
         <value>0xaeb8</value>
         <object_component_ref idref="oc-aa"/>
      </symbol>
      <symbol id="sm-5c4">
         <name>__TI_int00</name>
         <value>0xffe0</value>
         <object_component_ref idref="oc-2b"/>
      </symbol>
      <symbol id="sm-5c7">
         <name>__TI_int01</name>
         <value>0xffe2</value>
         <object_component_ref idref="oc-2c"/>
      </symbol>
      <symbol id="sm-5ca">
         <name>__TI_int02</name>
         <value>0xffe4</value>
         <object_component_ref idref="oc-2d"/>
      </symbol>
      <symbol id="sm-5cd">
         <name>__TI_int04</name>
         <value>0xffe8</value>
         <object_component_ref idref="oc-2f"/>
      </symbol>
      <symbol id="sm-5d0">
         <name>__TI_int05</name>
         <value>0xffea</value>
         <object_component_ref idref="oc-30"/>
      </symbol>
      <symbol id="sm-5d3">
         <name>__TI_int06</name>
         <value>0xffec</value>
         <object_component_ref idref="oc-31"/>
      </symbol>
      <symbol id="sm-5d6">
         <name>__TI_int08</name>
         <value>0xfff0</value>
         <object_component_ref idref="oc-33"/>
      </symbol>
      <symbol id="sm-5d9">
         <name>__TI_int10</name>
         <value>0xfff4</value>
         <object_component_ref idref="oc-35"/>
      </symbol>
      <symbol id="sm-5dc">
         <name>__TI_int11</name>
         <value>0xfff6</value>
         <object_component_ref idref="oc-36"/>
      </symbol>
      <symbol id="sm-5df">
         <name>__TI_int12</name>
         <value>0xfff8</value>
         <object_component_ref idref="oc-37"/>
      </symbol>
      <symbol id="sm-5e2">
         <name>__TI_int13</name>
         <value>0xfffa</value>
         <object_component_ref idref="oc-38"/>
      </symbol>
      <symbol id="sm-5e5">
         <name>__TI_int14</name>
         <value>0xfffc</value>
         <object_component_ref idref="oc-39"/>
      </symbol>
      <symbol id="sm-5ed">
         <name>__TI_ISR_TRAP</name>
         <value>0xaeea</value>
         <object_component_ref idref="oc-c7"/>
      </symbol>
      <symbol id="sm-5f5">
         <name>__mspabi_slli</name>
         <value>0xaa4a</value>
         <object_component_ref idref="oc-a0"/>
      </symbol>
      <symbol id="sm-5f6">
         <name>__mspabi_slli_9</name>
         <value>0xaa62</value>
         <object_component_ref idref="oc-a0"/>
      </symbol>
      <symbol id="sm-5f7">
         <name>__mspabi_slli_8</name>
         <value>0xaa64</value>
         <object_component_ref idref="oc-a0"/>
      </symbol>
      <symbol id="sm-5f8">
         <name>__mspabi_slli_7</name>
         <value>0xaa66</value>
         <object_component_ref idref="oc-a0"/>
      </symbol>
      <symbol id="sm-5f9">
         <name>__mspabi_slli_6</name>
         <value>0xaa68</value>
         <object_component_ref idref="oc-a0"/>
      </symbol>
      <symbol id="sm-5fa">
         <name>__mspabi_slli_5</name>
         <value>0xaa6a</value>
         <object_component_ref idref="oc-a0"/>
      </symbol>
      <symbol id="sm-5fb">
         <name>__mspabi_slli_4</name>
         <value>0xaa6c</value>
         <object_component_ref idref="oc-a0"/>
      </symbol>
      <symbol id="sm-5fc">
         <name>__mspabi_slli_3</name>
         <value>0xaa6e</value>
         <object_component_ref idref="oc-a0"/>
      </symbol>
      <symbol id="sm-5fd">
         <name>__mspabi_slli_2</name>
         <value>0xaa70</value>
         <object_component_ref idref="oc-a0"/>
      </symbol>
      <symbol id="sm-5fe">
         <name>__mspabi_slli_1</name>
         <value>0xaa72</value>
         <object_component_ref idref="oc-a0"/>
      </symbol>
      <symbol id="sm-5ff">
         <name>__mspabi_slli_15</name>
         <value>0xaa56</value>
         <object_component_ref idref="oc-a0"/>
      </symbol>
      <symbol id="sm-600">
         <name>__mspabi_slli_14</name>
         <value>0xaa58</value>
         <object_component_ref idref="oc-a0"/>
      </symbol>
      <symbol id="sm-601">
         <name>__mspabi_slli_13</name>
         <value>0xaa5a</value>
         <object_component_ref idref="oc-a0"/>
      </symbol>
      <symbol id="sm-602">
         <name>__mspabi_slli_12</name>
         <value>0xaa5c</value>
         <object_component_ref idref="oc-a0"/>
      </symbol>
      <symbol id="sm-603">
         <name>__mspabi_slli_11</name>
         <value>0xaa5e</value>
         <object_component_ref idref="oc-a0"/>
      </symbol>
      <symbol id="sm-604">
         <name>__mspabi_slli_10</name>
         <value>0xaa60</value>
         <object_component_ref idref="oc-a0"/>
      </symbol>
      <symbol id="sm-60c">
         <name>__mspabi_slll_9</name>
         <value>0xa7b0</value>
         <object_component_ref idref="oc-3a5"/>
      </symbol>
      <symbol id="sm-60d">
         <name>__mspabi_slll_8</name>
         <value>0xa7b4</value>
         <object_component_ref idref="oc-3a5"/>
      </symbol>
      <symbol id="sm-60e">
         <name>__mspabi_slll_7</name>
         <value>0xa7b8</value>
         <object_component_ref idref="oc-3a5"/>
      </symbol>
      <symbol id="sm-60f">
         <name>__mspabi_slll_6</name>
         <value>0xa7bc</value>
         <object_component_ref idref="oc-3a5"/>
      </symbol>
      <symbol id="sm-610">
         <name>__mspabi_slll_5</name>
         <value>0xa7c0</value>
         <object_component_ref idref="oc-3a5"/>
      </symbol>
      <symbol id="sm-611">
         <name>__mspabi_slll_4</name>
         <value>0xa7c4</value>
         <object_component_ref idref="oc-3a5"/>
      </symbol>
      <symbol id="sm-612">
         <name>__mspabi_slll_3</name>
         <value>0xa7c8</value>
         <object_component_ref idref="oc-3a5"/>
      </symbol>
      <symbol id="sm-613">
         <name>__mspabi_slll_2</name>
         <value>0xa7cc</value>
         <object_component_ref idref="oc-3a5"/>
      </symbol>
      <symbol id="sm-614">
         <name>__mspabi_slll_1</name>
         <value>0xa7d0</value>
         <object_component_ref idref="oc-3a5"/>
      </symbol>
      <symbol id="sm-615">
         <name>__mspabi_slll_15</name>
         <value>0xa798</value>
         <object_component_ref idref="oc-3a5"/>
      </symbol>
      <symbol id="sm-616">
         <name>__mspabi_slll_14</name>
         <value>0xa79c</value>
         <object_component_ref idref="oc-3a5"/>
      </symbol>
      <symbol id="sm-617">
         <name>__mspabi_slll_13</name>
         <value>0xa7a0</value>
         <object_component_ref idref="oc-3a5"/>
      </symbol>
      <symbol id="sm-618">
         <name>__mspabi_slll_12</name>
         <value>0xa7a4</value>
         <object_component_ref idref="oc-3a5"/>
      </symbol>
      <symbol id="sm-619">
         <name>__mspabi_slll_11</name>
         <value>0xa7a8</value>
         <object_component_ref idref="oc-3a5"/>
      </symbol>
      <symbol id="sm-61a">
         <name>__mspabi_slll_10</name>
         <value>0xa7ac</value>
         <object_component_ref idref="oc-3a5"/>
      </symbol>
      <symbol id="sm-622">
         <name>__mspabi_srli_8</name>
         <value>0xa560</value>
         <object_component_ref idref="oc-a5"/>
      </symbol>
      <symbol id="sm-623">
         <name>__mspabi_srli_9</name>
         <value>0xa55c</value>
         <object_component_ref idref="oc-a5"/>
      </symbol>
      <symbol id="sm-624">
         <name>__mspabi_srli_6</name>
         <value>0xa568</value>
         <object_component_ref idref="oc-a5"/>
      </symbol>
      <symbol id="sm-625">
         <name>__mspabi_srli_7</name>
         <value>0xa564</value>
         <object_component_ref idref="oc-a5"/>
      </symbol>
      <symbol id="sm-626">
         <name>__mspabi_srli_4</name>
         <value>0xa570</value>
         <object_component_ref idref="oc-a5"/>
      </symbol>
      <symbol id="sm-627">
         <name>__mspabi_srli_5</name>
         <value>0xa56c</value>
         <object_component_ref idref="oc-a5"/>
      </symbol>
      <symbol id="sm-628">
         <name>__mspabi_srli_2</name>
         <value>0xa578</value>
         <object_component_ref idref="oc-a5"/>
      </symbol>
      <symbol id="sm-629">
         <name>__mspabi_srli_3</name>
         <value>0xa574</value>
         <object_component_ref idref="oc-a5"/>
      </symbol>
      <symbol id="sm-62a">
         <name>__mspabi_srli_1</name>
         <value>0xa57c</value>
         <object_component_ref idref="oc-a5"/>
      </symbol>
      <symbol id="sm-62b">
         <name>__mspabi_srli</name>
         <value>0xa536</value>
         <object_component_ref idref="oc-a5"/>
      </symbol>
      <symbol id="sm-62c">
         <name>__mspabi_srli_15</name>
         <value>0xa544</value>
         <object_component_ref idref="oc-a5"/>
      </symbol>
      <symbol id="sm-62d">
         <name>__mspabi_srli_14</name>
         <value>0xa548</value>
         <object_component_ref idref="oc-a5"/>
      </symbol>
      <symbol id="sm-62e">
         <name>__mspabi_srli_13</name>
         <value>0xa54c</value>
         <object_component_ref idref="oc-a5"/>
      </symbol>
      <symbol id="sm-62f">
         <name>__mspabi_srli_12</name>
         <value>0xa550</value>
         <object_component_ref idref="oc-a5"/>
      </symbol>
      <symbol id="sm-630">
         <name>__mspabi_srli_11</name>
         <value>0xa554</value>
         <object_component_ref idref="oc-a5"/>
      </symbol>
      <symbol id="sm-631">
         <name>__mspabi_srli_10</name>
         <value>0xa558</value>
         <object_component_ref idref="oc-a5"/>
      </symbol>
      <symbol id="sm-646">
         <name>_stack</name>
         <value>0x99c</value>
         <object_component_ref idref="oc-9c"/>
      </symbol>
      <symbol id="sm-647">
         <name>_c_int00_noargs</name>
         <value>0xacb6</value>
         <object_component_ref idref="oc-f0"/>
      </symbol>
      <symbol id="sm-648">
         <name>_reset_vector</name>
         <value>0xfffe</value>
         <object_component_ref idref="oc-9f"/>
      </symbol>
      <symbol id="sm-66a">
         <name>__TI_auto_init_nobinit_nopinit</name>
         <value>0xa69a</value>
         <object_component_ref idref="oc-225"/>
      </symbol>
      <symbol id="sm-682">
         <name>__TI_zero_init_nomemset</name>
         <value>0xad78</value>
         <object_component_ref idref="oc-de"/>
      </symbol>
      <symbol id="sm-68d">
         <name>_system_pre_init</name>
         <value>0xaef8</value>
         <object_component_ref idref="oc-164"/>
      </symbol>
      <symbol id="sm-696">
         <name>_system_post_cinit</name>
         <value>0xaefc</value>
         <object_component_ref idref="oc-338"/>
      </symbol>
      <symbol id="sm-6ac">
         <name>__TI_decompress_none</name>
         <value>0xae40</value>
         <object_component_ref idref="oc-25"/>
      </symbol>
      <symbol id="sm-6cf">
         <name>__TI_decompress_lzss</name>
         <value>0xa320</value>
         <object_component_ref idref="oc-1f"/>
      </symbol>
      <symbol id="sm-6d9">
         <name>C$$EXIT</name>
         <value>0xaef2</value>
         <object_component_ref idref="oc-219"/>
      </symbol>
      <symbol id="sm-6da">
         <name>abort</name>
         <value>0xaef2</value>
         <object_component_ref idref="oc-219"/>
      </symbol>
      <symbol id="sm-6ea">
         <name>memcpy</name>
         <value>0xae52</value>
         <object_component_ref idref="oc-ba"/>
      </symbol>
      <symbol id="sm-6ee">
         <name>McuCounterSet</name>
         <value>0xacd2</value>
      </symbol>
      <symbol id="sm-6ef">
         <name>McuDelayMillisecond</name>
         <value>0xabf6</value>
      </symbol>
      <symbol id="sm-6f0">
         <name>McuOscSel</name>
         <value>0xa6dc</value>
      </symbol>
   </symbol_table>
   <title>Link successful</title>
</link_info>
