<?xml version="1.0"?>
<link_info>
   <banner>MSP430 Linker PC v4.3.3</banner>
   <copyright>Copyright (c) 2003-2014 Texas Instruments Incorporated</copyright>
   <link_time>0x54e3c55e</link_time>
   <link_errors>0x0</link_errors>
   <output_file>MSP430G2553_TRF7970A_SDM_Mifare_lib.out</output_file>
   <entry_point>
      <name>_c_int00</name>
      <address>0xa96c</address>
   </entry_point>
   <input_file_list>
      <input_file id="fl-2">
         <path>.\</path>
         <kind>object</kind>
         <file>main.obj</file>
         <name>main.obj</name>
      </input_file>
      <input_file id="fl-3">
         <path>.\nfc\</path>
         <kind>object</kind>
         <file>iso14443a.obj</file>
         <name>iso14443a.obj</name>
      </input_file>
      <input_file id="fl-4">
         <path>.\nfc\</path>
         <kind>object</kind>
         <file>mcu.obj</file>
         <name>mcu.obj</name>
      </input_file>
      <input_file id="fl-5">
         <path>.\nfc\</path>
         <kind>object</kind>
         <file>nfc.obj</file>
         <name>nfc.obj</name>
      </input_file>
      <input_file id="fl-6">
         <path>.\nfc\</path>
         <kind>object</kind>
         <file>spi.obj</file>
         <name>spi.obj</name>
      </input_file>
      <input_file id="fl-7">
         <path>.\nfc\</path>
         <kind>object</kind>
         <file>trf797x.obj</file>
         <name>trf797x.obj</name>
      </input_file>
      <input_file id="fl-8">
         <path>.\nfc\</path>
         <kind>object</kind>
         <file>uart.obj</file>
         <name>uart.obj</name>
      </input_file>
      <input_file id="fl-9">
         <path>.\MIFARE Classic\</path>
         <kind>object</kind>
         <file>RFid_functions.obj</file>
         <name>RFid_functions.obj</name>
      </input_file>
      <input_file id="fl-a">
         <path>.\MIFARE Classic\</path>
         <kind>object</kind>
         <file>crypto1_mifare.obj</file>
         <name>crypto1_mifare.obj</name>
      </input_file>
      <input_file id="fl-b">
         <path>.\MIFARE Classic\</path>
         <kind>object</kind>
         <file>directmode.obj</file>
         <name>directmode.obj</name>
      </input_file>
      <input_file id="fl-12">
         <path>..\MIFARE Classic\</path>
         <kind>archive</kind>
         <file>MifareCryptoLibrary.lib</file>
         <name>crypto1.obj</name>
      </input_file>
      <input_file id="fl-13">
         <path>..\MIFARE Classic\</path>
         <kind>archive</kind>
         <file>MifareCryptoLibrary.lib</file>
         <name>crypto1_clean.obj</name>
      </input_file>
      <input_file id="fl-3d">
         <path>C:\TI\ccsv6\ccsv6\tools\compiler\msp430_4.3.3\lib\</path>
         <kind>archive</kind>
         <file>rts430_eabi.lib</file>
         <name>asr16.obj</name>
      </input_file>
      <input_file id="fl-3e">
         <path>C:\TI\ccsv6\ccsv6\tools\compiler\msp430_4.3.3\lib\</path>
         <kind>archive</kind>
         <file>rts430_eabi.lib</file>
         <name>boot.obj</name>
      </input_file>
      <input_file id="fl-3f">
         <path>C:\TI\ccsv6\ccsv6\tools\compiler\msp430_4.3.3\lib\</path>
         <kind>archive</kind>
         <file>rts430_eabi.lib</file>
         <name>copy_decompress_none.obj</name>
      </input_file>
      <input_file id="fl-40">
         <path>C:\TI\ccsv6\ccsv6\tools\compiler\msp430_4.3.3\lib\</path>
         <kind>archive</kind>
         <file>rts430_eabi.lib</file>
         <name>copy_decompress_rle.obj</name>
      </input_file>
      <input_file id="fl-41">
         <path>C:\TI\ccsv6\ccsv6\tools\compiler\msp430_4.3.3\lib\</path>
         <kind>archive</kind>
         <file>rts430_eabi.lib</file>
         <name>copy_zero_init.obj</name>
      </input_file>
      <input_file id="fl-42">
         <path>C:\TI\ccsv6\ccsv6\tools\compiler\msp430_4.3.3\lib\</path>
         <kind>archive</kind>
         <file>rts430_eabi.lib</file>
         <name>epilog.obj</name>
      </input_file>
      <input_file id="fl-43">
         <path>C:\TI\ccsv6\ccsv6\tools\compiler\msp430_4.3.3\lib\</path>
         <kind>archive</kind>
         <file>rts430_eabi.lib</file>
         <name>exit.obj</name>
      </input_file>
      <input_file id="fl-44">
         <path>C:\TI\ccsv6\ccsv6\tools\compiler\msp430_4.3.3\lib\</path>
         <kind>archive</kind>
         <file>rts430_eabi.lib</file>
         <name>int00.obj</name>
      </input_file>
      <input_file id="fl-45">
         <path>C:\TI\ccsv6\ccsv6\tools\compiler\msp430_4.3.3\lib\</path>
         <kind>archive</kind>
         <file>rts430_eabi.lib</file>
         <name>int02.obj</name>
      </input_file>
      <input_file id="fl-46">
         <path>C:\TI\ccsv6\ccsv6\tools\compiler\msp430_4.3.3\lib\</path>
         <kind>archive</kind>
         <file>rts430_eabi.lib</file>
         <name>int06.obj</name>
      </input_file>
      <input_file id="fl-47">
         <path>C:\TI\ccsv6\ccsv6\tools\compiler\msp430_4.3.3\lib\</path>
         <kind>archive</kind>
         <file>rts430_eabi.lib</file>
         <name>int07.obj</name>
      </input_file>
      <input_file id="fl-48">
         <path>C:\TI\ccsv6\ccsv6\tools\compiler\msp430_4.3.3\lib\</path>
         <kind>archive</kind>
         <file>rts430_eabi.lib</file>
         <name>int08.obj</name>
      </input_file>
      <input_file id="fl-49">
         <path>C:\TI\ccsv6\ccsv6\tools\compiler\msp430_4.3.3\lib\</path>
         <kind>archive</kind>
         <file>rts430_eabi.lib</file>
         <name>int10.obj</name>
      </input_file>
      <input_file id="fl-4a">
         <path>C:\TI\ccsv6\ccsv6\tools\compiler\msp430_4.3.3\lib\</path>
         <kind>archive</kind>
         <file>rts430_eabi.lib</file>
         <name>int11.obj</name>
      </input_file>
      <input_file id="fl-4b">
         <path>C:\TI\ccsv6\ccsv6\tools\compiler\msp430_4.3.3\lib\</path>
         <kind>archive</kind>
         <file>rts430_eabi.lib</file>
         <name>int12.obj</name>
      </input_file>
      <input_file id="fl-4c">
         <path>C:\TI\ccsv6\ccsv6\tools\compiler\msp430_4.3.3\lib\</path>
         <kind>archive</kind>
         <file>rts430_eabi.lib</file>
         <name>int13.obj</name>
      </input_file>
      <input_file id="fl-4d">
         <path>C:\TI\ccsv6\ccsv6\tools\compiler\msp430_4.3.3\lib\</path>
         <kind>archive</kind>
         <file>rts430_eabi.lib</file>
         <name>int14.obj</name>
      </input_file>
      <input_file id="fl-4e">
         <path>C:\TI\ccsv6\ccsv6\tools\compiler\msp430_4.3.3\lib\</path>
         <kind>archive</kind>
         <file>rts430_eabi.lib</file>
         <name>isr_trap.obj</name>
      </input_file>
      <input_file id="fl-4f">
         <path>C:\TI\ccsv6\ccsv6\tools\compiler\msp430_4.3.3\lib\</path>
         <kind>archive</kind>
         <file>rts430_eabi.lib</file>
         <name>llmath.obj</name>
      </input_file>
      <input_file id="fl-50">
         <path>C:\TI\ccsv6\ccsv6\tools\compiler\msp430_4.3.3\lib\</path>
         <kind>archive</kind>
         <file>rts430_eabi.lib</file>
         <name>lsl16.obj</name>
      </input_file>
      <input_file id="fl-51">
         <path>C:\TI\ccsv6\ccsv6\tools\compiler\msp430_4.3.3\lib\</path>
         <kind>archive</kind>
         <file>rts430_eabi.lib</file>
         <name>lsl32.obj</name>
      </input_file>
      <input_file id="fl-52">
         <path>C:\TI\ccsv6\ccsv6\tools\compiler\msp430_4.3.3\lib\</path>
         <kind>archive</kind>
         <file>rts430_eabi.lib</file>
         <name>lsr16.obj</name>
      </input_file>
      <input_file id="fl-53">
         <path>C:\TI\ccsv6\ccsv6\tools\compiler\msp430_4.3.3\lib\</path>
         <kind>archive</kind>
         <file>rts430_eabi.lib</file>
         <name>lsr32.obj</name>
      </input_file>
      <input_file id="fl-54">
         <path>C:\TI\ccsv6\ccsv6\tools\compiler\msp430_4.3.3\lib\</path>
         <kind>archive</kind>
         <file>rts430_eabi.lib</file>
         <name>memcpy.obj</name>
      </input_file>
      <input_file id="fl-55">
         <path>C:\TI\ccsv6\ccsv6\tools\compiler\msp430_4.3.3\lib\</path>
         <kind>archive</kind>
         <file>rts430_eabi.lib</file>
         <name>memset.obj</name>
      </input_file>
      <input_file id="fl-56">
         <path>C:\TI\ccsv6\ccsv6\tools\compiler\msp430_4.3.3\lib\</path>
         <kind>archive</kind>
         <file>rts430_eabi.lib</file>
         <name>mpu_init.obj</name>
      </input_file>
      <input_file id="fl-57">
         <path>C:\TI\ccsv6\ccsv6\tools\compiler\msp430_4.3.3\lib\</path>
         <kind>archive</kind>
         <file>rts430_eabi.lib</file>
         <name>mult64_hw.obj</name>
      </input_file>
      <input_file id="fl-58">
         <path>C:\TI\ccsv6\ccsv6\tools\compiler\msp430_4.3.3\lib\</path>
         <kind>archive</kind>
         <file>rts430_eabi.lib</file>
         <name>pre_init.obj</name>
      </input_file>
      <input_file id="fl-59">
         <path>C:\TI\ccsv6\ccsv6\tools\compiler\msp430_4.3.3\lib\</path>
         <kind>archive</kind>
         <file>rts430_eabi.lib</file>
         <name>_lock.obj</name>
      </input_file>
      <input_file id="fl-5a">
         <path>C:\TI\ccsv6\ccsv6\tools\compiler\msp430_4.3.3\lib\</path>
         <kind>archive</kind>
         <file>rts430_eabi.lib</file>
         <name>args_main.obj</name>
      </input_file>
      <input_file id="fl-5b">
         <path>C:\TI\ccsv6\ccsv6\tools\compiler\msp430_4.3.3\lib\</path>
         <kind>archive</kind>
         <file>rts430_eabi.lib</file>
         <name>autoinit.obj</name>
      </input_file>
      <input_file id="fl-5c">
         <path>C:\TI\ccsv6\ccsv6\tools\compiler\msp430_4.3.3\lib\</path>
         <kind>archive</kind>
         <file>rts430_eabi.lib</file>
         <name>llabs.obj</name>
      </input_file>
   </input_file_list>
   <object_component_list>
      <object_component id="oc-52">
         <name>.stack</name>
         <uninitialized>true</uninitialized>
         <run_address>0x94c</run_address>
         <size>0x2</size>
         <input_file_ref idref="fl-3e"/>
      </object_component>
      <object_component id="oc-4b6">
         <name>.stack</name>
         <uninitialized>true</uninitialized>
         <run_address>0x94c</run_address>
         <size>0x0</size>
      </object_component>
      <object_component id="oc-458">
         <name>.text:prng_next</name>
         <load_address>0x8000</load_address>
         <run_address>0x8000</run_address>
         <size>0x4ae</size>
         <input_file_ref idref="fl-13"/>
      </object_component>
      <object_component id="oc-205">
         <name>.text:Iso14443aLoop</name>
         <load_address>0x84ae</load_address>
         <run_address>0x84ae</run_address>
         <size>0x316</size>
         <input_file_ref idref="fl-3"/>
      </object_component>
      <object_component id="oc-452">
         <name>.text:mf20</name>
         <load_address>0x87c4</load_address>
         <run_address>0x87c4</run_address>
         <size>0x2e8</size>
         <input_file_ref idref="fl-13"/>
      </object_component>
      <object_component id="oc-b8">
         <name>.text:Trf797xISR</name>
         <load_address>0x8aac</load_address>
         <run_address>0x8aac</run_address>
         <size>0x232</size>
         <input_file_ref idref="fl-7"/>
      </object_component>
      <object_component id="oc-467">
         <name>.text:mifare_update</name>
         <load_address>0x8cde</load_address>
         <run_address>0x8cde</run_address>
         <size>0x1e8</size>
         <input_file_ref idref="fl-13"/>
      </object_component>
      <object_component id="oc-229">
         <name>.text:MifareAuth2</name>
         <load_address>0x8ec6</load_address>
         <run_address>0x8ec6</run_address>
         <size>0x1ca</size>
         <input_file_ref idref="fl-a"/>
      </object_component>
      <object_component id="oc-414">
         <name>.text:crypto1_clean_mutual_2_reader</name>
         <load_address>0x9090</load_address>
         <run_address>0x9090</run_address>
         <size>0x1be</size>
         <input_file_ref idref="fl-13"/>
      </object_component>
      <object_component id="oc-21c">
         <name>.text:MifareAuth1</name>
         <load_address>0x924e</load_address>
         <run_address>0x924e</run_address>
         <size>0x14a</size>
         <input_file_ref idref="fl-a"/>
      </object_component>
      <object_component id="oc-426">
         <name>.text:crypto1_clean_mutual_3_card</name>
         <load_address>0x9398</load_address>
         <run_address>0x9398</run_address>
         <size>0x12c</size>
         <input_file_ref idref="fl-13"/>
      </object_component>
      <object_component id="oc-230">
         <name>.text:MifareTransceiveCommand</name>
         <load_address>0x94c4</load_address>
         <run_address>0x94c4</run_address>
         <size>0x10e</size>
         <input_file_ref idref="fl-a"/>
      </object_component>
      <object_component id="oc-394">
         <name>.text:Mifare_SDM_Transmit</name>
         <load_address>0x95d2</load_address>
         <run_address>0x95d2</run_address>
         <size>0xce</size>
         <input_file_ref idref="fl-b"/>
      </object_component>
      <object_component id="oc-408">
         <name>.text:crypto1_clean_init</name>
         <load_address>0x96a0</load_address>
         <run_address>0x96a0</run_address>
         <size>0xbc</size>
         <input_file_ref idref="fl-13"/>
      </object_component>
      <object_component id="oc-3a6">
         <name>.text:Mifare_DM1_Recieve</name>
         <load_address>0x975c</load_address>
         <run_address>0x975c</run_address>
         <size>0xb0</size>
         <input_file_ref idref="fl-b"/>
      </object_component>
      <object_component id="oc-420">
         <name>.text:crypto1_clean_mutual_2_card</name>
         <load_address>0x980c</load_address>
         <run_address>0x980c</run_address>
         <size>0xa6</size>
         <input_file_ref idref="fl-13"/>
      </object_component>
      <object_component id="oc-24c">
         <name>.text:Trf797xIrqWaitTimeout</name>
         <load_address>0x98b2</load_address>
         <run_address>0x98b2</run_address>
         <size>0x94</size>
         <input_file_ref idref="fl-7"/>
      </object_component>
      <object_component id="oc-266">
         <name>.text:Iso14443aSelectCommand</name>
         <load_address>0x9946</load_address>
         <run_address>0x9946</run_address>
         <size>0x8c</size>
         <input_file_ref idref="fl-3"/>
      </object_component>
      <object_component id="oc-216">
         <name>.text:MifareSetKeyCommand</name>
         <load_address>0x99d2</load_address>
         <run_address>0x99d2</run_address>
         <size>0x88</size>
         <input_file_ref idref="fl-a"/>
      </object_component>
      <object_component id="oc-1a7">
         <name>.text:Trf797xWriteInitiatorSetup</name>
         <load_address>0x9a5a</load_address>
         <run_address>0x9a5a</run_address>
         <size>0x88</size>
         <input_file_ref idref="fl-7"/>
      </object_component>
      <object_component id="oc-73">
         <name>.text:main</name>
         <load_address>0x9ae2</load_address>
         <run_address>0x9ae2</run_address>
         <size>0x86</size>
         <input_file_ref idref="fl-2"/>
      </object_component>
      <object_component id="oc-42c">
         <name>.text:crypto1_clean_transcrypt_bits</name>
         <load_address>0x9b68</load_address>
         <run_address>0x9b68</run_address>
         <size>0x82</size>
         <input_file_ref idref="fl-13"/>
      </object_component>
      <object_component id="oc-1ad">
         <name>.text:Iso14443aAnticollision</name>
         <load_address>0x9bea</load_address>
         <run_address>0x9bea</run_address>
         <size>0x7a</size>
         <input_file_ref idref="fl-3"/>
      </object_component>
      <object_component id="oc-388">
         <name>.text:Mifare_SDM_config</name>
         <load_address>0x9c64</load_address>
         <run_address>0x9c64</run_address>
         <size>0x78</size>
         <input_file_ref idref="fl-b"/>
      </object_component>
      <object_component id="oc-41a">
         <name>.text:crypto1_clean_mutual_3_reader</name>
         <load_address>0x9cdc</load_address>
         <run_address>0x9cdc</run_address>
         <size>0x6c</size>
         <input_file_ref idref="fl-13"/>
      </object_component>
      <object_component id="oc-2cb">
         <name>.text:CalculateParity</name>
         <load_address>0x9d48</load_address>
         <run_address>0x9d48</run_address>
         <size>0x64</size>
         <input_file_ref idref="fl-b"/>
      </object_component>
      <object_component id="oc-2e1">
         <name>.text:CheckParity</name>
         <load_address>0x9dac</load_address>
         <run_address>0x9dac</run_address>
         <size>0x64</size>
         <input_file_ref idref="fl-b"/>
      </object_component>
      <object_component id="oc-1ba">
         <name>.text:RFID_AuthenticateA</name>
         <load_address>0x9e10</load_address>
         <run_address>0x9e10</run_address>
         <size>0x62</size>
         <input_file_ref idref="fl-9"/>
      </object_component>
      <object_component id="oc-94">
         <name>.text:__TI_decompress_rle_core</name>
         <load_address>0x9e72</load_address>
         <run_address>0x9e72</run_address>
         <size>0x5e</size>
         <input_file_ref idref="fl-40"/>
      </object_component>
      <object_component id="oc-6d">
         <name>.text:_auto_init</name>
         <load_address>0x9ed0</load_address>
         <run_address>0x9ed0</run_address>
         <size>0x5e</size>
         <input_file_ref idref="fl-5b"/>
      </object_component>
      <object_component id="oc-440">
         <name>.text:mifare_update_word</name>
         <load_address>0x9f2e</load_address>
         <run_address>0x9f2e</run_address>
         <size>0x5e</size>
         <input_file_ref idref="fl-13"/>
      </object_component>
      <object_component id="oc-45e">
         <name>.text:l_lsr_const</name>
         <load_address>0x9f8c</load_address>
         <run_address>0x9f8c</run_address>
         <size>0x5c</size>
         <input_file_ref idref="fl-53"/>
      </object_component>
      <object_component id="oc-61">
         <name>.text:Msp430g2xx3TimerAHandler</name>
         <load_address>0x9fe8</load_address>
         <run_address>0x9fe8</run_address>
         <size>0x5a</size>
         <input_file_ref idref="fl-7"/>
      </object_component>
      <object_component id="oc-5b">
         <name>.text:Trf797xPortB</name>
         <load_address>0xa042</load_address>
         <run_address>0xa042</run_address>
         <size>0x58</size>
         <input_file_ref idref="fl-7"/>
      </object_component>
      <object_component id="oc-f5">
         <name>.text:Nfc_runMFCAuth</name>
         <load_address>0xa09a</load_address>
         <run_address>0xa09a</run_address>
         <size>0x54</size>
         <input_file_ref idref="fl-5"/>
      </object_component>
      <object_component id="oc-2da">
         <name>.text:DirectModeTransceive</name>
         <load_address>0xa0ee</load_address>
         <run_address>0xa0ee</run_address>
         <size>0x50</size>
         <input_file_ref idref="fl-b"/>
      </object_component>
      <object_component id="oc-1c1">
         <name>.text:RFID_ReadBlock</name>
         <load_address>0xa13e</load_address>
         <run_address>0xa13e</run_address>
         <size>0x4e</size>
         <input_file_ref idref="fl-9"/>
      </object_component>
      <object_component id="oc-112">
         <name>.text:SpiReadCont</name>
         <load_address>0xa18c</load_address>
         <run_address>0xa18c</run_address>
         <size>0x4c</size>
         <input_file_ref idref="fl-6"/>
      </object_component>
      <object_component id="oc-b2">
         <name>.text:SpiReadSingle</name>
         <load_address>0xa1d8</load_address>
         <run_address>0xa1d8</run_address>
         <size>0x4c</size>
         <input_file_ref idref="fl-6"/>
      </object_component>
      <object_component id="oc-360">
         <name>.text:Trf797xIrqWaitTimeoutTxOnly</name>
         <load_address>0xa224</load_address>
         <run_address>0xa224</run_address>
         <size>0x4c</size>
         <input_file_ref idref="fl-7"/>
      </object_component>
      <object_component id="oc-261">
         <name>.text</name>
         <load_address>0xa270</load_address>
         <run_address>0xa270</run_address>
         <size>0x4c</size>
         <input_file_ref idref="fl-52"/>
      </object_component>
      <object_component id="oc-3ac">
         <name>.text:Mifare_DM1_Exit</name>
         <load_address>0xa2bc</load_address>
         <run_address>0xa2bc</run_address>
         <size>0x48</size>
         <input_file_ref idref="fl-b"/>
      </object_component>
      <object_component id="oc-328">
         <name>.text:CheckCRC</name>
         <load_address>0xa304</load_address>
         <run_address>0xa304</run_address>
         <size>0x46</size>
         <input_file_ref idref="fl-b"/>
      </object_component>
      <object_component id="oc-3a0">
         <name>.text:Mifare_DM1_Enter</name>
         <load_address>0xa34a</load_address>
         <run_address>0xa34a</run_address>
         <size>0x46</size>
         <input_file_ref idref="fl-b"/>
      </object_component>
      <object_component id="oc-191">
         <name>.text:SpiWriteSingle</name>
         <load_address>0xa390</load_address>
         <run_address>0xa390</run_address>
         <size>0x44</size>
         <input_file_ref idref="fl-6"/>
      </object_component>
      <object_component id="oc-439">
         <name>.text:__mspabi_srlll</name>
         <load_address>0xa3d4</load_address>
         <run_address>0xa3d4</run_address>
         <size>0x44</size>
         <input_file_ref idref="fl-4f"/>
      </object_component>
      <object_component id="oc-381">
         <name>.text:calculate_crc</name>
         <load_address>0xa418</load_address>
         <run_address>0xa418</run_address>
         <size>0x44</size>
         <input_file_ref idref="fl-b"/>
      </object_component>
      <object_component id="oc-2b6">
         <name>.text:__mspabi_sllll</name>
         <load_address>0xa45c</load_address>
         <run_address>0xa45c</run_address>
         <size>0x42</size>
         <input_file_ref idref="fl-4f"/>
      </object_component>
      <object_component id="oc-44c">
         <name>.text:mifare_update_byte</name>
         <load_address>0xa49e</load_address>
         <run_address>0xa49e</run_address>
         <size>0x42</size>
         <input_file_ref idref="fl-13"/>
      </object_component>
      <object_component id="oc-38e">
         <name>.text:Mifare_SDM_Enter</name>
         <load_address>0xa4e0</load_address>
         <run_address>0xa4e0</run_address>
         <size>0x40</size>
         <input_file_ref idref="fl-b"/>
      </object_component>
      <object_component id="oc-e6">
         <name>.text:Trf797xInitialSettings</name>
         <load_address>0xa520</load_address>
         <run_address>0xa520</run_address>
         <size>0x40</size>
         <input_file_ref idref="fl-7"/>
      </object_component>
      <object_component id="oc-2d2">
         <name>.text:CalculateCRC</name>
         <load_address>0xa560</load_address>
         <run_address>0xa560</run_address>
         <size>0x3e</size>
         <input_file_ref idref="fl-b"/>
      </object_component>
      <object_component id="oc-2e7">
         <name>.text:l_lsl_const</name>
         <load_address>0xa59e</load_address>
         <run_address>0xa59e</run_address>
         <size>0x3e</size>
         <input_file_ref idref="fl-51"/>
      </object_component>
      <object_component id="oc-297">
         <name>.text:Iso14443aHalt</name>
         <load_address>0xa5dc</load_address>
         <run_address>0xa5dc</run_address>
         <size>0x3c</size>
         <input_file_ref idref="fl-3"/>
      </object_component>
      <object_component id="oc-1f4">
         <name>.text:Iso14443aPollingCommand</name>
         <load_address>0xa618</load_address>
         <run_address>0xa618</run_address>
         <size>0x3a</size>
         <input_file_ref idref="fl-3"/>
      </object_component>
      <object_component id="oc-2bc">
         <name>.text:crypto1_init</name>
         <load_address>0xa652</load_address>
         <run_address>0xa652</run_address>
         <size>0x32</size>
         <input_file_ref idref="fl-12"/>
      </object_component>
      <object_component id="oc-2b0">
         <name>.text:crypto1_new</name>
         <load_address>0xa684</load_address>
         <run_address>0xa684</run_address>
         <size>0x32</size>
         <input_file_ref idref="fl-12"/>
      </object_component>
      <object_component id="oc-d4">
         <name>.text:McuOscSel</name>
         <load_address>0xa6b6</load_address>
         <run_address>0xa6b6</run_address>
         <size>0x30</size>
         <input_file_ref idref="fl-4"/>
      </object_component>
      <object_component id="oc-1a1">
         <name>.text:Trf797xTurnRfOn</name>
         <load_address>0xa6e6</load_address>
         <run_address>0xa6e6</run_address>
         <size>0x2e</size>
         <input_file_ref idref="fl-7"/>
      </object_component>
      <object_component id="oc-18b">
         <name>.text:SpiDirectCommand</name>
         <load_address>0xa714</load_address>
         <run_address>0xa714</run_address>
         <size>0x2c</size>
         <input_file_ref idref="fl-6"/>
      </object_component>
      <object_component id="oc-3f9">
         <name>.text:SpiUsciExtClkSet</name>
         <load_address>0xa740</load_address>
         <run_address>0xa740</run_address>
         <size>0x2c</size>
         <input_file_ref idref="fl-6"/>
      </object_component>
      <object_component id="oc-184">
         <name>.text:SpiUsciSet</name>
         <load_address>0xa76c</load_address>
         <run_address>0xa76c</run_address>
         <size>0x2c</size>
         <input_file_ref idref="fl-6"/>
      </object_component>
      <object_component id="oc-15f">
         <name>.text</name>
         <load_address>0xa798</load_address>
         <run_address>0xa798</run_address>
         <size>0x2c</size>
         <input_file_ref idref="fl-3d"/>
      </object_component>
      <object_component id="oc-3e7">
         <name>.text</name>
         <load_address>0xa7c4</load_address>
         <run_address>0xa7c4</run_address>
         <size>0x2c</size>
         <input_file_ref idref="fl-50"/>
      </object_component>
      <object_component id="oc-246">
         <name>.text:SpiRawWrite</name>
         <load_address>0xa7f0</load_address>
         <run_address>0xa7f0</run_address>
         <size>0x2a</size>
         <input_file_ref idref="fl-6"/>
      </object_component>
      <object_component id="oc-1c7">
         <name>.text:Trf797xTurnRfOff</name>
         <load_address>0xa81a</load_address>
         <run_address>0xa81a</run_address>
         <size>0x24</size>
         <input_file_ref idref="fl-7"/>
      </object_component>
      <object_component id="oc-da">
         <name>.text:McuDelayMillisecond</name>
         <load_address>0xa83e</load_address>
         <run_address>0xa83e</run_address>
         <size>0x22</size>
         <input_file_ref idref="fl-4"/>
      </object_component>
      <object_component id="oc-40e">
         <name>.text:crypto1_clean_mutual_1</name>
         <load_address>0xa860</load_address>
         <run_address>0xa860</run_address>
         <size>0x22</size>
         <input_file_ref idref="fl-13"/>
      </object_component>
      <object_component id="oc-3e0">
         <name>.text:Trf797x_timeout_ms</name>
         <load_address>0xa882</load_address>
         <run_address>0xa882</run_address>
         <size>0x20</size>
         <input_file_ref idref="fl-7"/>
      </object_component>
      <object_component id="oc-303">
         <name>.text:crypto1_mutual_2</name>
         <load_address>0xa8a2</load_address>
         <run_address>0xa8a2</run_address>
         <size>0x20</size>
         <input_file_ref idref="fl-12"/>
      </object_component>
      <object_component id="oc-30c">
         <name>.text:crypto1_mutual_3</name>
         <load_address>0xa8c2</load_address>
         <run_address>0xa8c2</run_address>
         <size>0x20</size>
         <input_file_ref idref="fl-12"/>
      </object_component>
      <object_component id="oc-39a">
         <name>.text:Mifare_SDM_Exit</name>
         <load_address>0xa8e2</load_address>
         <run_address>0xa8e2</run_address>
         <size>0x1e</size>
         <input_file_ref idref="fl-b"/>
      </object_component>
      <object_component id="oc-ef">
         <name>.text:Nfc_setMFCKey</name>
         <load_address>0xa900</load_address>
         <run_address>0xa900</run_address>
         <size>0x1c</size>
         <input_file_ref idref="fl-5"/>
      </object_component>
      <object_component id="oc-2f0">
         <name>.text:crypto1_mutual_1</name>
         <load_address>0xa91c</load_address>
         <run_address>0xa91c</run_address>
         <size>0x1c</size>
         <input_file_ref idref="fl-12"/>
      </object_component>
      <object_component id="oc-332">
         <name>.text:McuCounterSet</name>
         <load_address>0xa938</load_address>
         <run_address>0xa938</run_address>
         <size>0x1a</size>
         <input_file_ref idref="fl-4"/>
      </object_component>
      <object_component id="oc-128">
         <name>.text:Trf797xResetIrqStatus</name>
         <load_address>0xa952</load_address>
         <run_address>0xa952</run_address>
         <size>0x1a</size>
         <input_file_ref idref="fl-7"/>
      </object_component>
      <object_component id="oc-3a">
         <name>.text:_c_int00_noexit</name>
         <load_address>0xa96c</load_address>
         <run_address>0xa96c</run_address>
         <size>0x1a</size>
         <input_file_ref idref="fl-3e"/>
      </object_component>
      <object_component id="oc-e0">
         <name>.text:SpiSetup</name>
         <load_address>0xa986</load_address>
         <run_address>0xa986</run_address>
         <size>0x18</size>
         <input_file_ref idref="fl-6"/>
      </object_component>
      <object_component id="oc-210">
         <name>.text:MifareResetCipher</name>
         <load_address>0xa99e</load_address>
         <run_address>0xa99e</run_address>
         <size>0x14</size>
         <input_file_ref idref="fl-a"/>
      </object_component>
      <object_component id="oc-46">
         <name>.text:decompress:ZI:__TI_zero_init</name>
         <load_address>0xa9b2</load_address>
         <run_address>0xa9b2</run_address>
         <size>0x14</size>
         <input_file_ref idref="fl-41"/>
      </object_component>
      <object_component id="oc-2a3">
         <name>.text:memset</name>
         <load_address>0xa9c6</load_address>
         <run_address>0xa9c6</run_address>
         <size>0x14</size>
         <input_file_ref idref="fl-55"/>
      </object_component>
      <object_component id="oc-40">
         <name>.text:decompress:none:__TI_decompress_none</name>
         <load_address>0xa9da</load_address>
         <run_address>0xa9da</run_address>
         <size>0x12</size>
         <input_file_ref idref="fl-3f"/>
      </object_component>
      <object_component id="oc-447">
         <name>.text:l_lsr</name>
         <load_address>0xa9ec</load_address>
         <run_address>0xa9ec</run_address>
         <size>0x12</size>
         <input_file_ref idref="fl-53"/>
      </object_component>
      <object_component id="oc-80">
         <name>.text:memcpy</name>
         <load_address>0xa9fe</load_address>
         <run_address>0xa9fe</run_address>
         <size>0x12</size>
         <input_file_ref idref="fl-54"/>
      </object_component>
      <object_component id="oc-122">
         <name>.text:Trf797xReset</name>
         <load_address>0xaa10</load_address>
         <run_address>0xaa10</run_address>
         <size>0x10</size>
         <input_file_ref idref="fl-7"/>
      </object_component>
      <object_component id="oc-11c">
         <name>.text:Trf797xStopDecoders</name>
         <load_address>0xaa20</load_address>
         <run_address>0xaa20</run_address>
         <size>0x10</size>
         <input_file_ref idref="fl-7"/>
      </object_component>
      <object_component id="oc-46f">
         <name>.text:l_lsl</name>
         <load_address>0xaa30</load_address>
         <run_address>0xaa30</run_address>
         <size>0x10</size>
         <input_file_ref idref="fl-51"/>
      </object_component>
      <object_component id="oc-cd">
         <name>.text</name>
         <load_address>0xaa40</load_address>
         <run_address>0xaa40</run_address>
         <size>0x10</size>
         <input_file_ref idref="fl-42"/>
      </object_component>
      <object_component id="oc-ac">
         <name>.text:Trf797xReadIrqStatus</name>
         <load_address>0xaa50</load_address>
         <run_address>0xaa50</run_address>
         <size>0xe</size>
         <input_file_ref idref="fl-7"/>
      </object_component>
      <object_component id="oc-320">
         <name>.text:crypto1_transcrypt_bits</name>
         <load_address>0xaa5e</load_address>
         <run_address>0xaa5e</run_address>
         <size>0xc</size>
         <input_file_ref idref="fl-12"/>
      </object_component>
      <object_component id="oc-370">
         <name>.text:_crypto1_new_clean</name>
         <load_address>0xaa6a</load_address>
         <run_address>0xaa6a</run_address>
         <size>0xa</size>
         <input_file_ref idref="fl-13"/>
      </object_component>
      <object_component id="oc-317">
         <name>.text:crypto1_transcrypt</name>
         <load_address>0xaa74</load_address>
         <run_address>0xaa74</run_address>
         <size>0x8</size>
         <input_file_ref idref="fl-12"/>
      </object_component>
      <object_component id="oc-26d">
         <name>.text:Trf797xGetCollisionPosition</name>
         <load_address>0xaa7c</load_address>
         <run_address>0xaa7c</run_address>
         <size>0x6</size>
         <input_file_ref idref="fl-7"/>
      </object_component>
      <object_component id="oc-280">
         <name>.text:Trf797xGetRxErrorFlag</name>
         <load_address>0xaa82</load_address>
         <run_address>0xaa82</run_address>
         <size>0x6</size>
         <input_file_ref idref="fl-7"/>
      </object_component>
      <object_component id="oc-1fa">
         <name>.text:Trf797xGetTrfStatus</name>
         <load_address>0xaa88</load_address>
         <run_address>0xaa88</run_address>
         <size>0x6</size>
         <input_file_ref idref="fl-7"/>
      </object_component>
      <object_component id="oc-255">
         <name>.text:Trf797xSetCollisionPosition</name>
         <load_address>0xaa8e</load_address>
         <run_address>0xaa8e</run_address>
         <size>0x6</size>
         <input_file_ref idref="fl-7"/>
      </object_component>
      <object_component id="oc-25b">
         <name>.text:Trf797xSetRxErrorFlag</name>
         <load_address>0xaa94</load_address>
         <run_address>0xaa94</run_address>
         <size>0x6</size>
         <input_file_ref idref="fl-7"/>
      </object_component>
      <object_component id="oc-1ee">
         <name>.text:Trf797xSetRxTxState</name>
         <load_address>0xaa9a</load_address>
         <run_address>0xaa9a</run_address>
         <size>0x6</size>
         <input_file_ref idref="fl-7"/>
      </object_component>
      <object_component id="oc-278">
         <name>.text:Trf797xSetTrfStatus</name>
         <load_address>0xaaa0</load_address>
         <run_address>0xaaa0</run_address>
         <size>0x6</size>
         <input_file_ref idref="fl-7"/>
      </object_component>
      <object_component id="oc-56">
         <name>.text:__TI_ISR_TRAP</name>
         <load_address>0xaaa6</load_address>
         <run_address>0xaaa6</run_address>
         <size>0x6</size>
         <input_file_ref idref="fl-4e"/>
      </object_component>
      <object_component id="oc-4c">
         <name>.text:decompress:rle24:__TI_decompress_rle24</name>
         <load_address>0xaaac</load_address>
         <run_address>0xaaac</run_address>
         <size>0x6</size>
         <input_file_ref idref="fl-40"/>
      </object_component>
      <object_component id="oc-67">
         <name>.text:_system_pre_init</name>
         <load_address>0xaab2</load_address>
         <run_address>0xaab2</run_address>
         <size>0x4</size>
         <input_file_ref idref="fl-58"/>
      </object_component>
      <object_component id="oc-79">
         <name>.text:abort</name>
         <load_address>0xaab6</load_address>
         <run_address>0xaab6</run_address>
         <size>0x4</size>
         <input_file_ref idref="fl-43"/>
      </object_component>
      <object_component id="oc-4b5">
         <name>.cinit..data.load</name>
         <load_address>0xaadc</load_address>
         <run_address>0xaadc</run_address>
         <size>0x9</size>
      </object_component>
      <object_component id="oc-4b2">
         <name>__TI_handler_table</name>
         <load_address>0xaae6</load_address>
         <run_address>0xaae6</run_address>
         <size>0x6</size>
      </object_component>
      <object_component id="oc-4b4">
         <name>.cinit..bss.load</name>
         <load_address>0xaaec</load_address>
         <run_address>0xaaec</run_address>
         <size>0x4</size>
      </object_component>
      <object_component id="oc-4b3">
         <name>__TI_cinit_table</name>
         <load_address>0xaaf0</load_address>
         <run_address>0xaaf0</run_address>
         <size>0x8</size>
      </object_component>
      <object_component id="oc-3c2">
         <name>.const</name>
         <load_address>0xaaba</load_address>
         <run_address>0xaaba</run_address>
         <size>0x1a</size>
         <input_file_ref idref="fl-13"/>
      </object_component>
      <object_component id="oc-ec">
         <name>.const:.string:u8DefaultKey</name>
         <load_address>0xaad4</load_address>
         <run_address>0xaad4</run_address>
         <size>0x6</size>
         <input_file_ref idref="fl-2"/>
      </object_component>
      <object_component id="oc-2ad">
         <name>.const</name>
         <load_address>0xaada</load_address>
         <run_address>0xaada</run_address>
         <size>0x2</size>
         <input_file_ref idref="fl-a"/>
      </object_component>
      <object_component id="oc-2e">
         <name>.int00</name>
         <load_address>0xffe0</load_address>
         <run_address>0xffe0</run_address>
         <size>0x2</size>
         <input_file_ref idref="fl-44"/>
      </object_component>
      <object_component id="oc-2f">
         <name>.int02</name>
         <load_address>0xffe4</load_address>
         <run_address>0xffe4</run_address>
         <size>0x2</size>
         <input_file_ref idref="fl-45"/>
      </object_component>
      <object_component id="oc-30">
         <name>.int03</name>
         <load_address>0xffe6</load_address>
         <run_address>0xffe6</run_address>
         <size>0x2</size>
         <input_file_ref idref="fl-7"/>
      </object_component>
      <object_component id="oc-31">
         <name>.int06</name>
         <load_address>0xffec</load_address>
         <run_address>0xffec</run_address>
         <size>0x2</size>
         <input_file_ref idref="fl-46"/>
      </object_component>
      <object_component id="oc-32">
         <name>.int07</name>
         <load_address>0xffee</load_address>
         <run_address>0xffee</run_address>
         <size>0x2</size>
         <input_file_ref idref="fl-47"/>
      </object_component>
      <object_component id="oc-33">
         <name>.int08</name>
         <load_address>0xfff0</load_address>
         <run_address>0xfff0</run_address>
         <size>0x2</size>
         <input_file_ref idref="fl-48"/>
      </object_component>
      <object_component id="oc-34">
         <name>.int09</name>
         <load_address>0xfff2</load_address>
         <run_address>0xfff2</run_address>
         <size>0x2</size>
         <input_file_ref idref="fl-7"/>
      </object_component>
      <object_component id="oc-35">
         <name>.int10</name>
         <load_address>0xfff4</load_address>
         <run_address>0xfff4</run_address>
         <size>0x2</size>
         <input_file_ref idref="fl-49"/>
      </object_component>
      <object_component id="oc-36">
         <name>.int11</name>
         <load_address>0xfff6</load_address>
         <run_address>0xfff6</run_address>
         <size>0x2</size>
         <input_file_ref idref="fl-4a"/>
      </object_component>
      <object_component id="oc-37">
         <name>.int12</name>
         <load_address>0xfff8</load_address>
         <run_address>0xfff8</run_address>
         <size>0x2</size>
         <input_file_ref idref="fl-4b"/>
      </object_component>
      <object_component id="oc-38">
         <name>.int13</name>
         <load_address>0xfffa</load_address>
         <run_address>0xfffa</run_address>
         <size>0x2</size>
         <input_file_ref idref="fl-4c"/>
      </object_component>
      <object_component id="oc-39">
         <name>.int14</name>
         <load_address>0xfffc</load_address>
         <run_address>0xfffc</run_address>
         <size>0x2</size>
         <input_file_ref idref="fl-4d"/>
      </object_component>
      <object_component id="oc-55">
         <name>.reset</name>
         <load_address>0xfffe</load_address>
         <run_address>0xfffe</run_address>
         <size>0x2</size>
         <input_file_ref idref="fl-3e"/>
      </object_component>
      <object_component id="oc-29e">
         <name>.common:g_sTrfStatus</name>
         <uninitialized>true</uninitialized>
         <run_address>0x304</run_address>
         <size>0x2</size>
      </object_component>
      <object_component id="oc-406">
         <name>.common:buf</name>
         <uninitialized>true</uninitialized>
         <run_address>0x200</run_address>
         <size>0x80</size>
      </object_component>
      <object_component id="oc-291">
         <name>.common:g_pui8CompleteUid</name>
         <uninitialized>true</uninitialized>
         <run_address>0x2d4</run_address>
         <size>0xe</size>
      </object_component>
      <object_component id="oc-1c0">
         <name>.common:pui8BlockData</name>
         <uninitialized>true</uninitialized>
         <run_address>0x2b6</run_address>
         <size>0x10</size>
      </object_component>
      <object_component id="oc-352">
         <name>.common:g_ui8CollisionPosition</name>
         <uninitialized>true</uninitialized>
         <run_address>0x30a</run_address>
         <size>0x1</size>
      </object_component>
      <object_component id="oc-23d">
         <name>.common:g_s08RxTxState</name>
         <uninitialized>true</uninitialized>
         <run_address>0x309</run_address>
         <size>0x1</size>
      </object_component>
      <object_component id="oc-23b">
         <name>.common:pui8Command</name>
         <uninitialized>true</uninitialized>
         <run_address>0x306</run_address>
         <size>0x2</size>
      </object_component>
      <object_component id="oc-356">
         <name>.common:g_bRXErrorFlag</name>
         <uninitialized>true</uninitialized>
         <run_address>0x308</run_address>
         <size>0x1</size>
      </object_component>
      <object_component id="oc-156">
         <name>.common:g_ui8FifoRxLength</name>
         <uninitialized>true</uninitialized>
         <run_address>0x30b</run_address>
         <size>0x1</size>
      </object_component>
      <object_component id="oc-3be">
         <name>.common:g_sTrf797xStatus</name>
         <uninitialized>true</uninitialized>
         <run_address>0x302</run_address>
         <size>0x2</size>
      </object_component>
      <object_component id="oc-228">
         <name>.common:u8MFCAuth2Challenge</name>
         <uninitialized>true</uninitialized>
         <run_address>0x2fe</run_address>
         <size>0x4</size>
      </object_component>
      <object_component id="oc-36d">
         <name>.common:cipher_state</name>
         <uninitialized>true</uninitialized>
         <run_address>0x2c6</run_address>
         <size>0xe</size>
      </object_component>
      <object_component id="oc-2d9">
         <name>.common:auth1_command</name>
         <uninitialized>true</uninitialized>
         <run_address>0x2f6</run_address>
         <size>0x8</size>
      </object_component>
      <object_component id="oc-2ef">
         <name>.common:auth1_response</name>
         <uninitialized>true</uninitialized>
         <run_address>0x2e2</run_address>
         <size>0xa</size>
      </object_component>
      <object_component id="oc-30a">
         <name>.common:auth2_command</name>
         <uninitialized>true</uninitialized>
         <run_address>0x2a6</run_address>
         <size>0x10</size>
      </object_component>
      <object_component id="oc-30b">
         <name>.common:auth2_response</name>
         <uninitialized>true</uninitialized>
         <run_address>0x2ec</run_address>
         <size>0xa</size>
      </object_component>
      <object_component id="oc-32e">
         <name>.common:transceive_buffer</name>
         <uninitialized>true</uninitialized>
         <run_address>0x280</run_address>
         <size>0x26</size>
      </object_component>
      <object_component id="oc-a9">
         <name>.data</name>
         <load_address>0x314</load_address>
         <run_address>0x314</run_address>
         <size>0x2</size>
         <input_file_ref idref="fl-7"/>
      </object_component>
      <object_component id="oc-c4">
         <name>.data</name>
         <load_address>0x316</load_address>
         <run_address>0x316</run_address>
         <size>0x1</size>
         <input_file_ref idref="fl-b"/>
      </object_component>
      <object_component id="oc-19b">
         <name>.data:g_pui8MFCkey</name>
         <load_address>0x30c</load_address>
         <run_address>0x30c</run_address>
         <size>0x6</size>
         <input_file_ref idref="fl-5"/>
      </object_component>
      <object_component id="oc-1b3">
         <name>.data</name>
         <load_address>0x318</load_address>
         <run_address>0x318</run_address>
         <size>0x1</size>
         <input_file_ref idref="fl-5"/>
      </object_component>
      <object_component id="oc-1b7">
         <name>.data</name>
         <load_address>0x317</load_address>
         <run_address>0x317</run_address>
         <size>0x1</size>
         <input_file_ref idref="fl-3"/>
      </object_component>
      <object_component id="oc-2a9">
         <name>.data</name>
         <load_address>0x312</load_address>
         <run_address>0x312</run_address>
         <size>0x2</size>
         <input_file_ref idref="fl-a"/>
      </object_component>
      <object_component id="oc-3b">
         <name>.debug_aranges</name>
         <load_address>0x0</load_address>
         <run_address>0x0</run_address>
         <size>0x20</size>
         <input_file_ref idref="fl-3e"/>
      </object_component>
      <object_component id="oc-42">
         <name>.debug_aranges</name>
         <load_address>0x20</load_address>
         <run_address>0x20</run_address>
         <size>0x20</size>
         <input_file_ref idref="fl-3f"/>
      </object_component>
      <object_component id="oc-48">
         <name>.debug_aranges</name>
         <load_address>0x40</load_address>
         <run_address>0x40</run_address>
         <size>0x20</size>
         <input_file_ref idref="fl-41"/>
      </object_component>
      <object_component id="oc-4e">
         <name>.debug_aranges</name>
         <load_address>0x60</load_address>
         <run_address>0x60</run_address>
         <size>0x20</size>
         <input_file_ref idref="fl-40"/>
      </object_component>
      <object_component id="oc-59">
         <name>.debug_aranges</name>
         <load_address>0x80</load_address>
         <run_address>0x80</run_address>
         <size>0x20</size>
         <input_file_ref idref="fl-4e"/>
      </object_component>
      <object_component id="oc-5d">
         <name>.debug_aranges</name>
         <load_address>0xa0</load_address>
         <run_address>0xa0</run_address>
         <size>0x20</size>
         <input_file_ref idref="fl-7"/>
      </object_component>
      <object_component id="oc-63">
         <name>.debug_aranges</name>
         <load_address>0xc0</load_address>
         <run_address>0xc0</run_address>
         <size>0x20</size>
         <input_file_ref idref="fl-7"/>
      </object_component>
      <object_component id="oc-69">
         <name>.debug_aranges</name>
         <load_address>0xe0</load_address>
         <run_address>0xe0</run_address>
         <size>0x20</size>
         <input_file_ref idref="fl-58"/>
      </object_component>
      <object_component id="oc-6f">
         <name>.debug_aranges</name>
         <load_address>0x100</load_address>
         <run_address>0x100</run_address>
         <size>0x20</size>
         <input_file_ref idref="fl-5b"/>
      </object_component>
      <object_component id="oc-75">
         <name>.debug_aranges</name>
         <load_address>0x120</load_address>
         <run_address>0x120</run_address>
         <size>0x20</size>
         <input_file_ref idref="fl-2"/>
      </object_component>
      <object_component id="oc-7b">
         <name>.debug_aranges</name>
         <load_address>0x140</load_address>
         <run_address>0x140</run_address>
         <size>0x20</size>
         <input_file_ref idref="fl-43"/>
      </object_component>
      <object_component id="oc-82">
         <name>.debug_aranges</name>
         <load_address>0x160</load_address>
         <run_address>0x160</run_address>
         <size>0x20</size>
         <input_file_ref idref="fl-54"/>
      </object_component>
      <object_component id="oc-96">
         <name>.debug_aranges</name>
         <load_address>0x180</load_address>
         <run_address>0x180</run_address>
         <size>0x20</size>
         <input_file_ref idref="fl-40"/>
      </object_component>
      <object_component id="oc-ae">
         <name>.debug_aranges</name>
         <load_address>0x1a0</load_address>
         <run_address>0x1a0</run_address>
         <size>0x20</size>
         <input_file_ref idref="fl-7"/>
      </object_component>
      <object_component id="oc-b4">
         <name>.debug_aranges</name>
         <load_address>0x1c0</load_address>
         <run_address>0x1c0</run_address>
         <size>0x20</size>
         <input_file_ref idref="fl-6"/>
      </object_component>
      <object_component id="oc-ba">
         <name>.debug_aranges</name>
         <load_address>0x1e0</load_address>
         <run_address>0x1e0</run_address>
         <size>0x20</size>
         <input_file_ref idref="fl-7"/>
      </object_component>
      <object_component id="oc-cf">
         <name>.debug_aranges</name>
         <load_address>0x200</load_address>
         <run_address>0x200</run_address>
         <size>0x20</size>
         <input_file_ref idref="fl-42"/>
      </object_component>
      <object_component id="oc-d6">
         <name>.debug_aranges</name>
         <load_address>0x220</load_address>
         <run_address>0x220</run_address>
         <size>0x20</size>
         <input_file_ref idref="fl-4"/>
      </object_component>
      <object_component id="oc-dc">
         <name>.debug_aranges</name>
         <load_address>0x240</load_address>
         <run_address>0x240</run_address>
         <size>0x20</size>
         <input_file_ref idref="fl-4"/>
      </object_component>
      <object_component id="oc-e2">
         <name>.debug_aranges</name>
         <load_address>0x260</load_address>
         <run_address>0x260</run_address>
         <size>0x20</size>
         <input_file_ref idref="fl-6"/>
      </object_component>
      <object_component id="oc-e8">
         <name>.debug_aranges</name>
         <load_address>0x280</load_address>
         <run_address>0x280</run_address>
         <size>0x20</size>
         <input_file_ref idref="fl-7"/>
      </object_component>
      <object_component id="oc-f1">
         <name>.debug_aranges</name>
         <load_address>0x2a0</load_address>
         <run_address>0x2a0</run_address>
         <size>0x20</size>
         <input_file_ref idref="fl-5"/>
      </object_component>
      <object_component id="oc-f7">
         <name>.debug_aranges</name>
         <load_address>0x2c0</load_address>
         <run_address>0x2c0</run_address>
         <size>0x20</size>
         <input_file_ref idref="fl-5"/>
      </object_component>
      <object_component id="oc-114">
         <name>.debug_aranges</name>
         <load_address>0x2e0</load_address>
         <run_address>0x2e0</run_address>
         <size>0x20</size>
         <input_file_ref idref="fl-6"/>
      </object_component>
      <object_component id="oc-11e">
         <name>.debug_aranges</name>
         <load_address>0x300</load_address>
         <run_address>0x300</run_address>
         <size>0x20</size>
         <input_file_ref idref="fl-7"/>
      </object_component>
      <object_component id="oc-124">
         <name>.debug_aranges</name>
         <load_address>0x320</load_address>
         <run_address>0x320</run_address>
         <size>0x20</size>
         <input_file_ref idref="fl-7"/>
      </object_component>
      <object_component id="oc-12a">
         <name>.debug_aranges</name>
         <load_address>0x340</load_address>
         <run_address>0x340</run_address>
         <size>0x20</size>
         <input_file_ref idref="fl-7"/>
      </object_component>
      <object_component id="oc-160">
         <name>.debug_aranges</name>
         <load_address>0x360</load_address>
         <run_address>0x360</run_address>
         <size>0x20</size>
         <input_file_ref idref="fl-3d"/>
      </object_component>
      <object_component id="oc-186">
         <name>.debug_aranges</name>
         <load_address>0x380</load_address>
         <run_address>0x380</run_address>
         <size>0x20</size>
         <input_file_ref idref="fl-6"/>
      </object_component>
      <object_component id="oc-18d">
         <name>.debug_aranges</name>
         <load_address>0x3a0</load_address>
         <run_address>0x3a0</run_address>
         <size>0x20</size>
         <input_file_ref idref="fl-6"/>
      </object_component>
      <object_component id="oc-193">
         <name>.debug_aranges</name>
         <load_address>0x3c0</load_address>
         <run_address>0x3c0</run_address>
         <size>0x20</size>
         <input_file_ref idref="fl-6"/>
      </object_component>
      <object_component id="oc-1a3">
         <name>.debug_aranges</name>
         <load_address>0x3e0</load_address>
         <run_address>0x3e0</run_address>
         <size>0x20</size>
         <input_file_ref idref="fl-7"/>
      </object_component>
      <object_component id="oc-1a9">
         <name>.debug_aranges</name>
         <load_address>0x400</load_address>
         <run_address>0x400</run_address>
         <size>0x20</size>
         <input_file_ref idref="fl-7"/>
      </object_component>
      <object_component id="oc-1af">
         <name>.debug_aranges</name>
         <load_address>0x420</load_address>
         <run_address>0x420</run_address>
         <size>0x20</size>
         <input_file_ref idref="fl-3"/>
      </object_component>
      <object_component id="oc-1bc">
         <name>.debug_aranges</name>
         <load_address>0x440</load_address>
         <run_address>0x440</run_address>
         <size>0x20</size>
         <input_file_ref idref="fl-9"/>
      </object_component>
      <object_component id="oc-1c3">
         <name>.debug_aranges</name>
         <load_address>0x460</load_address>
         <run_address>0x460</run_address>
         <size>0x20</size>
         <input_file_ref idref="fl-9"/>
      </object_component>
      <object_component id="oc-1c9">
         <name>.debug_aranges</name>
         <load_address>0x480</load_address>
         <run_address>0x480</run_address>
         <size>0x20</size>
         <input_file_ref idref="fl-7"/>
      </object_component>
      <object_component id="oc-1f0">
         <name>.debug_aranges</name>
         <load_address>0x4a0</load_address>
         <run_address>0x4a0</run_address>
         <size>0x20</size>
         <input_file_ref idref="fl-7"/>
      </object_component>
      <object_component id="oc-1f6">
         <name>.debug_aranges</name>
         <load_address>0x4c0</load_address>
         <run_address>0x4c0</run_address>
         <size>0x20</size>
         <input_file_ref idref="fl-3"/>
      </object_component>
      <object_component id="oc-1fc">
         <name>.debug_aranges</name>
         <load_address>0x4e0</load_address>
         <run_address>0x4e0</run_address>
         <size>0x20</size>
         <input_file_ref idref="fl-7"/>
      </object_component>
      <object_component id="oc-207">
         <name>.debug_aranges</name>
         <load_address>0x500</load_address>
         <run_address>0x500</run_address>
         <size>0x20</size>
         <input_file_ref idref="fl-3"/>
      </object_component>
      <object_component id="oc-212">
         <name>.debug_aranges</name>
         <load_address>0x520</load_address>
         <run_address>0x520</run_address>
         <size>0x20</size>
         <input_file_ref idref="fl-a"/>
      </object_component>
      <object_component id="oc-218">
         <name>.debug_aranges</name>
         <load_address>0x540</load_address>
         <run_address>0x540</run_address>
         <size>0x20</size>
         <input_file_ref idref="fl-a"/>
      </object_component>
      <object_component id="oc-21e">
         <name>.debug_aranges</name>
         <load_address>0x560</load_address>
         <run_address>0x560</run_address>
         <size>0x20</size>
         <input_file_ref idref="fl-a"/>
      </object_component>
      <object_component id="oc-22b">
         <name>.debug_aranges</name>
         <load_address>0x580</load_address>
         <run_address>0x580</run_address>
         <size>0x20</size>
         <input_file_ref idref="fl-a"/>
      </object_component>
      <object_component id="oc-232">
         <name>.debug_aranges</name>
         <load_address>0x5a0</load_address>
         <run_address>0x5a0</run_address>
         <size>0x20</size>
         <input_file_ref idref="fl-a"/>
      </object_component>
      <object_component id="oc-248">
         <name>.debug_aranges</name>
         <load_address>0x5c0</load_address>
         <run_address>0x5c0</run_address>
         <size>0x20</size>
         <input_file_ref idref="fl-6"/>
      </object_component>
      <object_component id="oc-24e">
         <name>.debug_aranges</name>
         <load_address>0x5e0</load_address>
         <run_address>0x5e0</run_address>
         <size>0x20</size>
         <input_file_ref idref="fl-7"/>
      </object_component>
      <object_component id="oc-257">
         <name>.debug_aranges</name>
         <load_address>0x600</load_address>
         <run_address>0x600</run_address>
         <size>0x20</size>
         <input_file_ref idref="fl-7"/>
      </object_component>
      <object_component id="oc-25d">
         <name>.debug_aranges</name>
         <load_address>0x620</load_address>
         <run_address>0x620</run_address>
         <size>0x20</size>
         <input_file_ref idref="fl-7"/>
      </object_component>
      <object_component id="oc-263">
         <name>.debug_aranges</name>
         <load_address>0x640</load_address>
         <run_address>0x640</run_address>
         <size>0x20</size>
         <input_file_ref idref="fl-52"/>
      </object_component>
      <object_component id="oc-268">
         <name>.debug_aranges</name>
         <load_address>0x660</load_address>
         <run_address>0x660</run_address>
         <size>0x20</size>
         <input_file_ref idref="fl-3"/>
      </object_component>
      <object_component id="oc-26f">
         <name>.debug_aranges</name>
         <load_address>0x680</load_address>
         <run_address>0x680</run_address>
         <size>0x20</size>
         <input_file_ref idref="fl-7"/>
      </object_component>
      <object_component id="oc-27a">
         <name>.debug_aranges</name>
         <load_address>0x6a0</load_address>
         <run_address>0x6a0</run_address>
         <size>0x20</size>
         <input_file_ref idref="fl-7"/>
      </object_component>
      <object_component id="oc-282">
         <name>.debug_aranges</name>
         <load_address>0x6c0</load_address>
         <run_address>0x6c0</run_address>
         <size>0x20</size>
         <input_file_ref idref="fl-7"/>
      </object_component>
      <object_component id="oc-299">
         <name>.debug_aranges</name>
         <load_address>0x6e0</load_address>
         <run_address>0x6e0</run_address>
         <size>0x20</size>
         <input_file_ref idref="fl-3"/>
      </object_component>
      <object_component id="oc-2a7">
         <name>.debug_aranges</name>
         <load_address>0x700</load_address>
         <run_address>0x700</run_address>
         <size>0x20</size>
         <input_file_ref idref="fl-55"/>
      </object_component>
      <object_component id="oc-2b3">
         <name>.debug_aranges</name>
         <load_address>0x720</load_address>
         <run_address>0x720</run_address>
         <size>0x20</size>
         <input_file_ref idref="fl-12"/>
      </object_component>
      <object_component id="oc-2b8">
         <name>.debug_aranges</name>
         <load_address>0x740</load_address>
         <run_address>0x740</run_address>
         <size>0x20</size>
         <input_file_ref idref="fl-4f"/>
      </object_component>
      <object_component id="oc-2be">
         <name>.debug_aranges</name>
         <load_address>0x760</load_address>
         <run_address>0x760</run_address>
         <size>0x20</size>
         <input_file_ref idref="fl-12"/>
      </object_component>
      <object_component id="oc-2cd">
         <name>.debug_aranges</name>
         <load_address>0x780</load_address>
         <run_address>0x780</run_address>
         <size>0x20</size>
         <input_file_ref idref="fl-b"/>
      </object_component>
      <object_component id="oc-2d4">
         <name>.debug_aranges</name>
         <load_address>0x7a0</load_address>
         <run_address>0x7a0</run_address>
         <size>0x20</size>
         <input_file_ref idref="fl-b"/>
      </object_component>
      <object_component id="oc-2dc">
         <name>.debug_aranges</name>
         <load_address>0x7c0</load_address>
         <run_address>0x7c0</run_address>
         <size>0x20</size>
         <input_file_ref idref="fl-b"/>
      </object_component>
      <object_component id="oc-2e3">
         <name>.debug_aranges</name>
         <load_address>0x7e0</load_address>
         <run_address>0x7e0</run_address>
         <size>0x20</size>
         <input_file_ref idref="fl-b"/>
      </object_component>
      <object_component id="oc-2e9">
         <name>.debug_aranges</name>
         <load_address>0x800</load_address>
         <run_address>0x800</run_address>
         <size>0x20</size>
         <input_file_ref idref="fl-51"/>
      </object_component>
      <object_component id="oc-2f2">
         <name>.debug_aranges</name>
         <load_address>0x820</load_address>
         <run_address>0x820</run_address>
         <size>0x20</size>
         <input_file_ref idref="fl-12"/>
      </object_component>
      <object_component id="oc-306">
         <name>.debug_aranges</name>
         <load_address>0x840</load_address>
         <run_address>0x840</run_address>
         <size>0x20</size>
         <input_file_ref idref="fl-12"/>
      </object_component>
      <object_component id="oc-30f">
         <name>.debug_aranges</name>
         <load_address>0x860</load_address>
         <run_address>0x860</run_address>
         <size>0x20</size>
         <input_file_ref idref="fl-12"/>
      </object_component>
      <object_component id="oc-31a">
         <name>.debug_aranges</name>
         <load_address>0x880</load_address>
         <run_address>0x880</run_address>
         <size>0x20</size>
         <input_file_ref idref="fl-12"/>
      </object_component>
      <object_component id="oc-323">
         <name>.debug_aranges</name>
         <load_address>0x8a0</load_address>
         <run_address>0x8a0</run_address>
         <size>0x20</size>
         <input_file_ref idref="fl-12"/>
      </object_component>
      <object_component id="oc-32a">
         <name>.debug_aranges</name>
         <load_address>0x8c0</load_address>
         <run_address>0x8c0</run_address>
         <size>0x20</size>
         <input_file_ref idref="fl-b"/>
      </object_component>
      <object_component id="oc-334">
         <name>.debug_aranges</name>
         <load_address>0x8e0</load_address>
         <run_address>0x8e0</run_address>
         <size>0x20</size>
         <input_file_ref idref="fl-4"/>
      </object_component>
      <object_component id="oc-362">
         <name>.debug_aranges</name>
         <load_address>0x900</load_address>
         <run_address>0x900</run_address>
         <size>0x20</size>
         <input_file_ref idref="fl-7"/>
      </object_component>
      <object_component id="oc-373">
         <name>.debug_aranges</name>
         <load_address>0x920</load_address>
         <run_address>0x920</run_address>
         <size>0x20</size>
         <input_file_ref idref="fl-13"/>
      </object_component>
      <object_component id="oc-383">
         <name>.debug_aranges</name>
         <load_address>0x940</load_address>
         <run_address>0x940</run_address>
         <size>0x20</size>
         <input_file_ref idref="fl-b"/>
      </object_component>
      <object_component id="oc-38a">
         <name>.debug_aranges</name>
         <load_address>0x960</load_address>
         <run_address>0x960</run_address>
         <size>0x20</size>
         <input_file_ref idref="fl-b"/>
      </object_component>
      <object_component id="oc-390">
         <name>.debug_aranges</name>
         <load_address>0x980</load_address>
         <run_address>0x980</run_address>
         <size>0x20</size>
         <input_file_ref idref="fl-b"/>
      </object_component>
      <object_component id="oc-396">
         <name>.debug_aranges</name>
         <load_address>0x9a0</load_address>
         <run_address>0x9a0</run_address>
         <size>0x20</size>
         <input_file_ref idref="fl-b"/>
      </object_component>
      <object_component id="oc-39c">
         <name>.debug_aranges</name>
         <load_address>0x9c0</load_address>
         <run_address>0x9c0</run_address>
         <size>0x20</size>
         <input_file_ref idref="fl-b"/>
      </object_component>
      <object_component id="oc-3a2">
         <name>.debug_aranges</name>
         <load_address>0x9e0</load_address>
         <run_address>0x9e0</run_address>
         <size>0x20</size>
         <input_file_ref idref="fl-b"/>
      </object_component>
      <object_component id="oc-3a8">
         <name>.debug_aranges</name>
         <load_address>0xa00</load_address>
         <run_address>0xa00</run_address>
         <size>0x20</size>
         <input_file_ref idref="fl-b"/>
      </object_component>
      <object_component id="oc-3ae">
         <name>.debug_aranges</name>
         <load_address>0xa20</load_address>
         <run_address>0xa20</run_address>
         <size>0x20</size>
         <input_file_ref idref="fl-b"/>
      </object_component>
      <object_component id="oc-3e2">
         <name>.debug_aranges</name>
         <load_address>0xa40</load_address>
         <run_address>0xa40</run_address>
         <size>0x20</size>
         <input_file_ref idref="fl-7"/>
      </object_component>
      <object_component id="oc-3ea">
         <name>.debug_aranges</name>
         <load_address>0xa60</load_address>
         <run_address>0xa60</run_address>
         <size>0x20</size>
         <input_file_ref idref="fl-50"/>
      </object_component>
      <object_component id="oc-3fb">
         <name>.debug_aranges</name>
         <load_address>0xa80</load_address>
         <run_address>0xa80</run_address>
         <size>0x20</size>
         <input_file_ref idref="fl-6"/>
      </object_component>
      <object_component id="oc-40b">
         <name>.debug_aranges</name>
         <load_address>0xaa0</load_address>
         <run_address>0xaa0</run_address>
         <size>0x20</size>
         <input_file_ref idref="fl-13"/>
      </object_component>
      <object_component id="oc-411">
         <name>.debug_aranges</name>
         <load_address>0xac0</load_address>
         <run_address>0xac0</run_address>
         <size>0x20</size>
         <input_file_ref idref="fl-13"/>
      </object_component>
      <object_component id="oc-417">
         <name>.debug_aranges</name>
         <load_address>0xae0</load_address>
         <run_address>0xae0</run_address>
         <size>0x20</size>
         <input_file_ref idref="fl-13"/>
      </object_component>
      <object_component id="oc-41d">
         <name>.debug_aranges</name>
         <load_address>0xb00</load_address>
         <run_address>0xb00</run_address>
         <size>0x20</size>
         <input_file_ref idref="fl-13"/>
      </object_component>
      <object_component id="oc-423">
         <name>.debug_aranges</name>
         <load_address>0xb20</load_address>
         <run_address>0xb20</run_address>
         <size>0x20</size>
         <input_file_ref idref="fl-13"/>
      </object_component>
      <object_component id="oc-429">
         <name>.debug_aranges</name>
         <load_address>0xb40</load_address>
         <run_address>0xb40</run_address>
         <size>0x20</size>
         <input_file_ref idref="fl-13"/>
      </object_component>
      <object_component id="oc-42f">
         <name>.debug_aranges</name>
         <load_address>0xb60</load_address>
         <run_address>0xb60</run_address>
         <size>0x20</size>
         <input_file_ref idref="fl-13"/>
      </object_component>
      <object_component id="oc-43b">
         <name>.debug_aranges</name>
         <load_address>0xb80</load_address>
         <run_address>0xb80</run_address>
         <size>0x20</size>
         <input_file_ref idref="fl-4f"/>
      </object_component>
      <object_component id="oc-443">
         <name>.debug_aranges</name>
         <load_address>0xba0</load_address>
         <run_address>0xba0</run_address>
         <size>0x20</size>
         <input_file_ref idref="fl-13"/>
      </object_component>
      <object_component id="oc-449">
         <name>.debug_aranges</name>
         <load_address>0xbc0</load_address>
         <run_address>0xbc0</run_address>
         <size>0x20</size>
         <input_file_ref idref="fl-53"/>
      </object_component>
      <object_component id="oc-44f">
         <name>.debug_aranges</name>
         <load_address>0xbe0</load_address>
         <run_address>0xbe0</run_address>
         <size>0x20</size>
         <input_file_ref idref="fl-13"/>
      </object_component>
      <object_component id="oc-455">
         <name>.debug_aranges</name>
         <load_address>0xc00</load_address>
         <run_address>0xc00</run_address>
         <size>0x20</size>
         <input_file_ref idref="fl-13"/>
      </object_component>
      <object_component id="oc-45a">
         <name>.debug_aranges</name>
         <load_address>0xc20</load_address>
         <run_address>0xc20</run_address>
         <size>0x20</size>
         <input_file_ref idref="fl-13"/>
      </object_component>
      <object_component id="oc-460">
         <name>.debug_aranges</name>
         <load_address>0xc40</load_address>
         <run_address>0xc40</run_address>
         <size>0x20</size>
         <input_file_ref idref="fl-53"/>
      </object_component>
      <object_component id="oc-46a">
         <name>.debug_aranges</name>
         <load_address>0xc60</load_address>
         <run_address>0xc60</run_address>
         <size>0x20</size>
         <input_file_ref idref="fl-13"/>
      </object_component>
      <object_component id="oc-471">
         <name>.debug_aranges</name>
         <load_address>0xc80</load_address>
         <run_address>0xc80</run_address>
         <size>0x20</size>
         <input_file_ref idref="fl-51"/>
      </object_component>
      <object_component id="oc-3c">
         <name>.debug_line</name>
         <load_address>0x0</load_address>
         <run_address>0x0</run_address>
         <size>0x44</size>
         <input_file_ref idref="fl-3e"/>
      </object_component>
      <object_component id="oc-44">
         <name>.debug_line</name>
         <load_address>0x44</load_address>
         <run_address>0x44</run_address>
         <size>0x50</size>
         <input_file_ref idref="fl-3f"/>
      </object_component>
      <object_component id="oc-4a">
         <name>.debug_line</name>
         <load_address>0x94</load_address>
         <run_address>0x94</run_address>
         <size>0x4d</size>
         <input_file_ref idref="fl-41"/>
      </object_component>
      <object_component id="oc-50">
         <name>.debug_line</name>
         <load_address>0xe1</load_address>
         <run_address>0xe1</run_address>
         <size>0x49</size>
         <input_file_ref idref="fl-40"/>
      </object_component>
      <object_component id="oc-5a">
         <name>.debug_line</name>
         <load_address>0x12a</load_address>
         <run_address>0x12a</run_address>
         <size>0x3c</size>
         <input_file_ref idref="fl-4e"/>
      </object_component>
      <object_component id="oc-5f">
         <name>.debug_line</name>
         <load_address>0x166</load_address>
         <run_address>0x166</run_address>
         <size>0x5b</size>
         <input_file_ref idref="fl-7"/>
      </object_component>
      <object_component id="oc-65">
         <name>.debug_line</name>
         <load_address>0x1c1</load_address>
         <run_address>0x1c1</run_address>
         <size>0x57</size>
         <input_file_ref idref="fl-7"/>
      </object_component>
      <object_component id="oc-6b">
         <name>.debug_line</name>
         <load_address>0x218</load_address>
         <run_address>0x218</run_address>
         <size>0x3e</size>
         <input_file_ref idref="fl-58"/>
      </object_component>
      <object_component id="oc-71">
         <name>.debug_line</name>
         <load_address>0x256</load_address>
         <run_address>0x256</run_address>
         <size>0x6b</size>
         <input_file_ref idref="fl-5b"/>
      </object_component>
      <object_component id="oc-77">
         <name>.debug_line</name>
         <load_address>0x2c1</load_address>
         <run_address>0x2c1</run_address>
         <size>0x57</size>
         <input_file_ref idref="fl-2"/>
      </object_component>
      <object_component id="oc-7d">
         <name>.debug_line</name>
         <load_address>0x318</load_address>
         <run_address>0x318</run_address>
         <size>0x3a</size>
         <input_file_ref idref="fl-43"/>
      </object_component>
      <object_component id="oc-84">
         <name>.debug_line</name>
         <load_address>0x352</load_address>
         <run_address>0x352</run_address>
         <size>0x45</size>
         <input_file_ref idref="fl-54"/>
      </object_component>
      <object_component id="oc-8a">
         <name>.debug_line</name>
         <load_address>0x397</load_address>
         <run_address>0x397</run_address>
         <size>0x3a</size>
         <input_file_ref idref="fl-3f"/>
      </object_component>
      <object_component id="oc-91">
         <name>.debug_line</name>
         <load_address>0x3d1</load_address>
         <run_address>0x3d1</run_address>
         <size>0x34</size>
         <input_file_ref idref="fl-41"/>
      </object_component>
      <object_component id="oc-98">
         <name>.debug_line</name>
         <load_address>0x405</load_address>
         <run_address>0x405</run_address>
         <size>0x81</size>
         <input_file_ref idref="fl-40"/>
      </object_component>
      <object_component id="oc-9f">
         <name>.debug_line</name>
         <load_address>0x486</load_address>
         <run_address>0x486</run_address>
         <size>0x39</size>
         <input_file_ref idref="fl-40"/>
      </object_component>
      <object_component id="oc-a2">
         <name>.debug_line</name>
         <load_address>0x4bf</load_address>
         <run_address>0x4bf</run_address>
         <size>0x2a</size>
         <input_file_ref idref="fl-3e"/>
      </object_component>
      <object_component id="oc-a6">
         <name>.debug_line</name>
         <load_address>0x4e9</load_address>
         <run_address>0x4e9</run_address>
         <size>0x20</size>
         <input_file_ref idref="fl-2"/>
      </object_component>
      <object_component id="oc-b0">
         <name>.debug_line</name>
         <load_address>0x509</load_address>
         <run_address>0x509</run_address>
         <size>0x4b</size>
         <input_file_ref idref="fl-7"/>
      </object_component>
      <object_component id="oc-b6">
         <name>.debug_line</name>
         <load_address>0x554</load_address>
         <run_address>0x554</run_address>
         <size>0x62</size>
         <input_file_ref idref="fl-6"/>
      </object_component>
      <object_component id="oc-bc">
         <name>.debug_line</name>
         <load_address>0x5b6</load_address>
         <run_address>0x5b6</run_address>
         <size>0x12c</size>
         <input_file_ref idref="fl-7"/>
      </object_component>
      <object_component id="oc-c2">
         <name>.debug_line</name>
         <load_address>0x6e2</load_address>
[...]
      </symbol>
      <symbol id="sm-493">
         <name>__mspabi_srai</name>
         <value>0xa798</value>
         <object_component_ref idref="oc-15f"/>
      </symbol>
      <symbol id="sm-494">
         <name>__mspabi_srai_8</name>
         <value>0xa7b2</value>
         <object_component_ref idref="oc-15f"/>
      </symbol>
      <symbol id="sm-495">
         <name>__mspabi_srai_9</name>
         <value>0xa7b0</value>
         <object_component_ref idref="oc-15f"/>
      </symbol>
      <symbol id="sm-496">
         <name>__mspabi_srai_6</name>
         <value>0xa7b6</value>
         <object_component_ref idref="oc-15f"/>
      </symbol>
      <symbol id="sm-497">
         <name>__mspabi_srai_7</name>
         <value>0xa7b4</value>
         <object_component_ref idref="oc-15f"/>
      </symbol>
      <symbol id="sm-498">
         <name>__mspabi_srai_4</name>
         <value>0xa7ba</value>
         <object_component_ref idref="oc-15f"/>
      </symbol>
      <symbol id="sm-499">
         <name>__mspabi_srai_5</name>
         <value>0xa7b8</value>
         <object_component_ref idref="oc-15f"/>
      </symbol>
      <symbol id="sm-49a">
         <name>__mspabi_srai_2</name>
         <value>0xa7be</value>
         <object_component_ref idref="oc-15f"/>
      </symbol>
      <symbol id="sm-49b">
         <name>__mspabi_srai_3</name>
         <value>0xa7bc</value>
         <object_component_ref idref="oc-15f"/>
      </symbol>
      <symbol id="sm-49c">
         <name>__mspabi_srai_1</name>
         <value>0xa7c0</value>
         <object_component_ref idref="oc-15f"/>
      </symbol>
      <symbol id="sm-49d">
         <name>__mspabi_srai_15</name>
         <value>0xa7a4</value>
         <object_component_ref idref="oc-15f"/>
      </symbol>
      <symbol id="sm-49e">
         <name>__mspabi_srai_14</name>
         <value>0xa7a6</value>
         <object_component_ref idref="oc-15f"/>
      </symbol>
      <symbol id="sm-49f">
         <name>__mspabi_srai_13</name>
         <value>0xa7a8</value>
         <object_component_ref idref="oc-15f"/>
      </symbol>
      <symbol id="sm-4a0">
         <name>__mspabi_srai_12</name>
         <value>0xa7aa</value>
         <object_component_ref idref="oc-15f"/>
      </symbol>
      <symbol id="sm-4a1">
         <name>__mspabi_srai_11</name>
         <value>0xa7ac</value>
         <object_component_ref idref="oc-15f"/>
      </symbol>
      <symbol id="sm-4a2">
         <name>__mspabi_srai_10</name>
         <value>0xa7ae</value>
         <object_component_ref idref="oc-15f"/>
      </symbol>
      <symbol id="sm-4b2">
         <name>_c_int00_noexit</name>
         <value>0xa96c</value>
         <object_component_ref idref="oc-3a"/>
      </symbol>
      <symbol id="sm-4b3">
         <name>_c_int00</name>
         <value>0xa96c</value>
         <object_component_ref idref="oc-3a"/>
      </symbol>
      <symbol id="sm-4b4">
         <name>_stack</name>
         <value>0x94c</value>
         <object_component_ref idref="oc-52"/>
      </symbol>
      <symbol id="sm-4b5">
         <name>_reset_vector</name>
         <value>0xfffe</value>
         <object_component_ref idref="oc-55"/>
      </symbol>
      <symbol id="sm-4cb">
         <name>__TI_decompress_none</name>
         <value>0xa9da</value>
         <object_component_ref idref="oc-40"/>
      </symbol>
      <symbol id="sm-4ed">
         <name>__TI_decompress_rle24</name>
         <value>0xaaac</value>
         <object_component_ref idref="oc-4c"/>
      </symbol>
      <symbol id="sm-500">
         <name>__TI_zero_init</name>
         <value>0xa9b2</value>
         <object_component_ref idref="oc-46"/>
      </symbol>
      <symbol id="sm-509">
         <name>__mspabi_func_epilog_2</name>
         <value>0xaa4a</value>
         <object_component_ref idref="oc-cd"/>
      </symbol>
      <symbol id="sm-50a">
         <name>__mspabi_func_epilog_3</name>
         <value>0xaa48</value>
         <object_component_ref idref="oc-cd"/>
      </symbol>
      <symbol id="sm-50b">
         <name>__mspabi_func_epilog_1</name>
         <value>0xaa4c</value>
         <object_component_ref idref="oc-cd"/>
      </symbol>
      <symbol id="sm-50c">
         <name>__mspabi_func_epilog_6</name>
         <value>0xaa42</value>
         <object_component_ref idref="oc-cd"/>
      </symbol>
      <symbol id="sm-50d">
         <name>__mspabi_func_epilog_7</name>
         <value>0xaa40</value>
         <object_component_ref idref="oc-cd"/>
      </symbol>
      <symbol id="sm-50e">
         <name>__mspabi_func_epilog_4</name>
         <value>0xaa46</value>
         <object_component_ref idref="oc-cd"/>
      </symbol>
      <symbol id="sm-50f">
         <name>__mspabi_func_epilog_5</name>
         <value>0xaa44</value>
         <object_component_ref idref="oc-cd"/>
      </symbol>
      <symbol id="sm-519">
         <name>C$$EXIT</name>
         <value>0xaab6</value>
         <object_component_ref idref="oc-79"/>
      </symbol>
      <symbol id="sm-51a">
         <name>abort</name>
         <value>0xaab6</value>
         <object_component_ref idref="oc-79"/>
      </symbol>
      <symbol id="sm-51d">
         <name>__TI_int00</name>
         <value>0xffe0</value>
         <object_component_ref idref="oc-2e"/>
      </symbol>
      <symbol id="sm-520">
         <name>__TI_int02</name>
         <value>0xffe4</value>
         <object_component_ref idref="oc-2f"/>
      </symbol>
      <symbol id="sm-523">
         <name>__TI_int06</name>
         <value>0xffec</value>
         <object_component_ref idref="oc-31"/>
      </symbol>
      <symbol id="sm-526">
         <name>__TI_int07</name>
         <value>0xffee</value>
         <object_component_ref idref="oc-32"/>
      </symbol>
      <symbol id="sm-529">
         <name>__TI_int08</name>
         <value>0xfff0</value>
         <object_component_ref idref="oc-33"/>
      </symbol>
      <symbol id="sm-52c">
         <name>__TI_int10</name>
         <value>0xfff4</value>
         <object_component_ref idref="oc-35"/>
      </symbol>
      <symbol id="sm-52f">
         <name>__TI_int11</name>
         <value>0xfff6</value>
         <object_component_ref idref="oc-36"/>
      </symbol>
      <symbol id="sm-532">
         <name>__TI_int12</name>
         <value>0xfff8</value>
         <object_component_ref idref="oc-37"/>
      </symbol>
      <symbol id="sm-535">
         <name>__TI_int13</name>
         <value>0xfffa</value>
         <object_component_ref idref="oc-38"/>
      </symbol>
      <symbol id="sm-538">
         <name>__TI_int14</name>
         <value>0xfffc</value>
         <object_component_ref idref="oc-39"/>
      </symbol>
      <symbol id="sm-540">
         <name>__TI_ISR_TRAP</name>
         <value>0xaaa6</value>
         <object_component_ref idref="oc-56"/>
      </symbol>
      <symbol id="sm-558">
         <name>__mspabi_srlll</name>
         <value>0xa3d4</value>
         <object_component_ref idref="oc-439"/>
      </symbol>
      <symbol id="sm-559">
         <name>__mspabi_sllll</name>
         <value>0xa45c</value>
         <object_component_ref idref="oc-2b6"/>
      </symbol>
      <symbol id="sm-561">
         <name>__mspabi_slli</name>
         <value>0xa7c4</value>
         <object_component_ref idref="oc-3e7"/>
      </symbol>
      <symbol id="sm-562">
         <name>__mspabi_slli_9</name>
         <value>0xa7dc</value>
         <object_component_ref idref="oc-3e7"/>
      </symbol>
      <symbol id="sm-563">
         <name>__mspabi_slli_8</name>
         <value>0xa7de</value>
         <object_component_ref idref="oc-3e7"/>
      </symbol>
      <symbol id="sm-564">
         <name>__mspabi_slli_7</name>
         <value>0xa7e0</value>
         <object_component_ref idref="oc-3e7"/>
      </symbol>
      <symbol id="sm-565">
         <name>__mspabi_slli_6</name>
         <value>0xa7e2</value>
         <object_component_ref idref="oc-3e7"/>
      </symbol>
      <symbol id="sm-566">
         <name>__mspabi_slli_5</name>
         <value>0xa7e4</value>
         <object_component_ref idref="oc-3e7"/>
      </symbol>
      <symbol id="sm-567">
         <name>__mspabi_slli_4</name>
         <value>0xa7e6</value>
         <object_component_ref idref="oc-3e7"/>
      </symbol>
      <symbol id="sm-568">
         <name>__mspabi_slli_3</name>
         <value>0xa7e8</value>
         <object_component_ref idref="oc-3e7"/>
      </symbol>
      <symbol id="sm-569">
         <name>__mspabi_slli_2</name>
         <value>0xa7ea</value>
         <object_component_ref idref="oc-3e7"/>
      </symbol>
      <symbol id="sm-56a">
         <name>__mspabi_slli_1</name>
         <value>0xa7ec</value>
         <object_component_ref idref="oc-3e7"/>
      </symbol>
      <symbol id="sm-56b">
         <name>__mspabi_slli_15</name>
         <value>0xa7d0</value>
         <object_component_ref idref="oc-3e7"/>
      </symbol>
      <symbol id="sm-56c">
         <name>__mspabi_slli_14</name>
         <value>0xa7d2</value>
         <object_component_ref idref="oc-3e7"/>
      </symbol>
      <symbol id="sm-56d">
         <name>__mspabi_slli_13</name>
         <value>0xa7d4</value>
         <object_component_ref idref="oc-3e7"/>
      </symbol>
      <symbol id="sm-56e">
         <name>__mspabi_slli_12</name>
         <value>0xa7d6</value>
         <object_component_ref idref="oc-3e7"/>
      </symbol>
      <symbol id="sm-56f">
         <name>__mspabi_slli_11</name>
         <value>0xa7d8</value>
         <object_component_ref idref="oc-3e7"/>
      </symbol>
      <symbol id="sm-570">
         <name>__mspabi_slli_10</name>
         <value>0xa7da</value>
         <object_component_ref idref="oc-3e7"/>
      </symbol>
      <symbol id="sm-580">
         <name>__mspabi_slll_9</name>
         <value>0xa5b6</value>
         <object_component_ref idref="oc-2e7"/>
      </symbol>
      <symbol id="sm-581">
         <name>__mspabi_slll_8</name>
         <value>0xa5ba</value>
         <object_component_ref idref="oc-2e7"/>
      </symbol>
      <symbol id="sm-582">
         <name>__mspabi_slll_7</name>
         <value>0xa5be</value>
         <object_component_ref idref="oc-2e7"/>
      </symbol>
      <symbol id="sm-583">
         <name>__mspabi_slll_6</name>
         <value>0xa5c2</value>
         <object_component_ref idref="oc-2e7"/>
      </symbol>
      <symbol id="sm-584">
         <name>__mspabi_slll_5</name>
         <value>0xa5c6</value>
         <object_component_ref idref="oc-2e7"/>
      </symbol>
      <symbol id="sm-585">
         <name>__mspabi_slll_4</name>
         <value>0xa5ca</value>
         <object_component_ref idref="oc-2e7"/>
      </symbol>
      <symbol id="sm-586">
         <name>__mspabi_slll_3</name>
         <value>0xa5ce</value>
         <object_component_ref idref="oc-2e7"/>
      </symbol>
      <symbol id="sm-587">
         <name>__mspabi_slll_2</name>
         <value>0xa5d2</value>
         <object_component_ref idref="oc-2e7"/>
      </symbol>
      <symbol id="sm-588">
         <name>__mspabi_slll_1</name>
         <value>0xa5d6</value>
         <object_component_ref idref="oc-2e7"/>
      </symbol>
      <symbol id="sm-589">
         <name>__mspabi_slll</name>
         <value>0xaa30</value>
         <object_component_ref idref="oc-46f"/>
      </symbol>
      <symbol id="sm-58a">
         <name>__mspabi_slll_15</name>
         <value>0xa59e</value>
         <object_component_ref idref="oc-2e7"/>
      </symbol>
      <symbol id="sm-58b">
         <name>__mspabi_slll_14</name>
         <value>0xa5a2</value>
         <object_component_ref idref="oc-2e7"/>
      </symbol>
      <symbol id="sm-58c">
         <name>__mspabi_slll_13</name>
         <value>0xa5a6</value>
         <object_component_ref idref="oc-2e7"/>
      </symbol>
      <symbol id="sm-58d">
         <name>__mspabi_slll_12</name>
         <value>0xa5aa</value>
         <object_component_ref idref="oc-2e7"/>
      </symbol>
      <symbol id="sm-58e">
         <name>__mspabi_slll_11</name>
         <value>0xa5ae</value>
         <object_component_ref idref="oc-2e7"/>
      </symbol>
      <symbol id="sm-58f">
         <name>__mspabi_slll_10</name>
         <value>0xa5b2</value>
         <object_component_ref idref="oc-2e7"/>
      </symbol>
      <symbol id="sm-597">
         <name>__mspabi_srli_8</name>
         <value>0xa29a</value>
         <object_component_ref idref="oc-261"/>
      </symbol>
      <symbol id="sm-598">
         <name>__mspabi_srli_9</name>
         <value>0xa296</value>
         <object_component_ref idref="oc-261"/>
      </symbol>
      <symbol id="sm-599">
         <name>__mspabi_srli_6</name>
         <value>0xa2a2</value>
         <object_component_ref idref="oc-261"/>
      </symbol>
      <symbol id="sm-59a">
         <name>__mspabi_srli_7</name>
         <value>0xa29e</value>
         <object_component_ref idref="oc-261"/>
      </symbol>
      <symbol id="sm-59b">
         <name>__mspabi_srli_4</name>
         <value>0xa2aa</value>
         <object_component_ref idref="oc-261"/>
      </symbol>
      <symbol id="sm-59c">
         <name>__mspabi_srli_5</name>
         <value>0xa2a6</value>
         <object_component_ref idref="oc-261"/>
      </symbol>
      <symbol id="sm-59d">
         <name>__mspabi_srli_2</name>
         <value>0xa2b2</value>
         <object_component_ref idref="oc-261"/>
      </symbol>
      <symbol id="sm-59e">
         <name>__mspabi_srli_3</name>
         <value>0xa2ae</value>
         <object_component_ref idref="oc-261"/>
      </symbol>
      <symbol id="sm-59f">
         <name>__mspabi_srli_1</name>
         <value>0xa2b6</value>
         <object_component_ref idref="oc-261"/>
      </symbol>
      <symbol id="sm-5a0">
         <name>__mspabi_srli</name>
         <value>0xa270</value>
         <object_component_ref idref="oc-261"/>
      </symbol>
      <symbol id="sm-5a1">
         <name>__mspabi_srli_15</name>
         <value>0xa27e</value>
         <object_component_ref idref="oc-261"/>
      </symbol>
      <symbol id="sm-5a2">
         <name>__mspabi_srli_14</name>
         <value>0xa282</value>
         <object_component_ref idref="oc-261"/>
      </symbol>
      <symbol id="sm-5a3">
         <name>__mspabi_srli_13</name>
         <value>0xa286</value>
         <object_component_ref idref="oc-261"/>
      </symbol>
      <symbol id="sm-5a4">
         <name>__mspabi_srli_12</name>
         <value>0xa28a</value>
         <object_component_ref idref="oc-261"/>
      </symbol>
      <symbol id="sm-5a5">
         <name>__mspabi_srli_11</name>
         <value>0xa28e</value>
         <object_component_ref idref="oc-261"/>
      </symbol>
      <symbol id="sm-5a6">
         <name>__mspabi_srli_10</name>
         <value>0xa292</value>
         <object_component_ref idref="oc-261"/>
      </symbol>
      <symbol id="sm-5b6">
         <name>__mspabi_srll_8</name>
         <value>0x9fb6</value>
         <object_component_ref idref="oc-45e"/>
      </symbol>
      <symbol id="sm-5b7">
         <name>__mspabi_srll_9</name>
         <value>0x9fb0</value>
         <object_component_ref idref="oc-45e"/>
      </symbol>
      <symbol id="sm-5b8">
         <name>__mspabi_srll_6</name>
         <value>0x9fc2</value>
         <object_component_ref idref="oc-45e"/>
      </symbol>
      <symbol id="sm-5b9">
         <name>__mspabi_srll_7</name>
         <value>0x9fbc</value>
         <object_component_ref idref="oc-45e"/>
      </symbol>
      <symbol id="sm-5ba">
         <name>__mspabi_srll_4</name>
         <value>0x9fce</value>
         <object_component_ref idref="oc-45e"/>
      </symbol>
      <symbol id="sm-5bb">
         <name>__mspabi_srll_5</name>
         <value>0x9fc8</value>
         <object_component_ref idref="oc-45e"/>
      </symbol>
      <symbol id="sm-5bc">
         <name>__mspabi_srll_2</name>
         <value>0x9fda</value>
         <object_component_ref idref="oc-45e"/>
      </symbol>
      <symbol id="sm-5bd">
         <name>__mspabi_srll_3</name>
         <value>0x9fd4</value>
         <object_component_ref idref="oc-45e"/>
      </symbol>
      <symbol id="sm-5be">
         <name>__mspabi_srll_1</name>
         <value>0x9fe0</value>
         <object_component_ref idref="oc-45e"/>
      </symbol>
      <symbol id="sm-5bf">
         <name>__mspabi_srll_15</name>
         <value>0x9f8c</value>
         <object_component_ref idref="oc-45e"/>
      </symbol>
      <symbol id="sm-5c0">
         <name>__mspabi_srll_14</name>
         <value>0x9f92</value>
         <object_component_ref idref="oc-45e"/>
      </symbol>
      <symbol id="sm-5c1">
         <name>__mspabi_srll_13</name>
         <value>0x9f98</value>
         <object_component_ref idref="oc-45e"/>
      </symbol>
      <symbol id="sm-5c2">
         <name>__mspabi_srll_12</name>
         <value>0x9f9e</value>
         <object_component_ref idref="oc-45e"/>
      </symbol>
      <symbol id="sm-5c3">
         <name>__mspabi_srll_11</name>
         <value>0x9fa4</value>
         <object_component_ref idref="oc-45e"/>
      </symbol>
      <symbol id="sm-5c4">
         <name>__mspabi_srll_10</name>
         <value>0x9faa</value>
         <object_component_ref idref="oc-45e"/>
      </symbol>
      <symbol id="sm-5c5">
         <name>__mspabi_srll</name>
         <value>0xa9ec</value>
         <object_component_ref idref="oc-447"/>
      </symbol>
      <symbol id="sm-5d3">
         <name>memcpy</name>
         <value>0xa9fe</value>
         <object_component_ref idref="oc-80"/>
      </symbol>
      <symbol id="sm-5e1">
         <name>memset</name>
         <value>0xa9c6</value>
         <object_component_ref idref="oc-2a3"/>
      </symbol>
      <symbol id="sm-5ec">
         <name>_system_pre_init</name>
         <value>0xaab2</value>
         <object_component_ref idref="oc-67"/>
      </symbol>
      <symbol id="sm-604">
         <name>_auto_init</name>
         <value>0x9ed0</value>
         <object_component_ref idref="oc-6d"/>
      </symbol>
      <symbol id="sm-606">
         <name>__TI_exit</name>
         <value>0x1</value>
      </symbol>
      <symbol id="sm-607">
         <name>__TI_args_main</name>
         <value>0x1</value>
      </symbol>
      <symbol id="sm-608">
         <name>__TI_INITARRAY_Base</name>
         <value>0x0</value>
      </symbol>
      <symbol id="sm-609">
         <name>__TI_INITARRAY_Limit</name>
         <value>0x0</value>
      </symbol>
      <symbol id="sm-60c">
         <name>Trf797xCommunicationSetup</name>
         <value>0xa986</value>
      </symbol>
      <symbol id="sm-60d">
         <name>Trf797xDirectCommand</name>
         <value>0xa714</value>
      </symbol>
      <symbol id="sm-60e">
         <name>Trf797xRawWrite</name>
         <value>0xa7f0</value>
      </symbol>
      <symbol id="sm-60f">
         <name>Trf797xReConfig</name>
         <value>0xa740</value>
      </symbol>
      <symbol id="sm-610">
         <name>Trf797xReadCont</name>
         <value>0xa18c</value>
      </symbol>
      <symbol id="sm-611">
         <name>Trf797xReadSingle</name>
         <value>0xa1d8</value>
      </symbol>
      <symbol id="sm-612">
         <name>Trf797xWriteSingle</name>
         <value>0xa390</value>
      </symbol>
   </symbol_table>
   <title>Link successful</title>
</link_info>
