******************************************************************************
                  MSP430 Linker PC v4.3.3                      
******************************************************************************
>> Linked Tue Feb 17 16:49:02 2015

OUTPUT FILE NAME:   <MSP430G2553_TRF7970A_SDM_Mifare_lib.out>
ENTRY POINT SYMBOL: "_c_int00"  address: 0000a96c


MEMORY CONFIGURATION

         name            origin    length      used     unused   attr    fill
----------------------  --------  ---------  --------  --------  ----  --------
  SFR                   00000000   00000010  00000000  00000010  RWIX
  PERIPHERALS_8BIT      00000010   000000f0  00000000  000000f0  RWIX
  PERIPHERALS_16BIT     00000100   00000100  00000000  00000100  RWIX
  RAM                   00000200   00000800  000001cd  00000633  RWIX
  INFOD                 00001000   00000040  00000000  00000040  RWIX
  INFOC                 00001040   00000040  00000000  00000040  RWIX
  INFOB                 00001080   00000040  00000000  00000040  RWIX
  INFOA                 000010c0   00000040  00000000  00000040  RWIX
  FLASH                 00008000   00007fde  00002af8  000054e6  RWIX
  INT00                 0000ffe0   00000002  00000002  00000000  RWIX
  INT01                 0000ffe2   00000002  00000000  00000002  RWIX
  INT02                 0000ffe4   00000002  00000002  00000000  RWIX
  INT03                 0000ffe6   00000002  00000002  00000000  RWIX
  INT04                 0000ffe8   00000002  00000000  00000002  RWIX
  INT05                 0000ffea   00000002  00000000  00000002  RWIX
  INT06                 0000ffec   00000002  00000002  00000000  RWIX
  INT07                 0000ffee   00000002  00000002  00000000  RWIX
  INT08                 0000fff0   00000002  00000002  00000000  RWIX
  INT09                 0000fff2   00000002  00000002  00000000  RWIX
  INT10                 0000fff4   00000002  00000002  00000000  RWIX
  INT11                 0000fff6   00000002  00000002  00000000  RWIX
  INT12                 0000fff8   00000002  00000002  00000000  RWIX
  INT13                 0000fffa   00000002  00000002  00000000  RWIX
  INT14                 0000fffc   00000002  00000002  00000000  RWIX
  RESET                 0000fffe   00000002  00000002  00000000  RWIX


SECTION ALLOCATION MAP

 output                                  attributes/
section   page    origin      length       input sections
--------  ----  ----------  ----------   ----------------
.init_array 
*          0    00008000    00000000     UNINITIALIZED

.bss       0    00000200    0000010c     UNINITIALIZED
                  00000200    00000080     (.common:buf)
                  00000280    00000026     (.common:transceive_buffer)
                  000002a6    00000010     (.common:auth2_command)
                  000002b6    00000010     (.common:pui8BlockData)
                  000002c6    0000000e     (.common:cipher_state)
                  000002d4    0000000e     (.common:g_pui8CompleteUid)
                  000002e2    0000000a     (.common:auth1_response)
                  000002ec    0000000a     (.common:auth2_response)
                  000002f6    00000008     (.common:auth1_command)
                  000002fe    00000004     (.common:u8MFCAuth2Challenge)
                  00000302    00000002     (.common:g_sTrf797xStatus)
                  00000304    00000002     (.common:g_sTrfStatus)
                  00000306    00000002     (.common:pui8Command)
                  00000308    00000001     (.common:g_bRXErrorFlag)
                  00000309    00000001     (.common:g_s08RxTxState)
                  0000030a    00000001     (.common:g_ui8CollisionPosition)
                  0000030b    00000001     (.common:g_ui8FifoRxLength)

.TI.noinit 
*          0    00000200    00000000     UNINITIALIZED

.data      0    0000030c    0000000d     UNINITIALIZED
                  0000030c    00000006     nfc.obj (.data:g_pui8MFCkey)
                  00000312    00000002     crypto1_mifare.obj (.data)
                  00000314    00000002     trf797x.obj (.data)
                  00000316    00000001     directmode.obj (.data)
                  00000317    00000001     iso14443a.obj (.data)
                  00000318    00000001     nfc.obj (.data)

.TI.persistent 
*          0    0000030c    00000000     UNINITIALIZED

.stack     0    0000094c    000000b4     UNINITIALIZED
                  0000094c    00000002     rts430_eabi.lib : boot.obj (.stack)
                  0000094e    000000b2     --HOLE--

.text      0    00008000    00002aba     
                  00008000    000004ae     MifareCryptoLibrary.lib : crypto1_clean.obj (.text:prng_next)
                  000084ae    00000316     iso14443a.obj (.text:Iso14443aLoop)
                  000087c4    000002e8     MifareCryptoLibrary.lib : crypto1_clean.obj (.text:mf20)
                  00008aac    00000232     trf797x.obj (.text:Trf797xISR)
                  00008cde    000001e8     MifareCryptoLibrary.lib : crypto1_clean.obj (.text:mifare_update)
                  00008ec6    000001ca     crypto1_mifare.obj (.text:MifareAuth2)
                  00009090    000001be     MifareCryptoLibrary.lib : crypto1_clean.obj (.text:crypto1_clean_mutual_2_reader)
                  0000924e    0000014a     crypto1_mifare.obj (.text:MifareAuth1)
                  00009398    0000012c     MifareCryptoLibrary.lib : crypto1_clean.obj (.text:crypto1_clean_mutual_3_card)
                  000094c4    0000010e     crypto1_mifare.obj (.text:MifareTransceiveCommand)
                  000095d2    000000ce     directmode.obj (.text:Mifare_SDM_Transmit)
                  000096a0    000000bc     MifareCryptoLibrary.lib : crypto1_clean.obj (.text:crypto1_clean_init)
                  0000975c    000000b0     directmode.obj (.text:Mifare_DM1_Recieve)
                  0000980c    000000a6     MifareCryptoLibrary.lib : crypto1_clean.obj (.text:crypto1_clean_mutual_2_card)
                  000098b2    00000094     trf797x.obj (.text:Trf797xIrqWaitTimeout)
                  00009946    0000008c     iso14443a.obj (.text:Iso14443aSelectCommand)
                  000099d2    00000088     crypto1_mifare.obj (.text:MifareSetKeyCommand)
                  00009a5a    00000088     trf797x.obj (.text:Trf797xWriteInitiatorSetup)
                  00009ae2    00000086     main.obj (.text:main)
                  00009b68    00000082     MifareCryptoLibrary.lib : crypto1_clean.obj (.text:crypto1_clean_transcrypt_bits)
                  00009bea    0000007a     iso14443a.obj (.text:Iso14443aAnticollision)
                  00009c64    00000078     directmode.obj (.text:Mifare_SDM_config)
                  00009cdc    0000006c     MifareCryptoLibrary.lib : crypto1_clean.obj (.text:crypto1_clean_mutual_3_reader)
                  00009d48    00000064     directmode.obj (.text:CalculateParity)
                  00009dac    00000064     directmode.obj (.text:CheckParity)
                  00009e10    00000062     RFid_functions.obj (.text:RFID_AuthenticateA)
                  00009e72    0000005e     rts430_eabi.lib : copy_decompress_rle.obj (.text:__TI_decompress_rle_core)
                  00009ed0    0000005e                     : autoinit.obj (.text:_auto_init)
                  00009f2e    0000005e     MifareCryptoLibrary.lib : crypto1_clean.obj (.text:mifare_update_word)
                  00009f8c    0000005c     rts430_eabi.lib : lsr32.obj (.text:l_lsr_const)
                  00009fe8    0000005a     trf797x.obj (.text:Msp430g2xx3TimerAHandler)
                  0000a042    00000058     trf797x.obj (.text:Trf797xPortB)
                  0000a09a    00000054     nfc.obj (.text:Nfc_runMFCAuth)
                  0000a0ee    00000050     directmode.obj (.text:DirectModeTransceive)
                  0000a13e    0000004e     RFid_functions.obj (.text:RFID_ReadBlock)
                  0000a18c    0000004c     spi.obj (.text:SpiReadCont)
                  0000a1d8    0000004c     spi.obj (.text:SpiReadSingle)
                  0000a224    0000004c     trf797x.obj (.text:Trf797xIrqWaitTimeoutTxOnly)
                  0000a270    0000004c     rts430_eabi.lib : lsr16.obj (.text)
                  0000a2bc    00000048     directmode.obj (.text:Mifare_DM1_Exit)
                  0000a304    00000046     directmode.obj (.text:CheckCRC)
                  0000a34a    00000046     directmode.obj (.text:Mifare_DM1_Enter)
                  0000a390    00000044     spi.obj (.text:SpiWriteSingle)
                  0000a3d4    00000044     rts430_eabi.lib : llmath.obj (.text:__mspabi_srlll)
                  0000a418    00000044     directmode.obj (.text:calculate_crc)
                  0000a45c    00000042     rts430_eabi.lib : llmath.obj (.text:__mspabi_sllll)
                  0000a49e    00000042     MifareCryptoLibrary.lib : crypto1_clean.obj (.text:mifare_update_byte)
                  0000a4e0    00000040     directmode.obj (.text:Mifare_SDM_Enter)
                  0000a520    00000040     trf797x.obj (.text:Trf797xInitialSettings)
                  0000a560    0000003e     directmode.obj (.text:CalculateCRC)
                  0000a59e    0000003e     rts430_eabi.lib : lsl32.obj (.text:l_lsl_const)
                  0000a5dc    0000003c     iso14443a.obj (.text:Iso14443aHalt)
                  0000a618    0000003a     iso14443a.obj (.text:Iso14443aPollingCommand)
                  0000a652    00000032     MifareCryptoLibrary.lib : crypto1.obj (.text:crypto1_init)
                  0000a684    00000032                             : crypto1.obj (.text:crypto1_new)
                  0000a6b6    00000030     mcu.obj (.text:McuOscSel)
                  0000a6e6    0000002e     trf797x.obj (.text:Trf797xTurnRfOn)
                  0000a714    0000002c     spi.obj (.text:SpiDirectCommand)
                  0000a740    0000002c     spi.obj (.text:SpiUsciExtClkSet)
                  0000a76c    0000002c     spi.obj (.text:SpiUsciSet)
                  0000a798    0000002c     rts430_eabi.lib : asr16.obj (.text)
                  0000a7c4    0000002c                     : lsl16.obj (.text)
                  0000a7f0    0000002a     spi.obj (.text:SpiRawWrite)
                  0000a81a    00000024     trf797x.obj (.text:Trf797xTurnRfOff)
                  0000a83e    00000022     mcu.obj (.text:McuDelayMillisecond)
                  0000a860    00000022     MifareCryptoLibrary.lib : crypto1_clean.obj (.text:crypto1_clean_mutual_1)
                  0000a882    00000020     trf797x.obj (.text:Trf797x_timeout_ms)
                  0000a8a2    00000020     MifareCryptoLibrary.lib : crypto1.obj (.text:crypto1_mutual_2)
                  0000a8c2    00000020                             : crypto1.obj (.text:crypto1_mutual_3)
                  0000a8e2    0000001e     directmode.obj (.text:Mifare_SDM_Exit)
                  0000a900    0000001c     nfc.obj (.text:Nfc_setMFCKey)
                  0000a91c    0000001c     MifareCryptoLibrary.lib : crypto1.obj (.text:crypto1_mutual_1)
                  0000a938    0000001a     mcu.obj (.text:McuCounterSet)
                  0000a952    0000001a     trf797x.obj (.text:Trf797xResetIrqStatus)
                  0000a96c    0000001a     rts430_eabi.lib : boot.obj (.text:_c_int00_noexit)
                  0000a986    00000018     spi.obj (.text:SpiSetup)
                  0000a99e    00000014     crypto1_mifare.obj (.text:MifareResetCipher)
                  0000a9b2    00000014     rts430_eabi.lib : copy_zero_init.obj (.text:decompress:ZI:__TI_zero_init)
                  0000a9c6    00000014                     : memset.obj (.text:memset)
                  0000a9da    00000012                     : copy_decompress_none.obj (.text:decompress:none:__TI_decompress_none)
                  0000a9ec    00000012                     : lsr32.obj (.text:l_lsr)
                  0000a9fe    00000012                     : memcpy.obj (.text:memcpy)
                  0000aa10    00000010     trf797x.obj (.text:Trf797xReset)
                  0000aa20    00000010     trf797x.obj (.text:Trf797xStopDecoders)
                  0000aa30    00000010     rts430_eabi.lib : lsl32.obj (.text:l_lsl)
                  0000aa40    00000010                     : epilog.obj (.text)
                  0000aa50    0000000e     trf797x.obj (.text:Trf797xReadIrqStatus)
                  0000aa5e    0000000c     MifareCryptoLibrary.lib : crypto1.obj (.text:crypto1_transcrypt_bits)
                  0000aa6a    0000000a                             : crypto1_clean.obj (.text:_crypto1_new_clean)
                  0000aa74    00000008                             : crypto1.obj (.text:crypto1_transcrypt)
                  0000aa7c    00000006     trf797x.obj (.text:Trf797xGetCollisionPosition)
                  0000aa82    00000006     trf797x.obj (.text:Trf797xGetRxErrorFlag)
                  0000aa88    00000006     trf797x.obj (.text:Trf797xGetTrfStatus)
                  0000aa8e    00000006     trf797x.obj (.text:Trf797xSetCollisionPosition)
                  0000aa94    00000006     trf797x.obj (.text:Trf797xSetRxErrorFlag)
                  0000aa9a    00000006     trf797x.obj (.text:Trf797xSetRxTxState)
                  0000aaa0    00000006     trf797x.obj (.text:Trf797xSetTrfStatus)
                  0000aaa6    00000006     rts430_eabi.lib : isr_trap.obj (.text:__TI_ISR_TRAP)
                  0000aaac    00000006                     : copy_decompress_rle.obj (.text:decompress:rle24:__TI_decompress_rle24)
                  0000aab2    00000004                     : pre_init.obj (.text:_system_pre_init)
                  0000aab6    00000004                     : exit.obj (.text:abort)

.const     0    0000aaba    00000022     
                  0000aaba    0000001a     MifareCryptoLibrary.lib : crypto1_clean.obj (.const)
                  0000aad4    00000006     main.obj (.const:.string:u8DefaultKey)
                  0000aada    00000002     crypto1_mifare.obj (.const)

.cinit     0    0000aadc    0000001c     
                  0000aadc    00000009     (.cinit..data.load) [load image, compression = rle]
                  0000aae5    00000001     --HOLE-- [fill = 0]
                  0000aae6    00000006     (__TI_handler_table)
                  0000aaec    00000004     (.cinit..bss.load) [load image, compression = zero_init]
                  0000aaf0    00000008     (__TI_cinit_table)

TRAPINT    0    0000ffe0    00000002     
                  0000ffe0    00000002     rts430_eabi.lib : int00.obj (.int00)

PORT1      0    0000ffe4    00000002     
                  0000ffe4    00000002     rts430_eabi.lib : int02.obj (.int02)

PORT2      0    0000ffe6    00000002     
                  0000ffe6    00000002     trf797x.obj (.int03)

USCIAB0TX 
*          0    0000ffec    00000002     
                  0000ffec    00000002     rts430_eabi.lib : int06.obj (.int06)

USCIAB0RX 
*          0    0000ffee    00000002     
                  0000ffee    00000002     rts430_eabi.lib : int07.obj (.int07)

TIMERA1    0    0000fff0    00000002     
                  0000fff0    00000002     rts430_eabi.lib : int08.obj (.int08)

TIMERA0    0    0000fff2    00000002     
                  0000fff2    00000002     trf797x.obj (.int09)

WDT        0    0000fff4    00000002     
                  0000fff4    00000002     rts430_eabi.lib : int10.obj (.int10)

COMPARATORA 
*          0    0000fff6    00000002     
                  0000fff6    00000002     rts430_eabi.lib : int11.obj (.int11)

TIMERB1    0    0000fff8    00000002     
                  0000fff8    00000002     rts430_eabi.lib : int12.obj (.int12)

TIMERB0    0    0000fffa    00000002     
                  0000fffa    00000002     rts430_eabi.lib : int13.obj (.int13)

NMI        0    0000fffc    00000002     
                  0000fffc    00000002     rts430_eabi.lib : int14.obj (.int14)

.reset     0    0000fffe    00000002     
                  0000fffe    00000002     rts430_eabi.lib : boot.obj (.reset)


LINKER GENERATED COPY TABLES

__TI_cinit_table @ 0000aaf0 records: 2, size/record: 4, table size: 8
	.data: load addr=0000aadc, load size=00000009 bytes, run addr=0000030c, run size=0000000d bytes, compression=rle
	.bss: load addr=0000aaec, load size=00000004 bytes, run addr=00000200, run size=0000010c bytes, compression=zero_init


LINKER GENERATED HANDLER TABLE

__TI_handler_table @ 0000aae6 records: 3, size/record: 2, table size: 6
	index: 0, handler: __TI_zero_init
	index: 1, handler: __TI_decompress_rle24
	index: 2, handler: __TI_decompress_none


GLOBAL SYMBOLS: SORTED ALPHABETICALLY BY Name 

address    name
--------   ----
00000057   BCSCTL1
00000058   BCSCTL2
00000053   BCSCTL3
0000aab6   C$$EXIT
00000059   CACTL1
0000005a   CACTL2
000010fb   CALBC1_12MHZ
000010f9   CALBC1_16MHZ
000010ff   CALBC1_1MHZ
000010fd   CALBC1_8MHZ
000010fa   CALDCO_12MHZ
000010f8   CALDCO_16MHZ
000010fe   CALDCO_1MHZ
000010fc   CALDCO_8MHZ
0000005b   CAPD
0000a560   CalculateCRC
00009d48   CalculateParity
0000a304   CheckCRC
00009dac   CheckParity
00000056   DCOCTL
0000a0ee   DirectModeTransceive
00000128   FCTL1
0000012a   FCTL2
0000012c   FCTL3
00000000   IE1
00000001   IE2
00000002   IFG1
00000003   IFG2
00009bea   Iso14443aAnticollision
0000a5dc   Iso14443aHalt
000084ae   Iso14443aLoop
0000a618   Iso14443aPollingCommand
00009946   Iso14443aSelectCommand
00000134   MAC
00000136   MACS
00000130   MPY
00000132   MPYS
0000a938   McuCounterSet
0000a83e   McuDelayMillisecond
0000a6b6   McuOscSel
0000924e   MifareAuth1
00008ec6   MifareAuth2
0000a99e   MifareResetCipher
000099d2   MifareSetKeyCommand
000094c4   MifareTransceiveCommand
0000a34a   Mifare_DM1_Enter
0000a2bc   Mifare_DM1_Exit
0000975c   Mifare_DM1_Recieve
0000a4e0   Mifare_SDM_Enter
0000a8e2   Mifare_SDM_Exit
000095d2   Mifare_SDM_Transmit
00009c64   Mifare_SDM_config
00009fe8   Msp430g2xx3TimerAHandler
0000a09a   Nfc_runMFCAuth
0000a900   Nfc_setMFCKey
00000138   OP2
00000022   P1DIR
00000025   P1IE
00000024   P1IES
00000023   P1IFG
00000020   P1IN
00000021   P1OUT
00000027   P1REN
00000026   P1SEL
0000002a   P2DIR
0000002d   P2IE
0000002c   P2IES
0000002b   P2IFG
00000028   P2IN
00000029   P2OUT
0000002f   P2REN
0000002e   P2SEL
0000001a   P3DIR
00000018   P3IN
00000019   P3OUT
00000010   P3REN
0000001b   P3SEL
0000001e   P4DIR
0000001c   P4IN
0000001d   P4OUT
00000011   P4REN
0000001f   P4SEL
0000013c   RESHI
0000013a   RESLO
00009e10   RFID_AuthenticateA
0000a13e   RFID_ReadBlock
0000013e   SUMEXT
0000a714   SpiDirectCommand
0000a7f0   SpiRawWrite
0000a18c   SpiReadCont
0000a1d8   SpiReadSingle
0000a986   SpiSetup
0000a740   SpiUsciExtClkSet
0000a76c   SpiUsciSet
0000a390   SpiWriteSingle
00000172   TACCR0
00000174   TACCR1
00000176   TACCR2
00000162   TACCTL0
00000164   TACCTL1
00000166   TACCTL2
00000160   TACTL
0000012e   TAIV
00000170   TAR
00000192   TBCCR0
00000194   TBCCR1
00000196   TBCCR2
00000182   TBCCTL0
00000184   TBCCTL1
00000186   TBCCTL2
00000180   TBCTL
0000011e   TBIV
00000190   TBR
0000a986   Trf797xCommunicationSetup
0000a714   Trf797xDirectCommand
0000aa7c   Trf797xGetCollisionPosition
0000aa82   Trf797xGetRxErrorFlag
0000aa88   Trf797xGetTrfStatus
00008aac   Trf797xISR
0000a520   Trf797xInitialSettings
000098b2   Trf797xIrqWaitTimeout
0000a224   Trf797xIrqWaitTimeoutTxOnly
0000a042   Trf797xPortB
0000a7f0   Trf797xRawWrite
0000a740   Trf797xReConfig
0000a18c   Trf797xReadCont
0000aa50   Trf797xReadIrqStatus
0000a1d8   Trf797xReadSingle
0000aa10   Trf797xReset
0000a952   Trf797xResetIrqStatus
0000aa8e   Trf797xSetCollisionPosition
0000aa94   Trf797xSetRxErrorFlag
0000aa9a   Trf797xSetRxTxState
0000aaa0   Trf797xSetTrfStatus
0000aa20   Trf797xStopDecoders
0000a81a   Trf797xTurnRfOff
0000a6e6   Trf797xTurnRfOn
00009a5a   Trf797xWriteInitiatorSetup
0000a390   Trf797xWriteSingle
0000a882   Trf797x_timeout_ms
0000005d   UCA0ABCTL
00000062   UCA0BR0
00000063   UCA0BR1
00000060   UCA0CTL0
00000061   UCA0CTL1
0000005f   UCA0IRRCTL
0000005e   UCA0IRTCTL
00000064   UCA0MCTL
00000066   UCA0RXBUF
00000065   UCA0STAT
00000067   UCA0TXBUF
0000006a   UCB0BR0
0000006b   UCB0BR1
00000068   UCB0CTL0
00000069   UCB0CTL1
0000006c   UCB0I2CIE
00000118   UCB0I2COA
0000011a   UCB0I2CSA
0000006e   UCB0RXBUF
0000006d   UCB0STAT
0000006f   UCB0TXBUF
00000120   WDTCTL
00000a00   __STACK_END
000000b4   __STACK_SIZE
0000aaf0   __TI_CINIT_Base
0000aaf8   __TI_CINIT_Limit
0000aae6   __TI_Handler_Table_Base
0000aaec   __TI_Handler_Table_Limit
UNDEFED    __TI_INITARRAY_Base
UNDEFED    __TI_INITARRAY_Limit
0000aaa6   __TI_ISR_TRAP
00000001   __TI_args_main
0000a9da   __TI_decompress_none
0000aaac   __TI_decompress_rle24
00000001   __TI_exit
0000ffe0   __TI_int00
0000ffe4   __TI_int02
0000ffe6   __TI_int03
0000ffec   __TI_int06
0000ffee   __TI_int07
0000fff0   __TI_int08
0000fff2   __TI_int09
0000fff4   __TI_int10
0000fff6   __TI_int11
0000fff8   __TI_int12
0000fffa   __TI_int13
0000fffc   __TI_int14
0000a9b2   __TI_zero_init
ffffffff   __binit__
ffffffff   __c_args__
0000aa4c   __mspabi_func_epilog_1
0000aa4a   __mspabi_func_epilog_2
0000aa48   __mspabi_func_epilog_3
0000aa46   __mspabi_func_epilog_4
0000aa44   __mspabi_func_epilog_5
0000aa42   __mspabi_func_epilog_6
0000aa40   __mspabi_func_epilog_7
0000a7c4   __mspabi_slli
0000a7ec   __mspabi_slli_1
0000a7da   __mspabi_slli_10
0000a7d8   __mspabi_slli_11
0000a7d6   __mspabi_slli_12
0000a7d4   __mspabi_slli_13
0000a7d2   __mspabi_slli_14
0000a7d0   __mspabi_slli_15
0000a7ea   __mspabi_slli_2
0000a7e8   __mspabi_slli_3
0000a7e6   __mspabi_slli_4
0000a7e4   __mspabi_slli_5
0000a7e2   __mspabi_slli_6
0000a7e0   __mspabi_slli_7
0000a7de   __mspabi_slli_8
0000a7dc   __mspabi_slli_9
0000aa30   __mspabi_slll
0000a5d6   __mspabi_slll_1
0000a5b2   __mspabi_slll_10
0000a5ae   __mspabi_slll_11
0000a5aa   __mspabi_slll_12
0000a5a6   __mspabi_slll_13
0000a5a2   __mspabi_slll_14
0000a59e   __mspabi_slll_15
0000a5d2   __mspabi_slll_2
0000a5ce   __mspabi_slll_3
0000a5ca   __mspabi_slll_4
0000a5c6   __mspabi_slll_5
0000a5c2   __mspabi_slll_6
0000a5be   __mspabi_slll_7
0000a5ba   __mspabi_slll_8
0000a5b6   __mspabi_slll_9
0000a45c   __mspabi_sllll
0000a798   __mspabi_srai
0000a7c0   __mspabi_srai_1
0000a7ae   __mspabi_srai_10
0000a7ac   __mspabi_srai_11
0000a7aa   __mspabi_srai_12
0000a7a8   __mspabi_srai_13
0000a7a6   __mspabi_srai_14
0000a7a4   __mspabi_srai_15
0000a7be   __mspabi_srai_2
0000a7bc   __mspabi_srai_3
0000a7ba   __mspabi_srai_4
0000a7b8   __mspabi_srai_5
0000a7b6   __mspabi_srai_6
0000a7b4   __mspabi_srai_7
0000a7b2   __mspabi_srai_8
0000a7b0   __mspabi_srai_9
0000a270   __mspabi_srli
0000a2b6   __mspabi_srli_1
0000a292   __mspabi_srli_10
0000a28e   __mspabi_srli_11
0000a28a   __mspabi_srli_12
0000a286   __mspabi_srli_13
0000a282   __mspabi_srli_14
0000a27e   __mspabi_srli_15
0000a2b2   __mspabi_srli_2
0000a2ae   __mspabi_srli_3
0000a2aa   __mspabi_srli_4
0000a2a6   __mspabi_srli_5
0000a2a2   __mspabi_srli_6
0000a29e   __mspabi_srli_7
0000a29a   __mspabi_srli_8
0000a296   __mspabi_srli_9
0000a9ec   __mspabi_srll
00009fe0   __mspabi_srll_1
00009faa   __mspabi_srll_10
00009fa4   __mspabi_srll_11
00009f9e   __mspabi_srll_12
00009f98   __mspabi_srll_13
00009f92   __mspabi_srll_14
00009f8c   __mspabi_srll_15
00009fda   __mspabi_srll_2
00009fd4   __mspabi_srll_3
00009fce   __mspabi_srll_4
00009fc8   __mspabi_srll_5
00009fc2   __mspabi_srll_6
00009fbc   __mspabi_srll_7
00009fb6   __mspabi_srll_8
00009fb0   __mspabi_srll_9
0000a3d4   __mspabi_srlll
00009ed0   _auto_init
0000a96c   _c_int00
0000a96c   _c_int00_noexit
0000aa6a   _crypto1_new_clean
0000fffe   _reset_vector
0000094c   _stack
0000aab2   _system_pre_init
0000aab6   abort
ffffffff   binit
00000200   buf
0000a652   crypto1_init
0000a91c   crypto1_mutual_1
0000a8a2   crypto1_mutual_2
0000a8c2   crypto1_mutual_3
0000a684   crypto1_new
0000aa74   crypto1_transcrypt
0000aa5e   crypto1_transcrypt_bits
000002d4   g_pui8CompleteUid
00000316   g_ui8DirectMode
00000315   g_ui8TimeoutFlag
00000317   g_ui8UidPos
00009ae2   main
0000a9fe   memcpy
0000a9c6   memset
0000aaba   mf2_f4a
0000aabe   mf2_f4b
0000aac2   mf2_f5c
000002b6   pui8BlockData
000002fe   u8MFCAuth2Challenge


GLOBAL SYMBOLS: SORTED BY Symbol Address 

address    name
--------   ----
00000000   IE1
00000001   IE2
00000001   __TI_args_main
00000001   __TI_exit
00000002   IFG1
00000003   IFG2
00000010   P3REN
00000011   P4REN
00000018   P3IN
00000019   P3OUT
0000001a   P3DIR
0000001b   P3SEL
0000001c   P4IN
0000001d   P4OUT
0000001e   P4DIR
0000001f   P4SEL
00000020   P1IN
00000021   P1OUT
00000022   P1DIR
00000023   P1IFG
00000024   P1IES
00000025   P1IE
00000026   P1SEL
00000027   P1REN
00000028   P2IN
00000029   P2OUT
0000002a   P2DIR
0000002b   P2IFG
0000002c   P2IES
0000002d   P2IE
0000002e   P2SEL
0000002f   P2REN
00000053   BCSCTL3
00000056   DCOCTL
00000057   BCSCTL1
00000058   BCSCTL2
00000059   CACTL1
0000005a   CACTL2
0000005b   CAPD
0000005d   UCA0ABCTL
0000005e   UCA0IRTCTL
0000005f   UCA0IRRCTL
00000060   UCA0CTL0
00000061   UCA0CTL1
00000062   UCA0BR0
00000063   UCA0BR1
00000064   UCA0MCTL
00000065   UCA0STAT
00000066   UCA0RXBUF
00000067   UCA0TXBUF
00000068   UCB0CTL0
00000069   UCB0CTL1
0000006a   UCB0BR0
0000006b   UCB0BR1
0000006c   UCB0I2CIE
0000006d   UCB0STAT
0000006e   UCB0RXBUF
0000006f   UCB0TXBUF
000000b4   __STACK_SIZE
00000118   UCB0I2COA
0000011a   UCB0I2CSA
0000011e   TBIV
00000120   WDTCTL
00000128   FCTL1
0000012a   FCTL2
0000012c   FCTL3
0000012e   TAIV
00000130   MPY
00000132   MPYS
00000134   MAC
00000136   MACS
00000138   OP2
0000013a   RESLO
0000013c   RESHI
0000013e   SUMEXT
00000160   TACTL
00000162   TACCTL0
00000164   TACCTL1
00000166   TACCTL2
00000170   TAR
00000172   TACCR0
00000174   TACCR1
00000176   TACCR2
00000180   TBCTL
00000182   TBCCTL0
00000184   TBCCTL1
00000186   TBCCTL2
00000190   TBR
00000192   TBCCR0
00000194   TBCCR1
00000196   TBCCR2
00000200   buf
000002b6   pui8BlockData
000002d4   g_pui8CompleteUid
000002fe   u8MFCAuth2Challenge
00000315   g_ui8TimeoutFlag
00000316   g_ui8DirectMode
00000317   g_ui8UidPos
0000094c   _stack
00000a00   __STACK_END
000010f8   CALDCO_16MHZ
000010f9   CALBC1_16MHZ
000010fa   CALDCO_12MHZ
000010fb   CALBC1_12MHZ
000010fc   CALDCO_8MHZ
000010fd   CALBC1_8MHZ
000010fe   CALDCO_1MHZ
000010ff   CALBC1_1MHZ
000084ae   Iso14443aLoop
00008aac   Trf797xISR
00008ec6   MifareAuth2
0000924e   MifareAuth1
000094c4   MifareTransceiveCommand
000095d2   Mifare_SDM_Transmit
0000975c   Mifare_DM1_Recieve
000098b2   Trf797xIrqWaitTimeout
00009946   Iso14443aSelectCommand
000099d2   MifareSetKeyCommand
00009a5a   Trf797xWriteInitiatorSetup
00009ae2   main
00009bea   Iso14443aAnticollision
00009c64   Mifare_SDM_config
00009d48   CalculateParity
00009dac   CheckParity
00009e10   RFID_AuthenticateA
00009ed0   _auto_init
00009f8c   __mspabi_srll_15
00009f92   __mspabi_srll_14
00009f98   __mspabi_srll_13
00009f9e   __mspabi_srll_12
00009fa4   __mspabi_srll_11
00009faa   __mspabi_srll_10
00009fb0   __mspabi_srll_9
00009fb6   __mspabi_srll_8
00009fbc   __mspabi_srll_7
00009fc2   __mspabi_srll_6
00009fc8   __mspabi_srll_5
00009fce   __mspabi_srll_4
00009fd4   __mspabi_srll_3
00009fda   __mspabi_srll_2
00009fe0   __mspabi_srll_1
00009fe8   Msp430g2xx3TimerAHandler
0000a042   Trf797xPortB
0000a09a   Nfc_runMFCAuth
0000a0ee   DirectModeTransceive
0000a13e   RFID_ReadBlock
0000a18c   SpiReadCont
0000a18c   Trf797xReadCont
0000a1d8   SpiReadSingle
0000a1d8   Trf797xReadSingle
0000a224   Trf797xIrqWaitTimeoutTxOnly
0000a270   __mspabi_srli
0000a27e   __mspabi_srli_15
0000a282   __mspabi_srli_14
0000a286   __mspabi_srli_13
0000a28a   __mspabi_srli_12
0000a28e   __mspabi_srli_11
0000a292   __mspabi_srli_10
0000a296   __mspabi_srli_9
0000a29a   __mspabi_srli_8
0000a29e   __mspabi_srli_7
0000a2a2   __mspabi_srli_6
0000a2a6   __mspabi_srli_5
0000a2aa   __mspabi_srli_4
0000a2ae   __mspabi_srli_3
0000a2b2   __mspabi_srli_2
0000a2b6   __mspabi_srli_1
0000a2bc   Mifare_DM1_Exit
0000a304   CheckCRC
0000a34a   Mifare_DM1_Enter
0000a390   SpiWriteSingle
0000a390   Trf797xWriteSingle
0000a3d4   __mspabi_srlll
0000a45c   __mspabi_sllll
0000a4e0   Mifare_SDM_Enter
0000a520   Trf797xInitialSettings
0000a560   CalculateCRC
0000a59e   __mspabi_slll_15
0000a5a2   __mspabi_slll_14
0000a5a6   __mspabi_slll_13
0000a5aa   __mspabi_slll_12
0000a5ae   __mspabi_slll_11
0000a5b2   __mspabi_slll_10
0000a5b6   __mspabi_slll_9
0000a5ba   __mspabi_slll_8
0000a5be   __mspabi_slll_7
0000a5c2   __mspabi_slll_6
0000a5c6   __mspabi_slll_5
0000a5ca   __mspabi_slll_4
0000a5ce   __mspabi_slll_3
0000a5d2   __mspabi_slll_2
0000a5d6   __mspabi_slll_1
0000a5dc   Iso14443aHalt
0000a618   Iso14443aPollingCommand
0000a652   crypto1_init
0000a684   crypto1_new
0000a6b6   McuOscSel
0000a6e6   Trf797xTurnRfOn
0000a714   SpiDirectCommand
0000a714   Trf797xDirectCommand
0000a740   SpiUsciExtClkSet
0000a740   Trf797xReConfig
0000a76c   SpiUsciSet
0000a798   __mspabi_srai
0000a7a4   __mspabi_srai_15
0000a7a6   __mspabi_srai_14
0000a7a8   __mspabi_srai_13
0000a7aa   __mspabi_srai_12
0000a7ac   __mspabi_srai_11
0000a7ae   __mspabi_srai_10
0000a7b0   __mspabi_srai_9
0000a7b2   __mspabi_srai_8
0000a7b4   __mspabi_srai_7
0000a7b6   __mspabi_srai_6
0000a7b8   __mspabi_srai_5
0000a7ba   __mspabi_srai_4
0000a7bc   __mspabi_srai_3
0000a7be   __mspabi_srai_2
0000a7c0   __mspabi_srai_1
0000a7c4   __mspabi_slli
0000a7d0   __mspabi_slli_15
0000a7d2   __mspabi_slli_14
0000a7d4   __mspabi_slli_13
0000a7d6   __mspabi_slli_12
0000a7d8   __mspabi_slli_11
0000a7da   __mspabi_slli_10
0000a7dc   __mspabi_slli_9
0000a7de   __mspabi_slli_8
0000a7e0   __mspabi_slli_7
0000a7e2   __mspabi_slli_6
0000a7e4   __mspabi_slli_5
0000a7e6   __mspabi_slli_4
0000a7e8   __mspabi_slli_3
0000a7ea   __mspabi_slli_2
0000a7ec   __mspabi_slli_1
0000a7f0   SpiRawWrite
0000a7f0   Trf797xRawWrite
0000a81a   Trf797xTurnRfOff
0000a83e   McuDelayMillisecond
0000a882   Trf797x_timeout_ms
0000a8a2   crypto1_mutual_2
0000a8c2   crypto1_mutual_3
0000a8e2   Mifare_SDM_Exit
0000a900   Nfc_setMFCKey
0000a91c   crypto1_mutual_1
0000a938   McuCounterSet
0000a952   Trf797xResetIrqStatus
0000a96c   _c_int00
0000a96c   _c_int00_noexit
0000a986   SpiSetup
0000a986   Trf797xCommunicationSetup
0000a99e   MifareResetCipher
0000a9b2   __TI_zero_init
0000a9c6   memset
0000a9da   __TI_decompress_none
0000a9ec   __mspabi_srll
0000a9fe   memcpy
0000aa10   Trf797xReset
0000aa20   Trf797xStopDecoders
0000aa30   __mspabi_slll
0000aa40   __mspabi_func_epilog_7
0000aa42   __mspabi_func_epilog_6
0000aa44   __mspabi_func_epilog_5
0000aa46   __mspabi_func_epilog_4
0000aa48   __mspabi_func_epilog_3
0000aa4a   __mspabi_func_epilog_2
0000aa4c   __mspabi_func_epilog_1
0000aa50   Trf797xReadIrqStatus
0000aa5e   crypto1_transcrypt_bits
0000aa6a   _crypto1_new_clean
0000aa74   crypto1_transcrypt
0000aa7c   Trf797xGetCollisionPosition
0000aa82   Trf797xGetRxErrorFlag
0000aa88   Trf797xGetTrfStatus
0000aa8e   Trf797xSetCollisionPosition
0000aa94   Trf797xSetRxErrorFlag
0000aa9a   Trf797xSetRxTxState
0000aaa0   Trf797xSetTrfStatus
0000aaa6   __TI_ISR_TRAP
0000aaac   __TI_decompress_rle24
0000aab2   _system_pre_init
0000aab6   C$$EXIT
0000aab6   abort
0000aaba   mf2_f4a
0000aabe   mf2_f4b
0000aac2   mf2_f5c
0000aae6   __TI_Handler_Table_Base
0000aaec   __TI_Handler_Table_Limit
0000aaf0   __TI_CINIT_Base
0000aaf8   __TI_CINIT_Limit
0000ffe0   __TI_int00
0000ffe4   __TI_int02
0000ffe6   __TI_int03
0000ffec   __TI_int06
0000ffee   __TI_int07
0000fff0   __TI_int08
0000fff2   __TI_int09
0000fff4   __TI_int10
0000fff6   __TI_int11
0000fff8   __TI_int12
0000fffa   __TI_int13
0000fffc   __TI_int14
0000fffe   _reset_vector
ffffffff   __binit__
ffffffff   __c_args__
ffffffff   binit
UNDEFED    __TI_INITARRAY_Base
UNDEFED    __TI_INITARRAY_Limit

[308 symbols]
